[2026-10-06 17:13:22]	[CDH] shell attached 
[2026-10-06 17:13:24]	[CDH] shell query complete 
[2026-10-06 17:13:24]	[CDH] shell found CDH-AM-Ant155.Civ7Save turn 155 age AGE_ANTIQUITY missingMods=0 unowned=0 
[2026-10-06 17:13:24]	[CDH] shell handleLoadSave returned true 
[2026-10-06 17:13:44]	[CDH] attached dangle-landmine 
[2026-10-06 17:13:50]	[CDH] LOAD GameStarted 
[2026-10-06 17:13:58]	[CDH] DANGLE start mode=landmine turn=155 age=AGE_ANTIQUITY countdown=true cur=155 max=160 
[2026-10-06 17:13:58]	[CDH] CLEAR round 1: dangling=21 
[2026-10-06 17:13:58]	[CDH] CLEAR no buyer for 84,29 owner=0 
[2026-10-06 17:13:58]	[CDH] CLEAR no buyer for 84,30 owner=0 
[2026-10-06 17:13:58]	[CDH] CLEAR no buyer for 92,36 owner=0 
[2026-10-06 17:13:58]	[CDH] CLEAR no buyer for 88,37 owner=0 
[2026-10-06 17:14:04]	[CDH] CLEAR round 2: dangling=4 
[2026-10-06 17:14:04]	[CDH] CLEAR no buyer for 84,29 owner=0 
[2026-10-06 17:14:10]	[CDH] CLEAR round 3: dangling=2 
[2026-10-06 17:14:16]	[CDH] CLEAR round 4: dangling=2 
[2026-10-06 17:14:22]	[CDH] CLEAR done: dangling=2 84,29 84,30 
[2026-10-06 17:14:22]	[CDH] CLEARED all=false 
[2026-10-06 17:14:22]	[CDH] TURN turn=155 age=AGE_ANTIQUITY 
[2026-10-06 17:14:38]	[CDH] TURN turn=156 age=AGE_ANTIQUITY 
[2026-10-06 17:15:03]	[CDH] TURN turn=157 age=AGE_ANTIQUITY 
[2026-10-06 17:15:31]	[CDH] TURN turn=158 age=AGE_ANTIQUITY 
[2026-10-06 17:15:55]	[CDH] TURN turn=159 age=AGE_ANTIQUITY 
[2026-10-06 17:16:16]	[CDH] TURN turn=160 age=AGE_ANTIQUITY 
[2026-10-06 17:16:46]	[CDH] attached dangle-landmine 
[2026-10-06 17:16:51]	[CDH] LOAD GameStarted 
[2026-10-06 17:16:59]	[CDH] DANGLE start mode=landmine turn=1 age=AGE_EXPLORATION countdown=false cur=1 max=160 
[2026-10-06 17:16:59]	[CDH] LANDMINE after transition: 21 ceded tiles remembered, dangling now=1 
[2026-10-06 17:17:22]	[CDH] LANDMINE buyback: sent=20 back=21 danglingAgain=2 86,19 91,37 mapDangling=3 
[2026-10-06 17:17:22]	[CDH] DONE harness landmine finished: back=21 danglingAgain=2 
