[17:13:18] LocalStorage.sqlite backed up
[17:13:18] autosaves backed up: 10
[17:13:18] registry before: 2423=0  (restoring Disabled=0 afterward)
[17:13:18] deployed mod: debug=1 affectsSaves0=1
[17:13:18] NO_MOD=1: Cultural Diffusion left DISABLED for this run (control)
[17:13:18] harness installed: cdh-game-dangle-landmine.js on CDH-AM-Ant155.Civ7Save
[17:13:18] previous UI.log kept at /Users/USER/Library/Application Support/Civilization VII/cd-harness-backup/UI-before-a155-landmine-20261006-171318.log (2158 lines)
[17:13:21] game pid 6448
[17:17:29] result=done after 240s
[17:17:29] collected AI_Behavior_Tree_Events.csv (15 lines)
[17:17:29] collected AI_Behavior_Trees.csv (8490 lines)
[17:17:29] collected AI_CityStrategy.csv (15 lines)
[17:17:29] collected AI_CombatPlanning.csv (2299 lines)
[17:17:29] collected AI_Commander_Promotions.csv (27 lines)
[17:17:30] collected AI_DiplomaticActions.csv (401 lines)
[17:17:30] collected AI_Leader.csv (4 lines)
[17:17:30] collected AI_Market.csv (269 lines)
[17:17:30] collected AI_MayhemTracker.csv (210 lines)
[17:17:30] collected AI_MovementPlanning.csv (4951 lines)
[17:17:30] collected AI_Operation.csv (3531 lines)
[17:17:30] collected AI_Operation_Eval.csv (339 lines)
[17:17:30] collected AI_Recruiting.csv (16721 lines)
[17:17:30] collected AI_Tactical.csv (1325 lines)
[17:17:30] collected AI_Targets.csv (25224 lines)
[17:17:30] collected AI_UnitEfficiency.csv (256 lines)
[17:17:30] collected AI_Victories.csv (4 lines)
[17:17:38] LocalStorage.sqlite restored (the run had changed it; its copy is in the trash folder)
[17:17:38] restored: registry 2425=0  harness present: no debugPatched: 0
[17:17:38] autosaves changed during the run; putting the player's back
[17:17:38] FINISHED result=done  log: /Users/USER/Repos/civilization_mods/civilization_vii_mods/tower_mods/cultural_diffusion/devtools/harness/a155-landmine-UI.log
