[16:59:14] LocalStorage.sqlite backed up
[16:59:14] autosaves backed up: 10
[16:59:14] registry before: 2417=0  (restoring Disabled=0 afterward)
[16:59:14] deployed mod: debug=1 affectsSaves0=1
[16:59:14] NO_MOD=1: Cultural Diffusion left DISABLED for this run (control)
[16:59:14] harness installed: cdh-game-dangle-rebuy.js on CDH-AM-Ant155.Civ7Save
[16:59:14] previous UI.log kept at /Users/USER/Library/Application Support/Civilization VII/cd-harness-backup/UI-before-a155-rebuy-20261006-165914.log (16577 lines)
[16:59:17] game pid 86000
[17:01:42] result=crashed after 144s
[17:01:42] collected AI_Behavior_Tree_Events.csv (15 lines)
[17:01:42] collected AI_Behavior_Trees.csv (8490 lines)
[17:01:42] collected AI_CityStrategy.csv (15 lines)
[17:01:42] collected AI_CombatPlanning.csv (2300 lines)
[17:01:42] collected AI_Commander_Promotions.csv (27 lines)
[17:01:43] collected AI_DiplomaticActions.csv (401 lines)
[17:01:43] collected AI_Leader.csv (4 lines)
[17:01:43] collected AI_Market.csv (267 lines)
[17:01:43] collected AI_MayhemTracker.csv (210 lines)
[17:01:43] collected AI_MovementPlanning.csv (4905 lines)
[17:01:43] collected AI_Operation.csv (3534 lines)
[17:01:43] collected AI_Operation_Eval.csv (339 lines)
[17:01:43] collected AI_Recruiting.csv (16721 lines)
[17:01:43] collected AI_Tactical.csv (1325 lines)
[17:01:43] collected AI_Targets.csv (24875 lines)
[17:01:43] collected AI_UnitEfficiency.csv (256 lines)
[17:01:43] collected AI_Victories.csv (4 lines)
[17:01:43] waiting 60s for the crash report to land
[17:02:43] crash report: CivilizationVII-2026-10-06-170150.ips
[17:02:51] LocalStorage.sqlite restored (the run had changed it; its copy is in the trash folder)
[17:02:51] restored: registry 2419=0  harness present: no debugPatched: 0
[17:02:51] autosaves changed during the run; putting the player's back
[17:02:51] FINISHED result=crashed  log: /Users/USER/Repos/civilization_mods/civilization_vii_mods/tower_mods/cultural_diffusion/devtools/harness/a155-rebuy-UI.log
