[2026-10-06 14:35:56]	[CDH] shell attached 
[2026-10-06 14:35:57]	[CDH] shell query complete 
[2026-10-06 14:35:58]	[CDH] shell found CDH-AM-Ant155.Civ7Save turn 155 age AGE_ANTIQUITY missingMods=0 unowned=0 
[2026-10-06 14:35:58]	[CDH] shell handleLoadSave returned true 
[2026-10-06 14:36:15]	[CDH] attached dangle-heal 
[2026-10-06 14:36:21]	[CDH] LOAD GameStarted 
[2026-10-06 14:36:29]	[CDH] DANGLE start mode=heal turn=155 age=AGE_ANTIQUITY countdown=true cur=155 max=160 
[2026-10-06 14:36:29]	[CDH] HEAL round 1: dangling=21 
[2026-10-06 14:36:29]	[CDH] HEAL 85,18 owner=3 city=81,18 d=4 r=true 
[2026-10-06 14:36:29]	[CDH] HEAL 87,18 owner=3 city=81,18 d=6 r=true 
[2026-10-06 14:36:29]	[CDH] HEAL 86,19 owner=3 city=82,23 d=6 r=true 
[2026-10-06 14:36:29]	[CDH] HEAL 85,21 owner=3 city=82,23 d=4 r=true 
[2026-10-06 14:36:29]	[CDH] HEAL 87,21 owner=3 city=82,23 d=6 r=true 
[2026-10-06 14:36:29]	[CDH] HEAL 88,22 owner=3 city=82,23 d=6 r=true 
[2026-10-06 14:36:29]	[CDH] HEAL 84,29 owner=0 city=87,32 d=4 r=true 
[2026-10-06 14:36:29]	[CDH] HEAL 84,30 owner=0 city=87,32 d=4 r=true 
[2026-10-06 14:36:29]	[CDH] HEAL 81,31 owner=0 city=84,35 d=5 r=true 
[2026-10-06 14:36:29]	[CDH] HEAL 82,31 owner=0 city=84,35 d=4 r=true 
[2026-10-06 14:36:29]	[CDH] HEAL 83,31 owner=0 city=87,32 d=4 r=true 
[2026-10-06 14:36:29]	[CDH] HEAL 80,32 owner=0 city=84,35 d=6 r=true 
[2026-10-06 14:36:29]	[CDH] HEAL 82,32 owner=0 city=84,35 d=4 r=true 
[2026-10-06 14:36:29]	[CDH] HEAL 90,36 owner=0 city=92,32 d=4 r=true 
[2026-10-06 14:36:29]	[CDH] HEAL 91,36 owner=0 city=92,32 d=4 r=true 
[2026-10-06 14:36:29]	[CDH] HEAL 92,36 owner=0 city=92,32 d=4 r=true 
[2026-10-06 14:36:29]	[CDH] HEAL 88,37 owner=0 city=87,32 d=5 r=true 
[2026-10-06 14:36:29]	[CDH] HEAL 89,37 owner=0 city=92,32 d=5 r=true 
[2026-10-06 14:36:29]	[CDH] HEAL 91,37 owner=0 city=92,32 d=5 r=true 
[2026-10-06 14:36:29]	[CDH] HEAL 88,38 owner=0 city=84,35 d=5 r=true 
[2026-10-06 14:36:29]	[CDH] HEAL 92,38 owner=0 city=92,32 d=6 r=true 
[2026-10-06 14:36:35]	[CDH] HEAL round 2: dangling=0 
[2026-10-06 14:36:35]	[CDH] CLEARED all=true 
[2026-10-06 14:36:35]	[CDH] TURN turn=155 age=AGE_ANTIQUITY 
[2026-10-06 14:36:47]	[CDH] TURN turn=156 age=AGE_ANTIQUITY 
[2026-10-06 14:37:03]	[CDH] TURN turn=157 age=AGE_ANTIQUITY 
[2026-10-06 14:37:12]	[CDH] TURN turn=158 age=AGE_ANTIQUITY 
[2026-10-06 14:37:24]	[CDH] TURN turn=159 age=AGE_ANTIQUITY 
[2026-10-06 14:37:40]	[CDH] TURN turn=160 age=AGE_ANTIQUITY 
