[17:04:25] LocalStorage.sqlite backed up
[17:04:25] autosaves backed up: 10
[17:04:25] registry before: 2419=0  (restoring Disabled=0 afterward)
[17:04:25] deployed mod: debug=1 affectsSaves0=1
[17:04:25] NO_MOD=1: Cultural Diffusion left DISABLED for this run (control)
[17:04:25] harness installed: cdh-game-dangle-flipflip.js on CDH-AM-Ant155.Civ7Save
[17:04:25] previous UI.log kept at /Users/USER/Library/Application Support/Civilization VII/cd-harness-backup/UI-before-a155-flipflip-20261006-170425.log (2150 lines)
[17:04:28] game pid 93574
[17:06:38] result=crashed after 120s
[17:06:38] collected AI_Behavior_Tree_Events.csv (15 lines)
[17:06:38] collected AI_Behavior_Trees.csv (8490 lines)
[17:06:38] collected AI_CityStrategy.csv (15 lines)
[17:06:38] collected AI_CombatPlanning.csv (2300 lines)
[17:06:38] collected AI_Commander_Promotions.csv (27 lines)
[17:06:38] collected AI_DiplomaticActions.csv (401 lines)
[17:06:38] collected AI_Leader.csv (4 lines)
[17:06:38] collected AI_Market.csv (267 lines)
[17:06:38] collected AI_MayhemTracker.csv (210 lines)
[17:06:38] collected AI_MovementPlanning.csv (4905 lines)
[17:06:38] collected AI_Operation.csv (3534 lines)
[17:06:38] collected AI_Operation_Eval.csv (339 lines)
[17:06:38] collected AI_Recruiting.csv (16721 lines)
[17:06:38] collected AI_Tactical.csv (1325 lines)
[17:06:38] collected AI_Targets.csv (24875 lines)
[17:06:38] collected AI_UnitEfficiency.csv (256 lines)
[17:06:38] collected AI_Victories.csv (4 lines)
[17:06:39] waiting 60s for the crash report to land
[17:07:39] crash report: CivilizationVII-2026-10-06-170649.ips
[17:07:47] LocalStorage.sqlite restored (the run had changed it; its copy is in the trash folder)
[17:07:47] restored: registry 2421=0  harness present: no debugPatched: 0
[17:07:47] autosaves changed during the run; putting the player's back
[17:07:47] FINISHED result=crashed  log: /Users/USER/Repos/civilization_mods/civilization_vii_mods/tower_mods/cultural_diffusion/devtools/harness/a155-flipflip-UI.log
