[16:37:36] LocalStorage.sqlite backed up
[16:37:37] autosaves backed up: 10
[16:37:37] registry before: 2413=0  (restoring Disabled=0 afterward)
[16:37:37] deployed mod: debug=1 affectsSaves0=1
[16:37:37] NO_MOD=1: Cultural Diffusion left DISABLED for this run (control)
[16:37:37] harness installed: cdh-game-dangle-heal3.js on CDH-AM-Ant155.Civ7Save
[16:37:37] previous UI.log kept at /Users/USER/Library/Application Support/Civilization VII/cd-harness-backup/UI-before-a155-heal3b-20261006-163737.log (16409 lines)
[16:37:40] game pid 59760
[16:40:21] result=crashed after 160s
[16:40:21] collected AI_Behavior_Tree_Events.csv (15 lines)
[16:40:21] collected AI_Behavior_Trees.csv (8490 lines)
[16:40:21] collected AI_CityStrategy.csv (16 lines)
[16:40:21] collected AI_CombatPlanning.csv (2294 lines)
[16:40:21] collected AI_Commander_Promotions.csv (27 lines)
[16:40:21] collected AI_DiplomaticActions.csv (401 lines)
[16:40:21] collected AI_Leader.csv (4 lines)
[16:40:21] collected AI_Market.csv (268 lines)
[16:40:21] collected AI_MayhemTracker.csv (212 lines)
[16:40:21] collected AI_MovementPlanning.csv (4905 lines)
[16:40:21] collected AI_Operation.csv (3532 lines)
[16:40:21] collected AI_Operation_Eval.csv (339 lines)
[16:40:21] collected AI_Recruiting.csv (16717 lines)
[16:40:21] collected AI_Tactical.csv (1320 lines)
[16:40:21] collected AI_Targets.csv (25050 lines)
[16:40:21] collected AI_UnitEfficiency.csv (256 lines)
[16:40:21] collected AI_Victories.csv (4 lines)
[16:40:21] waiting 60s for the crash report to land
[16:41:21] crash report: CivilizationVII-2026-10-06-164035.ips
[16:41:29] LocalStorage.sqlite restored (the run had changed it; its copy is in the trash folder)
[16:41:29] restored: registry 2415=0  harness present: no debugPatched: 0
[16:41:30] autosaves changed during the run; putting the player's back
[16:41:30] FINISHED result=crashed  log: /Users/USER/Repos/civilization_mods/civilization_vii_mods/tower_mods/cultural_diffusion/devtools/harness/a155-heal3b-UI.log
