[14:45:33] LocalStorage.sqlite backed up
[14:45:33] autosaves backed up: 10
[14:45:33] registry before: 2393=0  (restoring Disabled=0 afterward)
[14:45:33] deployed mod: debug=1 affectsSaves0=1
[14:45:33] NO_MOD=1: Cultural Diffusion left DISABLED for this run (control)
[14:45:33] harness installed: cdh-game-dangle-heal2.js on CDH-AM-Ant155.Civ7Save
[14:45:33] previous UI.log kept at /Users/USER/Library/Application Support/Civilization VII/cd-harness-backup/UI-before-a155-heal2-20261006-144533.log (2134 lines)
[14:45:35] game pid 4525
[14:47:38] result=crashed after 116s
[14:47:38] collected AI_Behavior_Tree_Events.csv (15 lines)
[14:47:38] collected AI_Behavior_Trees.csv (8490 lines)
[14:47:38] collected AI_CityStrategy.csv (15 lines)
[14:47:38] collected AI_CombatPlanning.csv (2300 lines)
[14:47:38] collected AI_Commander_Promotions.csv (27 lines)
[14:47:38] collected AI_DiplomaticActions.csv (401 lines)
[14:47:38] collected AI_Leader.csv (4 lines)
[14:47:38] collected AI_Market.csv (267 lines)
[14:47:38] collected AI_MayhemTracker.csv (210 lines)
[14:47:38] collected AI_MovementPlanning.csv (4905 lines)
[14:47:38] collected AI_Operation.csv (3534 lines)
[14:47:38] collected AI_Operation_Eval.csv (339 lines)
[14:47:38] collected AI_Recruiting.csv (16721 lines)
[14:47:38] collected AI_Tactical.csv (1325 lines)
[14:47:38] collected AI_Targets.csv (24979 lines)
[14:47:38] collected AI_UnitEfficiency.csv (256 lines)
[14:47:38] collected AI_Victories.csv (4 lines)
[14:47:38] waiting 60s for the crash report to land
[14:48:38] crash report: CivilizationVII-2026-10-06-144739.ips
[14:48:46] LocalStorage.sqlite restored (the run had changed it; its copy is in the trash folder)
[14:48:46] restored: registry 2395=0  harness present: no debugPatched: 0
[14:48:46] autosaves changed during the run; putting the player's back
[14:48:46] FINISHED result=crashed  log: /Users/USER/Repos/civilization_mods/civilization_vii_mods/tower_mods/cultural_diffusion/devtools/harness/a155-heal2-UI.log
