[2026-10-06 14:45:38]	[CDH] shell attached 
[2026-10-06 14:45:39]	[CDH] shell query complete 
[2026-10-06 14:45:39]	[CDH] shell found CDH-AM-Ant155.Civ7Save turn 155 age AGE_ANTIQUITY missingMods=0 unowned=0 
[2026-10-06 14:45:39]	[CDH] shell handleLoadSave returned true 
[2026-10-06 14:45:57]	[CDH] attached dangle-heal2 
[2026-10-06 14:46:02]	[CDH] LOAD GameStarted 
[2026-10-06 14:46:10]	[CDH] DANGLE start mode=heal2 turn=155 age=AGE_ANTIQUITY countdown=true cur=155 max=160 
[2026-10-06 14:46:10]	[CDH] HEAL round 1: dangling=21 
[2026-10-06 14:46:10]	[CDH] HEAL 85,18 owner=3 city=81,18 d=4 imp=IMPROVEMENT_FARM(TERRAIN_FLAT p4) r=true r2=true 
[2026-10-06 14:46:10]	[CDH] HEAL 87,18 owner=3 city=81,18 d=6 imp=IMPROVEMENT_FISHING_BOAT(TERRAIN_COAST p4) r=true r2=true 
[2026-10-06 14:46:10]	[CDH] HEAL 86,19 owner=3 city=82,23 d=6 imp=IMPROVEMENT_FARM(TERRAIN_FLAT p4) r=true r2=true 
[2026-10-06 14:46:10]	[CDH] HEAL 85,21 owner=3 city=82,23 d=4 imp=IMPROVEMENT_FISHING_BOAT(TERRAIN_COAST p4) r=true r2=true 
[2026-10-06 14:46:10]	[CDH] HEAL 87,21 owner=3 city=82,23 d=6 imp=IMPROVEMENT_FARM(TERRAIN_FLAT p4) r=true r2=true 
[2026-10-06 14:46:10]	[CDH] HEAL 88,22 owner=3 city=82,23 d=6 imp=IMPROVEMENT_FARM(TERRAIN_FLAT p4) r=true r2=true 
[2026-10-06 14:46:10]	[CDH] HEAL 84,29 owner=0 city=87,32 d=4 imp=IMPROVEMENT_WOODCUTTER(FEATURE_RAINFOREST p3) r=true r2=true 
[2026-10-06 14:46:10]	[CDH] HEAL 84,30 owner=0 city=87,32 d=4 imp=IMPROVEMENT_CAMP(RESOURCE_IVORY p1) r=true r2=true 
[2026-10-06 14:46:10]	[CDH] HEAL 81,31 owner=0 city=84,35 d=5 imp=IMPROVEMENT_PLANTATION(RESOURCE_SILK p1) r=true r2=true 
[2026-10-06 14:46:10]	[CDH] HEAL 82,31 owner=0 city=84,35 d=4 imp=IMPROVEMENT_FARM(FEATURE_TROPICAL_FLOODPLAIN_MINOR p4) r=true r2=true 
[2026-10-06 14:46:10]	[CDH] HEAL 83,31 owner=0 city=87,32 d=4 imp=IMPROVEMENT_FARM(FEATURE_TROPICAL_FLOODPLAIN_MINOR p4) r=true r2=true 
[2026-10-06 14:46:10]	[CDH] HEAL 80,32 owner=0 city=84,35 d=6 imp=IMPROVEMENT_WOODCUTTER(FEATURE_RAINFOREST p3) r=true r2=true 
[2026-10-06 14:46:10]	[CDH] HEAL 82,32 owner=0 city=84,35 d=4 imp=IMPROVEMENT_FARM(TERRAIN_FLAT p4) r=true r2=true 
[2026-10-06 14:46:10]	[CDH] HEAL 90,36 owner=0 city=92,32 d=4 imp=IMPROVEMENT_CLAY_PIT(FEATURE_WATERING_HOLE p3) r=true r2=true 
[2026-10-06 14:46:10]	[CDH] HEAL 91,36 owner=0 city=92,32 d=4 imp=IMPROVEMENT_FARM(TERRAIN_FLAT p4) r=true r2=true 
[2026-10-06 14:46:10]	[CDH] HEAL 92,36 owner=0 city=92,32 d=4 imp=IMPROVEMENT_FARM(TERRAIN_FLAT p4) r=true r2=true 
[2026-10-06 14:46:10]	[CDH] HEAL 88,37 owner=0 city=87,32 d=5 imp=IMPROVEMENT_WOODCUTTER(FEATURE_SAVANNA_WOODLAND p3) r=true r2=true 
[2026-10-06 14:46:10]	[CDH] HEAL 89,37 owner=0 city=92,32 d=5 imp=IMPROVEMENT_MINE(TERRAIN_HILL p4) r=true r2=true 
[2026-10-06 14:46:10]	[CDH] HEAL 91,37 owner=0 city=92,32 d=5 imp=IMPROVEMENT_PLANTATION(RESOURCE_WINE p1) r=true r2=true 
[2026-10-06 14:46:10]	[CDH] HEAL 88,38 owner=0 city=84,35 d=5 imp=IMPROVEMENT_FARM(FEATURE_PLAINS_FLOODPLAIN_MINOR p4) r=true r2=true 
[2026-10-06 14:46:10]	[CDH] HEAL 92,38 owner=0 city=92,32 d=6 imp=IMPROVEMENT_FISHING_BOAT(FEATURE_REEF p3) r=true r2=true 
[2026-10-06 14:46:16]	[CDH] HEAL round 2: dangling=0 
[2026-10-06 14:46:16]	[CDH] CLEARED all=true 
[2026-10-06 14:46:16]	[CDH] TURN turn=155 age=AGE_ANTIQUITY 
[2026-10-06 14:46:28]	[CDH] TURN turn=156 age=AGE_ANTIQUITY 
[2026-10-06 14:46:40]	[CDH] TURN turn=157 age=AGE_ANTIQUITY 
[2026-10-06 14:46:54]	[CDH] TURN turn=158 age=AGE_ANTIQUITY 
[2026-10-06 14:47:10]	[CDH] TURN turn=159 age=AGE_ANTIQUITY 
[2026-10-06 14:47:22]	[CDH] TURN turn=160 age=AGE_ANTIQUITY 
