[12:49:49] autosaves backed up: 10
[12:49:49] registry before: 2345=0  (restoring Disabled=0 afterward)
[12:49:50] deployed mod: debug=1 affectsSaves0=1
[12:49:50] harness installed: cdh-game-am-soak.js on AugustusExp66.Civ7Save
[12:49:50] extra mod installed: AutoMissionary (1 modinfo)
[12:49:50] previous UI.log kept at /Users/USER/Library/Application Support/Civilization VII/cd-harness-backup/UI-before-amsoak-exp1-20261006-124950.log (6325 lines)
[12:49:52] game pid 60659
[13:11:23] result=done after 1228s
[13:11:23] collected AI_Behavior_Tree_Events.csv (92 lines)
[13:11:23] collected AI_Behavior_Trees.csv (50549 lines)
[13:11:23] collected AI_CityStrategy.csv (47 lines)
[13:11:23] collected AI_CombatPlanning.csv (6468 lines)
[13:11:23] collected AI_Commander_Promotions.csv (3 lines)
[13:11:23] collected AI_DiplomaticActions.csv (3012 lines)
[13:11:23] collected AI_Leader.csv (8 lines)
[13:11:23] collected AI_Market.csv (899 lines)
[13:11:23] collected AI_MayhemTracker.csv (816 lines)
[13:11:23] collected AI_MovementPlanning.csv (37679 lines)
[13:11:23] collected AI_Operation.csv (23246 lines)
[13:11:23] collected AI_Operation_Eval.csv (653 lines)
[13:11:23] collected AI_Recruiting.csv (202879 lines)
[13:11:23] collected AI_Tactical.csv (9325 lines)
[13:11:23] collected AI_Targets.csv (180012 lines)
[13:11:23] collected AI_UnitEfficiency.csv (141 lines)
[13:11:23] collected AI_Victories.csv (20 lines)
[13:11:32] extra mod removed: AutoMissionary
[13:11:32] restored: registry 2347=0  harness present: no debugPatched: 0
[13:11:32] autosaves changed during the run; putting the player's back
[13:11:32] FINISHED result=done  log: /Users/USER/Repos/civilization_mods/civilization_vii_mods/tower_mods/cultural_diffusion/devtools/harness/amsoak-exp1-UI.log
RUN_EXIT=0
