[2026-10-05 22:55:50]	[CDH] shell attached 
[2026-10-05 22:55:51]	[CDH] shell query complete 
[2026-10-05 22:55:51]	[CDH] shell found AugustusAnt136.Civ7Save turn 136 age AGE_ANTIQUITY missingMods=0 unowned=0 
[2026-10-05 22:55:51]	[CDH] shell handleLoadSave returned true 
[2026-10-05 22:56:09]	[CDH] attached atwar 
[2026-10-05 22:56:14]	[CDH] LOAD GameStarted 
[2026-10-05 22:56:24]	[CDH] OWNERS me=0 0:major:170 1:major:143 2:major:109 3:major:85 4:major:128 5:major:184 6:major:181 7:major:144 8:major:155 9:major:134 10:minor:1 11:minor:9 12:minor:1 13:minor:9 15:minor:7 18:minor:9 19:minor:4 20:minor:1 21:minor:1 22:minor:10 23:minor:12 24:minor:4 25:minor:1 26:minor:1 27:minor:11 28:minor:10 30:minor:1 31:minor:12 32:minor:1 33:minor:8 34:minor:1 35:minor:10 36:minor:11 37:minor:7 38:minor:1 39:minor:12 40:minor:1 41:minor:1 42:minor:1 43:minor:1 44:minor:1 45:minor:1 46:minor:1 47:minor:1 48:minor:1 63:DEAD:6 
[2026-10-05 22:56:24]	[CDH] CALL isAtWarWith(0) kind=major ... 
[2026-10-05 22:56:24]	[CDH]   -> false 
[2026-10-05 22:56:24]	[CDH] CALL isAtWarWith(1) kind=major ... 
[2026-10-05 22:56:25]	[CDH]   -> false 
[2026-10-05 22:56:25]	[CDH] CALL isAtWarWith(2) kind=major ... 
[2026-10-05 22:56:25]	[CDH]   -> false 
[2026-10-05 22:56:26]	[CDH] CALL isAtWarWith(3) kind=major ... 
[2026-10-05 22:56:26]	[CDH]   -> true 
[2026-10-05 22:56:26]	[CDH] CALL isAtWarWith(4) kind=major ... 
[2026-10-05 22:56:27]	[CDH]   -> false 
[2026-10-05 22:56:27]	[CDH] CALL isAtWarWith(5) kind=major ... 
[2026-10-05 22:56:27]	[CDH]   -> false 
[2026-10-05 22:56:28]	[CDH] CALL isAtWarWith(6) kind=major ... 
[2026-10-05 22:56:28]	[CDH]   -> false 
[2026-10-05 22:56:28]	[CDH] CALL isAtWarWith(7) kind=major ... 
[2026-10-05 22:56:28]	[CDH]   -> false 
[2026-10-05 22:56:29]	[CDH] CALL isAtWarWith(8) kind=major ... 
[2026-10-05 22:56:29]	[CDH]   -> false 
[2026-10-05 22:56:29]	[CDH] CALL isAtWarWith(9) kind=major ... 
[2026-10-05 22:56:30]	[CDH]   -> false 
[2026-10-05 22:56:30]	[CDH] CALL isAtWarWith(10) kind=minor ... 
[2026-10-05 22:56:30]	[CDH]   -> true 
[2026-10-05 22:56:31]	[CDH] CALL isAtWarWith(11) kind=minor ... 
[2026-10-05 22:56:31]	[CDH]   -> false 
[2026-10-05 22:56:31]	[CDH] CALL isAtWarWith(12) kind=minor ... 
[2026-10-05 22:56:31]	[CDH]   -> true 
[2026-10-05 22:56:32]	[CDH] CALL isAtWarWith(13) kind=minor ... 
[2026-10-05 22:56:32]	[CDH]   -> false 
[2026-10-05 22:56:32]	[CDH] CALL isAtWarWith(15) kind=minor ... 
[2026-10-05 22:56:33]	[CDH]   -> false 
[2026-10-05 22:56:33]	[CDH] CALL isAtWarWith(18) kind=minor ... 
[2026-10-05 22:56:33]	[CDH]   -> false 
[2026-10-05 22:56:34]	[CDH] CALL isAtWarWith(19) kind=minor ... 
[2026-10-05 22:56:34]	[CDH]   -> false 
[2026-10-05 22:56:34]	[CDH] CALL isAtWarWith(20) kind=minor ... 
[2026-10-05 22:56:34]	[CDH]   -> true 
[2026-10-05 22:56:35]	[CDH] CALL isAtWarWith(21) kind=minor ... 
[2026-10-05 22:56:35]	[CDH]   -> true 
[2026-10-05 22:56:35]	[CDH] CALL isAtWarWith(22) kind=minor ... 
[2026-10-05 22:56:36]	[CDH]   -> false 
[2026-10-05 22:56:36]	[CDH] CALL isAtWarWith(23) kind=minor ... 
[2026-10-05 22:56:36]	[CDH]   -> false 
[2026-10-05 22:56:37]	[CDH] CALL isAtWarWith(24) kind=minor ... 
[2026-10-05 22:56:37]	[CDH]   -> false 
[2026-10-05 22:56:37]	[CDH] CALL isAtWarWith(25) kind=minor ... 
[2026-10-05 22:56:38]	[CDH]   -> true 
[2026-10-05 22:56:38]	[CDH] CALL isAtWarWith(26) kind=minor ... 
[2026-10-05 22:56:38]	[CDH]   -> true 
[2026-10-05 22:56:38]	[CDH] CALL isAtWarWith(27) kind=minor ... 
[2026-10-05 22:56:39]	[CDH]   -> false 
[2026-10-05 22:56:39]	[CDH] CALL isAtWarWith(28) kind=minor ... 
[2026-10-05 22:56:39]	[CDH]   -> false 
[2026-10-05 22:56:40]	[CDH] CALL isAtWarWith(30) kind=minor ... 
[2026-10-05 22:56:40]	[CDH]   -> true 
[2026-10-05 22:56:40]	[CDH] CALL isAtWarWith(31) kind=minor ... 
[2026-10-05 22:56:41]	[CDH]   -> false 
[2026-10-05 22:56:41]	[CDH] CALL isAtWarWith(32) kind=minor ... 
[2026-10-05 22:56:41]	[CDH]   -> true 
[2026-10-05 22:56:41]	[CDH] CALL isAtWarWith(33) kind=minor ... 
[2026-10-05 22:56:42]	[CDH]   -> false 
[2026-10-05 22:56:42]	[CDH] CALL isAtWarWith(34) kind=minor ... 
[2026-10-05 22:56:42]	[CDH]   -> true 
[2026-10-05 22:56:43]	[CDH] CALL isAtWarWith(35) kind=minor ... 
[2026-10-05 22:56:43]	[CDH]   -> false 
[2026-10-05 22:56:43]	[CDH] CALL isAtWarWith(36) kind=minor ... 
[2026-10-05 22:56:44]	[CDH]   -> false 
[2026-10-05 22:56:44]	[CDH] CALL isAtWarWith(37) kind=minor ... 
[2026-10-05 22:56:44]	[CDH]   -> false 
[2026-10-05 22:56:45]	[CDH] CALL isAtWarWith(38) kind=minor ... 
[2026-10-05 22:56:45]	[CDH]   -> true 
[2026-10-05 22:56:45]	[CDH] CALL isAtWarWith(39) kind=minor ... 
[2026-10-05 22:56:45]	[CDH]   -> false 
[2026-10-05 22:56:46]	[CDH] CALL isAtWarWith(40) kind=minor ... 
[2026-10-05 22:56:46]	[CDH]   -> true 
[2026-10-05 22:56:46]	[CDH] CALL isAtWarWith(41) kind=minor ... 
[2026-10-05 22:56:47]	[CDH]   -> true 
[2026-10-05 22:56:47]	[CDH] CALL isAtWarWith(42) kind=minor ... 
[2026-10-05 22:56:47]	[CDH]   -> true 
[2026-10-05 22:56:48]	[CDH] CALL isAtWarWith(43) kind=minor ... 
[2026-10-05 22:56:48]	[CDH]   -> true 
[2026-10-05 22:56:48]	[CDH] CALL isAtWarWith(44) kind=minor ... 
[2026-10-05 22:56:49]	[CDH]   -> true 
[2026-10-05 22:56:49]	[CDH] CALL isAtWarWith(45) kind=minor ... 
[2026-10-05 22:56:49]	[CDH]   -> true 
[2026-10-05 22:56:49]	[CDH] CALL isAtWarWith(46) kind=minor ... 
[2026-10-05 22:56:50]	[CDH]   -> true 
[2026-10-05 22:56:50]	[CDH] CALL isAtWarWith(47) kind=minor ... 
[2026-10-05 22:56:50]	[CDH]   -> true 
[2026-10-05 22:56:51]	[CDH] CALL isAtWarWith(48) kind=minor ... 
[2026-10-05 22:56:51]	[CDH]   -> true 
[2026-10-05 22:56:51]	[CDH] CALL isAtWarWith(63) kind=DEAD ... 
[2026-10-05 22:56:52]	[CDH]   -> false 
[2026-10-05 22:56:52]	[CDH] SAFE all real owner ids returned; now the positive control isAtWarWith(99) 
[2026-10-05 22:56:52]	[CDH] CALL isAtWarWith(99) kind=NULL ... 
[2026-10-05 22:56:53]	[CDH]   -> false 
[2026-10-05 22:56:53]	[CDH] DONE harness atwar finished 
