[01:49:06] autosaves backed up: 1
[01:49:06] registry before: 1269=1  (restoring Disabled=1 afterwards)
[01:49:06] patched ui/cd-config.js: 'conquestFlip: false,' -> 'conquestFlip: true, aiCultureFlips: true,' (1 hit(s))
[01:49:06] deployed mod: debug=1 affectsSaves0=1
[01:49:06] harness installed: cdh-game-build.js on AugustusAnt136.Civ7Save
[01:49:06] previous UI.log kept at /Users/tylermiller/Library/Application Support/Civilization VII/cd-harness-backup/UI-before-build-20260926-014906.log (320 lines)
[01:49:08] game pid 33233
[01:51:19] result=done after 124s
[01:51:19] collected AI_Behavior_Tree_Events.csv (8 lines)
[01:51:19] collected AI_Behavior_Trees.csv (6819 lines)
[01:51:20] collected AI_CityStrategy.csv (16 lines)
[01:51:20] collected AI_CombatPlanning.csv (1793 lines)
[01:51:20] collected AI_Commander_Promotions.csv (16 lines)
[01:51:20] collected AI_DiplomaticActions.csv (357 lines)
[01:51:20] collected AI_Leader.csv (2 lines)
[01:51:20] collected AI_Market.csv (278 lines)
[01:51:20] collected AI_MayhemTracker.csv (177 lines)
[01:51:20] collected AI_MovementPlanning.csv (3745 lines)
[01:51:20] collected AI_Operation.csv (3062 lines)
[01:51:20] collected AI_Operation_Eval.csv (295 lines)
[01:51:20] collected AI_Recruiting.csv (12939 lines)
[01:51:20] collected AI_Tactical.csv (964 lines)
[01:51:20] collected AI_Targets.csv (17463 lines)
[01:51:20] collected AI_UnitEfficiency.csv (115 lines)
[01:51:20] collected AI_Victories.csv (5 lines)
[01:51:28] restored: registry 1443=1  harness present: no debugPatched: 0
[01:51:28] autosaves changed during the run; putting the player's back
[01:51:28] FINISHED result=done  log: /Users/tylermiller/Repos/civilization_mods/civilization_vii_mods/tower_mods/cultural_diffusion/devtools/harness/build-UI.log
RUNNER_EXIT=0
