[14:08:59] LocalStorage.sqlite backed up
[14:08:59] autosaves backed up: 10
[14:08:59] registry before: 2379=0  (restoring Disabled=0 afterward)
[14:08:59] deployed mod: debug=1 affectsSaves0=1
[14:09:00] harness installed: cdh-game-am-soak.js on AugustusAnt136.Civ7Save
[14:09:00] previous UI.log kept at /Users/USER/Library/Application Support/Civilization VII/cd-harness-backup/UI-before-cd150-ant1-20261006-140900.log (1323 lines)
[14:09:02] game pid 61218
[14:21:17] result=crashed after 724s
[14:21:17] collected AI_Behavior_Tree_Events.csv (61 lines)
[14:21:17] collected AI_Behavior_Trees.csv (42084 lines)
[14:21:17] collected AI_CityStrategy.csv (99 lines)
[14:21:17] collected AI_CombatPlanning.csv (13862 lines)
[14:21:17] collected AI_Commander_Promotions.csv (127 lines)
[14:21:17] collected AI_DiplomaticActions.csv (2067 lines)
[14:21:17] collected AI_Leader.csv (10 lines)
[14:21:17] collected AI_Market.csv (847 lines)
[14:21:17] collected AI_MayhemTracker.csv (1161 lines)
[14:21:17] collected AI_MovementPlanning.csv (23827 lines)
[14:21:17] collected AI_Operation.csv (17868 lines)
[14:21:17] collected AI_Operation_Eval.csv (1707 lines)
[14:21:17] collected AI_Recruiting.csv (78210 lines)
[14:21:17] collected AI_Tactical.csv (6631 lines)
[14:21:17] collected AI_Targets.csv (114287 lines)
[14:21:17] collected AI_UnitEfficiency.csv (256 lines)
[14:21:17] collected AI_Victories.csv (30 lines)
[14:21:17] waiting 60s for the crash report to land
[14:22:17] crash report: CivilizationVII-2026-10-06-142133.ips
[14:22:25] LocalStorage.sqlite restored (the run had changed it; its copy is in the trash folder)
[14:22:25] restored: registry 2381=0  harness present: no debugPatched: 0
[14:22:25] autosaves changed during the run; putting the player's back
[14:22:26] FINISHED result=crashed  log: /Users/USER/Repos/civilization_mods/civilization_vii_mods/tower_mods/cultural_diffusion/devtools/harness/cd150-ant1-UI.log
RUN_EXIT=0
