[16:41:41] LocalStorage.sqlite backed up
[16:41:41] autosaves backed up: 10
[16:41:41] registry before: 2415=0  (restoring Disabled=0 afterward)
[16:41:41] deployed mod: debug=1 affectsSaves0=1
[16:41:41] harness installed: cdh-game-am-soak.js on AugustusAnt136.Civ7Save
[16:41:41] previous UI.log kept at /Users/USER/Library/Application Support/Civilization VII/cd-harness-backup/UI-before-cdfix-ant2-20261006-164141.log (2270 lines)
[16:41:43] game pid 66148
[16:58:45] result=done after 920s
[16:58:45] collected AI_Behavior_Tree_Events.csv (99 lines)
[16:58:46] collected AI_Behavior_Trees.csv (56226 lines)
[16:58:46] collected AI_CityStrategy.csv (234 lines)
[16:58:46] collected AI_CombatPlanning.csv (17969 lines)
[16:58:46] collected AI_Commander_Promotions.csv (151 lines)
[16:58:46] collected AI_Dedications.csv (70 lines)
[16:58:46] collected AI_DiplomaticActions.csv (2977 lines)
[16:58:46] collected AI_Leader.csv (11 lines)
[16:58:47] collected AI_Market.csv (1028 lines)
[16:58:47] collected AI_MayhemTracker.csv (1426 lines)
[16:58:47] collected AI_MovementPlanning.csv (34359 lines)
[16:58:47] collected AI_Operation.csv (24600 lines)
[16:58:48] collected AI_Operation_Eval.csv (1868 lines)
[16:58:48] collected AI_Recruiting.csv (127092 lines)
[16:58:48] collected AI_Tactical.csv (10829 lines)
[16:58:49] collected AI_Targets.csv (163529 lines)
[16:58:49] collected AI_UnitEfficiency.csv (256 lines)
[16:58:49] collected AI_Victories.csv (58 lines)
[16:58:58] LocalStorage.sqlite restored (the run had changed it; its copy is in the trash folder)
[16:58:58] restored: registry 2417=0  harness present: no debugPatched: 0
[16:58:58] autosaves changed during the run; putting the player's back
[16:58:58] FINISHED result=done  log: /Users/USER/Repos/civilization_mods/civilization_vii_mods/tower_mods/cultural_diffusion/devtools/harness/cdfix-ant2-UI.log
