[16:19:35] LocalStorage.sqlite backed up
[16:19:35] autosaves backed up: 10
[16:19:35] registry before: 2411=0  (restoring Disabled=0 afterward)
[16:19:35] deployed mod: debug=1 affectsSaves0=1
[16:19:35] harness installed: cdh-game-am-soak.js on AugustusAnt136.Civ7Save
[16:19:35] previous UI.log kept at /Users/USER/Library/Application Support/Civilization VII/cd-harness-backup/UI-before-cdfix-ant1-20261006-161935.log (589 lines)
[16:19:37] game pid 42535
[16:37:13] result=done after 1008s
[16:37:13] collected AI_Behavior_Tree_Events.csv (91 lines)
[16:37:13] collected AI_Behavior_Trees.csv (56460 lines)
[16:37:13] collected AI_CityStrategy.csv (228 lines)
[16:37:13] collected AI_CombatPlanning.csv (16922 lines)
[16:37:13] collected AI_Commander_Promotions.csv (165 lines)
[16:37:13] collected AI_Dedications.csv (69 lines)
[16:37:13] collected AI_DiplomaticActions.csv (3031 lines)
[16:37:13] collected AI_Leader.csv (13 lines)
[16:37:13] collected AI_Market.csv (1146 lines)
[16:37:13] collected AI_MayhemTracker.csv (1404 lines)
[16:37:13] collected AI_MovementPlanning.csv (34079 lines)
[16:37:13] collected AI_Operation.csv (24466 lines)
[16:37:13] collected AI_Operation_Eval.csv (1873 lines)
[16:37:13] collected AI_Recruiting.csv (130050 lines)
[16:37:13] collected AI_Tactical.csv (10914 lines)
[16:37:13] collected AI_Targets.csv (159836 lines)
[16:37:13] collected AI_UnitEfficiency.csv (256 lines)
[16:37:13] collected AI_Victories.csv (55 lines)
[16:37:22] LocalStorage.sqlite restored (the run had changed it; its copy is in the trash folder)
[16:37:22] restored: registry 2413=0  harness present: no debugPatched: 0
[16:37:22] autosaves changed during the run; putting the player's back
[16:37:22] FINISHED result=done  log: /Users/USER/Repos/civilization_mods/civilization_vii_mods/tower_mods/cultural_diffusion/devtools/harness/cdfix-ant1-UI.log
