[14:29:54] LocalStorage.sqlite backed up
[14:29:54] autosaves backed up: 10
[14:29:54] registry before: 2387=0  (restoring Disabled=0 afterward)
[14:29:54] deployed mod: debug=1 affectsSaves0=1
[14:29:55] NO_MOD=1: Cultural Diffusion left DISABLED for this run (control)
[14:29:55] harness installed: cdh-game-citylist.js on CDH-AM-Ant159.Civ7Save
[14:29:55] previous UI.log kept at /Users/USER/Library/Application Support/Civilization VII/cd-harness-backup/UI-before-citylist-CDH-AM-Ant159-20261006-142955.log (1351 lines)
[14:30:01] game pid 89639
[14:31:13] result=crashed after 72s
[14:31:13] collected AI_Behavior_Tree_Events.csv (3 lines)
[14:31:13] collected AI_Behavior_Trees.csv (1647 lines)
[14:31:13] collected AI_CityStrategy.csv (2 lines)
[14:31:13] collected AI_CombatPlanning.csv (406 lines)
[14:31:13] collected AI_Commander_Promotions.csv (6 lines)
[14:31:13] collected AI_DiplomaticActions.csv (85 lines)
[14:31:14] collected AI_Market.csv (21 lines)
[14:31:14] collected AI_MayhemTracker.csv (36 lines)
[14:31:14] collected AI_MovementPlanning.csv (1023 lines)
[14:31:14] collected AI_Operation.csv (650 lines)
[14:31:14] collected AI_Operation_Eval.csv (71 lines)
[14:31:14] collected AI_Recruiting.csv (3068 lines)
[14:31:14] collected AI_Tactical.csv (328 lines)
[14:31:14] collected AI_Targets.csv (5298 lines)
[14:31:14] collected AI_UnitEfficiency.csv (256 lines)
[14:31:14] collected AI_Victories.csv (1 lines)
[14:31:14] waiting 60s for the crash report to land
[14:32:14] crash report: CivilizationVII-2026-10-06-143119.ips
[14:32:22] LocalStorage.sqlite restored (the run had changed it; its copy is in the trash folder)
[14:32:22] restored: registry 2389=0  harness present: no debugPatched: 0
[14:32:22] autosaves changed during the run; putting the player's back
[14:32:22] FINISHED result=crashed  log: /Users/USER/Repos/civilization_mods/civilization_vii_mods/tower_mods/cultural_diffusion/devtools/harness/citylist-CDH-AM-Ant159-UI.log
