[14:27:52] LocalStorage.sqlite backed up
[14:27:53] autosaves backed up: 10
[14:27:53] registry before: 2385=0  (restoring Disabled=0 afterward)
[14:27:53] deployed mod: debug=1 affectsSaves0=1
[14:27:53] NO_MOD=1: Cultural Diffusion left DISABLED for this run (control)
[14:27:53] harness installed: cdh-game-citylist.js on CDH-Ant159.Civ7Save
[14:27:53] previous UI.log kept at /Users/USER/Library/Application Support/Civilization VII/cd-harness-backup/UI-before-citylist-CDH-Ant159-20261006-142753.log (951 lines)
[14:27:55] game pid 86737
[14:29:46] result=done after 104s
[14:29:46] collected AI_Behavior_Tree_Events.csv (10 lines)
[14:29:46] collected AI_Behavior_Trees.csv (2992 lines)
[14:29:46] collected AI_CityStrategy.csv (125 lines)
[14:29:46] collected AI_CombatPlanning.csv (537 lines)
[14:29:46] collected AI_Commander_Promotions.csv (5 lines)
[14:29:46] collected AI_Dedications.csv (69 lines)
[14:29:46] collected AI_DiplomaticActions.csv (215 lines)
[14:29:46] collected AI_Leader.csv (2 lines)
[14:29:46] collected AI_Market.csv (242 lines)
[14:29:46] collected AI_MayhemTracker.csv (51 lines)
[14:29:46] collected AI_MovementPlanning.csv (2153 lines)
[14:29:46] collected AI_Operation.csv (1200 lines)
[14:29:46] collected AI_Operation_Eval.csv (83 lines)
[14:29:46] collected AI_Recruiting.csv (8673 lines)
[14:29:46] collected AI_Tactical.csv (914 lines)
[14:29:46] collected AI_Targets.csv (11222 lines)
[14:29:46] collected AI_UnitEfficiency.csv (256 lines)
[14:29:46] collected AI_Victories.csv (27 lines)
[14:29:54] LocalStorage.sqlite restored (the run had changed it; its copy is in the trash folder)
[14:29:54] restored: registry 2387=0  harness present: no debugPatched: 0
[14:29:54] autosaves changed during the run; putting the player's back
[14:29:54] FINISHED result=done  log: /Users/USER/Repos/civilization_mods/civilization_vii_mods/tower_mods/cultural_diffusion/devtools/harness/citylist-CDH-Ant159-UI.log
