[2026-09-26 10:17:38]	[CDH] shell attached 
[2026-09-26 10:17:39]	[CDH] shell query complete 
[2026-09-26 10:17:40]	[CDH] shell found AugustusAnt136.Civ7Save turn 136 age AGE_ANTIQUITY missingMods=0 unowned=0 
[2026-09-26 10:17:40]	[CDH] shell handleLoadSave returned true 
[2026-09-26 10:17:58]	[CDH] attached conquest 
[2026-09-26 10:17:58]	[CulturalDiffusion] boot (turnInterval 1, verb purchasePlot, enabled true) 
[2026-09-26 10:18:03]	[CDH] LOAD GameStarted 
[2026-09-26 10:18:15]	[CDH] C0 BOOT turn=136 local=0 config={"conquest":true,"buffer":5,"adjacency":true,"ai":false,"safety":false} atWarWith=[3] 
[2026-09-26 10:18:15]	[CDH] C1 SITE enemy=3 tile=83,32 dEnemyCity=3 dOurCity=3 district=null 
[2026-09-26 10:18:18]	[CDH] C1 PLANT UNIT_SPEARMAN at 83,32 request=true unitsOnTile(+3s)=[{"owner":0,"type":"UNIT_SPEARMAN","combat":true,"hp":0}] 
[2026-09-26 10:18:18]	[CulturalDiffusion] inject 92,32 civ=0 culture=38.5 vitality=55.06 strength=82.48 stock=10 cap=164961.47 
[2026-09-26 10:18:18]	[CulturalDiffusion] inject 87,32 civ=0 culture=13 vitality=32.25 strength=33.77 stock=10 cap=67542.34 
[2026-09-26 10:18:18]	[CulturalDiffusion] inject 90,37 civ=0 culture=1 vitality=19.9 strength=5.38 stock=10 cap=10767.78 
[2026-09-26 10:18:18]	[CulturalDiffusion] inject 84,35 civ=0 culture=1 vitality=23.4 strength=5.7 stock=10 cap=11396.02 
[2026-09-26 10:18:18]	[CulturalDiffusion] inject 93,26 civ=0 culture=9 vitality=24.65 strength=24.2 stock=10 cap=48408.44 
[2026-09-26 10:18:18]	[CulturalDiffusion] inject 86,20 civ=0 culture=1 vitality=10.03 strength=4.24 stock=10 cap=8471.39 
[2026-09-26 10:18:18]	[CulturalDiffusion] inject 82,23 civ=3 culture=5 vitality=21.5 strength=10.31 stock=10 cap=20616.29 
[2026-09-26 10:18:18]	[CulturalDiffusion] inject 81,18 civ=3 culture=8 vitality=33.35 strength=16.32 stock=10 cap=32630.11 
[2026-09-26 10:18:18]	[CulturalDiffusion] inject 80,31 civ=3 culture=3 vitality=15.85 strength=6.65 stock=10 cap=13294.3 
[2026-09-26 10:18:18]	[CulturalDiffusion] frontier city=65536 ring=4 best=1 bar=300 over=0/23 centre=10 
[2026-09-26 10:18:18]	[CulturalDiffusion] frontier city=196609 ring=4 best=10 bar=300 over=0/24 centre=10 
[2026-09-26 10:18:18]	[CulturalDiffusion] frontier city=262146 ring=4 best=1 bar=300 over=0/24 centre=10 
[2026-09-26 10:18:18]	[CulturalDiffusion] frontier city=327683 ring=4 best=10 bar=300 over=0/24 centre=10 
[2026-09-26 10:18:18]	[CulturalDiffusion] frontier city=393220 ring=4 best=1 bar=300 over=0/19 centre=10 
[2026-09-26 10:18:18]	[CulturalDiffusion] frontier city=458757 ring=4 best=0 bar=300 over=0/24 centre=10 
[2026-09-26 10:18:18]	[CulturalDiffusion] state bytes=4391 field=265 claims=0 locked=0 passMs=17 
[2026-09-26 10:18:18]	[CulturalDiffusion] pass: 0 flip(s), 0 pending, 0 ceded (0 pending), 0 AI flip(s) (0 pending), 0 conquest(s) (0 pending), confirmed 0 claim/0 cede (0 dropped), 0 orphan(s) healed, 0 inner tile(s) released to base game, 265 active field tile(s) 
[2026-09-26 10:18:18]	[CulturalDiffusion] pass (manual): flips=0 field tiles=52 
[2026-09-26 10:18:18]	[CDH] C2 PASS runNow={"flips":0,"pending":0,"tiles":52,"healed":0,"released":0,"ceded":0,"cedePending":0,"aiFlips":0,"aiPending":0,"conquests":0,"conquestPending":0,"occupied":1,"confirmed":0,"confirmedCede":0} 
[2026-09-26 10:18:18]	[CDH] C2 tile=83,32 owner=3 occupation={"by":0,"turns":1} pending=undefined claim=undefined locked=undefined units=[{"owner":0,"type":"UNIT_SPEARMAN","combat":true,"hp":0}] occupants=[0] 
[2026-09-26 10:18:30]	[CulturalDiffusion] inject 92,32 civ=0 culture=38.5 vitality=55.06 strength=82.98 stock=120.13 cap=165958.23 
[2026-09-26 10:18:30]	[CulturalDiffusion] inject 87,32 civ=0 culture=13 vitality=32.25 strength=33.98 stock=60.11 cap=67950.46 
[2026-09-26 10:18:30]	[CulturalDiffusion] inject 90,37 civ=0 culture=1 vitality=19.9 strength=5.42 stock=25.13 cap=10832.84 
[2026-09-26 10:18:30]	[CulturalDiffusion] inject 84,35 civ=0 culture=1 vitality=23.4 strength=5.73 stock=25.52 cap=11464.88 
[2026-09-26 10:18:30]	[CulturalDiffusion] inject 93,26 civ=0 culture=9 vitality=23.75 strength=24.04 stock=47.94 cap=48071.06 
[2026-09-26 10:18:30]	[CulturalDiffusion] inject 86,20 civ=0 culture=1 vitality=10.03 strength=4.26 stock=23.72 cap=8522.57 
[2026-09-26 10:18:30]	[CulturalDiffusion] inject 82,23 civ=3 culture=5 vitality=16.35 strength=9.36 stock=29.96 cap=18711.88 
[2026-09-26 10:18:30]	[CulturalDiffusion] inject 81,18 civ=3 culture=8 vitality=27.45 strength=15.22 stock=37.15 cap=30447.67 
[2026-09-26 10:18:30]	[CulturalDiffusion] inject 80,31 civ=3 culture=3 vitality=13.85 strength=6.33 stock=26.26 cap=12667.53 
[2026-09-26 10:18:30]	[CulturalDiffusion] frontier city=65536 ring=4 best=1 bar=300 over=0/23 centre=120.13 
[2026-09-26 10:18:30]	[CulturalDiffusion] frontier city=196609 ring=4 best=25.52 bar=300 over=0/24 centre=60.11 
[2026-09-26 10:18:30]	[CulturalDiffusion] frontier city=262146 ring=4 best=1 bar=300 over=0/24 centre=25.13 
[2026-09-26 10:18:30]	[CulturalDiffusion] frontier city=327683 ring=4 best=60.11 bar=300 over=0/24 centre=25.52 
[2026-09-26 10:18:30]	[CulturalDiffusion] frontier city=393220 ring=4 best=1 bar=300 over=0/19 centre=47.94 
[2026-09-26 10:18:30]	[CulturalDiffusion] frontier city=458757 ring=4 best=0 bar=300 over=0/24 centre=23.72 
[2026-09-26 10:18:30]	[CulturalDiffusion] state bytes=4562 field=267 claims=0 locked=0 passMs=15 
[2026-09-26 10:18:30]	[CulturalDiffusion] pass: 0 flip(s), 0 pending, 0 ceded (0 pending), 0 AI flip(s) (0 pending), 0 conquest(s) (0 pending), confirmed 0 claim/0 cede (0 dropped), 0 orphan(s) healed, 0 inner tile(s) released to base game, 267 active field tile(s) 
[2026-09-26 10:18:30]	[CulturalDiffusion] pass (turn 137): flips=0 field tiles=52 
[2026-09-26 10:18:35]	[CDH] TURN n=2 turn=137 
[2026-09-26 10:18:35]	[CDH] C2 tile=83,32 owner=3 occupation={"by":0,"turns":2} pending=undefined claim=undefined locked=undefined units=[{"owner":0,"type":"UNIT_SPEARMAN","combat":true,"hp":0}] occupants=[0] 
[2026-09-26 10:18:47]	[CulturalDiffusion] inject 92,32 civ=0 culture=38.5 vitality=55.06 strength=64.47 stock=396.8 cap=128944.91 
[2026-09-26 10:18:47]	[CulturalDiffusion] inject 87,32 civ=0 culture=13 vitality=32.25 strength=26.4 stock=145.37 cap=52795.61 
[2026-09-26 10:18:47]	[CulturalDiffusion] inject 90,37 civ=0 culture=1 vitality=19.9 strength=4.21 stock=41.05 cap=8416.82 
[2026-09-26 10:18:47]	[CulturalDiffusion] inject 84,35 civ=0 culture=1 vitality=23.4 strength=4.45 stock=41.96 cap=8907.89 
[2026-09-26 10:18:47]	[CulturalDiffusion] inject 93,26 civ=0 culture=5 vitality=23.75 strength=12.74 stock=88.72 cap=25489.54 
[2026-09-26 10:18:47]	[CulturalDiffusion] inject 86,20 civ=0 culture=1.2 vitality=12.19 strength=4 stock=39.07 cap=7994.92 
[2026-09-26 10:18:47]	[CulturalDiffusion] inject 82,23 civ=3 culture=5 vitality=17.85 strength=9.54 stock=57.69 cap=19089.93 
[2026-09-26 10:18:47]	[CulturalDiffusion] inject 81,18 civ=3 culture=8 vitality=28.95 strength=15.34 stock=80.51 cap=30689.22 
[2026-09-26 10:18:47]	[CulturalDiffusion] inject 80,31 civ=3 culture=3 vitality=13.85 strength=6.27 stock=46.38 cap=12532.47 
[2026-09-26 10:18:47]	[CulturalDiffusion] frontier city=65536 ring=4 best=1 bar=300 over=0/23 centre=396.8 
[2026-09-26 10:18:47]	[CulturalDiffusion] frontier city=196609 ring=4 best=41.96 bar=300 over=0/24 centre=145.37 
[2026-09-26 10:18:47]	[CulturalDiffusion] frontier city=262146 ring=4 best=1 bar=300 over=0/24 centre=41.05 
[2026-09-26 10:18:47]	[CulturalDiffusion] frontier city=327683 ring=4 best=145.37 bar=300 over=0/24 centre=41.96 
[2026-09-26 10:18:47]	[CulturalDiffusion] frontier city=393220 ring=4 best=1 bar=300 over=0/19 centre=88.72 
[2026-09-26 10:18:47]	[CulturalDiffusion] frontier city=458757 ring=4 best=0 bar=300 over=0/24 centre=39.07 
[2026-09-26 10:18:47]	[CulturalDiffusion] state bytes=4579 field=267 claims=0 locked=0 passMs=15 
[2026-09-26 10:18:47]	[CulturalDiffusion] pass: 0 flip(s), 0 pending, 0 ceded (0 pending), 0 AI flip(s) (0 pending), 0 conquest(s) (0 pending), confirmed 0 claim/0 cede (0 dropped), 0 orphan(s) healed, 0 inner tile(s) released to base game, 267 active field tile(s) 
[2026-09-26 10:18:47]	[CulturalDiffusion] pass (turn 138): flips=0 field tiles=52 
[2026-09-26 10:18:52]	[CDH] TURN n=3 turn=138 
[2026-09-26 10:18:52]	[CDH] C3 tile=83,32 owner=3 occupation={"by":0,"turns":3} pending=undefined claim=undefined locked=undefined units=[{"owner":0,"type":"UNIT_SPEARMAN","combat":true,"hp":0}] occupants=[0] 
[2026-09-26 10:19:10]	[CulturalDiffusion] inject 92,32 civ=0 culture=38.5 vitality=55.06 strength=64.18 stock=881.08 cap=128353.18 
[2026-09-26 10:19:10]	[CulturalDiffusion] inject 87,32 civ=0 culture=13 vitality=32.25 strength=26.28 stock=269.81 cap=52553.33 
[2026-09-26 10:19:10]	[CulturalDiffusion] inject 90,37 civ=0 culture=1 vitality=19.9 strength=4.19 stock=58.39 cap=8378.19 
[2026-09-26 10:19:10]	[CulturalDiffusion] inject 84,35 civ=0 culture=1 vitality=23.4 strength=4.43 stock=59.98 cap=8867.01 
[2026-09-26 10:19:10]	[CulturalDiffusion] inject 93,26 civ=0 culture=5 vitality=23.75 strength=12.69 stock=139.56 cap=25372.57 
[2026-09-26 10:19:10]	[CulturalDiffusion] inject 86,20 civ=0 culture=0 vitality=12.1 strength=0 stock=36.12 cap=0 
[2026-09-26 10:19:10]	[CulturalDiffusion] inject 82,23 civ=3 culture=5 vitality=17.85 strength=7.81 stock=86.79 cap=15619.98 
[2026-09-26 10:19:10]	[CulturalDiffusion] inject 81,18 civ=3 culture=8 vitality=28.95 strength=12.56 stock=129.11 cap=25110.89 
[2026-09-26 10:19:10]	[CulturalDiffusion] inject 80,31 civ=3 culture=3 vitality=14.9 strength=5.26 stock=66.94 cap=10520.12 
[2026-09-26 10:19:10]	[CulturalDiffusion] frontier city=65536 ring=4 best=1 bar=300 over=0/23 centre=881.08 
[2026-09-26 10:19:10]	[CulturalDiffusion] frontier city=196609 ring=4 best=83.3 bar=300 over=0/24 centre=269.81 
[2026-09-26 10:19:10]	[CulturalDiffusion] frontier city=262146 ring=4 best=1 bar=300 over=0/24 centre=58.39 
[2026-09-26 10:19:10]	[CulturalDiffusion] frontier city=327683 ring=4 best=269.81 bar=300 over=0/24 centre=59.98 
[2026-09-26 10:19:10]	[CulturalDiffusion] frontier city=393220 ring=4 best=1 bar=300 over=0/19 centre=139.56 
[2026-09-26 10:19:10]	[CulturalDiffusion] frontier city=458757 ring=4 best=0 bar=300 over=0/24 centre=36.12 
[2026-09-26 10:19:10]	[CulturalDiffusion] state bytes=4675 field=267 claims=0 locked=0 passMs=15 
[2026-09-26 10:19:10]	[CulturalDiffusion] pass: 0 flip(s), 0 pending, 0 ceded (0 pending), 0 AI flip(s) (0 pending), 0 conquest(s) (0 pending), confirmed 0 claim/0 cede (0 dropped), 0 orphan(s) healed, 0 inner tile(s) released to base game, 267 active field tile(s) 
[2026-09-26 10:19:10]	[CulturalDiffusion] pass (turn 139): flips=0 field tiles=52 
[2026-09-26 10:19:15]	[CDH] TURN n=4 turn=139 
[2026-09-26 10:19:15]	[CDH] C4 tile=83,32 owner=3 occupation={"by":0,"turns":4} pending=undefined claim=undefined locked=undefined units=[{"owner":0,"type":"UNIT_SPEARMAN","combat":true,"hp":0}] occupants=[0] 
[2026-09-26 10:19:28]	[CulturalDiffusion] inject 92,32 civ=0 culture=38.5 vitality=55.06 strength=63.76 stock=1579.04 cap=127522.55 
[2026-09-26 10:19:28]	[CulturalDiffusion] inject 87,32 civ=0 culture=13 vitality=32.25 strength=26.11 stock=431.4 cap=52213.23 
[2026-09-26 10:19:28]	[CulturalDiffusion] inject 90,37 civ=0 culture=1 vitality=19.9 strength=4.16 stock=76.79 cap=8323.97 
[2026-09-26 10:19:28]	[CulturalDiffusion] inject 84,35 civ=0 culture=1 vitality=23.4 strength=4.4 stock=79.2 cap=8809.63 
[2026-09-26 10:19:28]	[CulturalDiffusion] inject 93,26 civ=0 culture=5 vitality=22.35 strength=12.34 stock=198.04 cap=24677.98 
[2026-09-26 10:19:28]	[CulturalDiffusion] inject 86,20 civ=0 culture=0 vitality=9.52 strength=0 stock=33.31 cap=0 
[2026-09-26 10:19:28]	[CulturalDiffusion] inject 82,23 civ=3 culture=5 vitality=20.85 strength=8.44 stock=121.9 cap=16881.59 
[2026-09-26 10:19:28]	[CulturalDiffusion] inject 81,18 civ=3 culture=8 vitality=28.95 strength=12.85 stock=188.22 cap=25702.84 
[2026-09-26 10:19:28]	[CulturalDiffusion] inject 80,31 civ=3 culture=3 vitality=15.9 strength=5.51 stock=90.04 cap=11015.73 
[2026-09-26 10:19:28]	[CulturalDiffusion] frontier city=65536 ring=4 best=29.68 bar=300 over=0/23 centre=1579.04 
[2026-09-26 10:19:28]	[CulturalDiffusion] frontier city=196609 ring=4 best=223.52 bar=300 over=0/24 centre=431.4 
[2026-09-26 10:19:28]	[CulturalDiffusion] frontier city=262146 ring=4 best=90.86 bar=300 over=0/24 centre=76.79 
[2026-09-26 10:19:28]	[CulturalDiffusion] frontier city=327683 ring=4 best=431.4 bar=300 over=1/24 centre=79.2 
[2026-09-26 10:19:28]	[CulturalDiffusion] frontier city=393220 ring=4 best=1 bar=300 over=0/19 centre=198.04 
[2026-09-26 10:19:28]	[CulturalDiffusion] frontier city=458757 ring=4 best=0 bar=300 over=0/24 centre=33.31 
[2026-09-26 10:19:28]	[CulturalDiffusion] conquest 83,32: taken from player 3 by player 0's unit; pending confirmation next pass 
[2026-09-26 10:19:28]	[CulturalDiffusion] state bytes=4873 field=271 claims=0 locked=0 passMs=17 
[2026-09-26 10:19:28]	[CulturalDiffusion] pass: 0 flip(s), 0 pending, 0 ceded (0 pending), 0 AI flip(s) (0 pending), 0 conquest(s) (1 pending), confirmed 0 claim/0 cede (0 dropped), 0 orphan(s) healed, 0 inner tile(s) released to base game, 271 active field tile(s) 
[2026-09-26 10:19:28]	[CulturalDiffusion] pass (turn 140): flips=0 field tiles=53 
[2026-09-26 10:19:33]	[CDH] TURN n=5 turn=140 
[2026-09-26 10:19:33]	[CDH] C5 tile=83,32 owner=0 occupation=undefined pending={"kind":"claim","by":0,"city":327683,"turn":140,"was":3,"hold":10} claim=undefined locked=undefined units=[{"owner":0,"type":"UNIT_SPEARMAN","combat":true,"hp":0}] occupants=[] 
[2026-09-26 10:19:46]	[CulturalDiffusion] notify: (83,32) player 3 -> player 0 
[2026-09-26 10:19:46]	[CulturalDiffusion] pending 83,32 claim confirmed on the live map 
[2026-09-26 10:19:46]	[CulturalDiffusion] inject 92,32 civ=0 culture=38.5 vitality=55.06 strength=63.16 stock=2481.2 cap=126329.86 
[2026-09-26 10:19:46]	[CulturalDiffusion] inject 87,32 civ=0 culture=13 vitality=32.25 strength=25.86 stock=626.87 cap=51724.89 
[2026-09-26 10:19:46]	[CulturalDiffusion] inject 90,37 civ=0 culture=1 vitality=19.9 strength=4.12 stock=95.94 cap=8246.12 
[2026-09-26 10:19:46]	[CulturalDiffusion] inject 84,35 civ=0 culture=1 vitality=23.4 strength=4.36 stock=99.28 cap=8727.23 
[2026-09-26 10:19:46]	[CulturalDiffusion] inject 93,26 civ=0 culture=5 vitality=22.35 strength=12.22 stock=263.76 cap=24447.17 
[2026-09-26 10:19:46]	[CulturalDiffusion] inject 86,20 civ=0 culture=0 vitality=8 strength=0 stock=30.65 cap=0 
[2026-09-26 10:19:46]	[CulturalDiffusion] inject 82,23 civ=3 culture=5 vitality=20.85 strength=8.18 stock=159.79 cap=16364.1 
[2026-09-26 10:19:46]	[CulturalDiffusion] inject 81,18 civ=3 culture=8 vitality=29.95 strength=12.61 stock=254.79 cap=25212.85 
[2026-09-26 10:19:46]	[CulturalDiffusion] inject 80,31 civ=3 culture=3 vitality=17.35 strength=5.5 stock=114.77 cap=11009.26 
[2026-09-26 10:19:46]	[CulturalDiffusion] frontier city=65536 ring=4 best=73.13 bar=300 over=0/23 centre=2481.2 
[2026-09-26 10:19:46]	[CulturalDiffusion] frontier city=196609 ring=4 best=471.88 bar=300 over=1/24 centre=626.87 
[2026-09-26 10:19:46]	[CulturalDiffusion] frontier city=262146 ring=4 best=248.16 bar=300 over=0/24 centre=95.94 
[2026-09-26 10:19:46]	[CulturalDiffusion] frontier city=327683 ring=4 best=626.87 bar=300 over=1/24 centre=99.28 
[2026-09-26 10:19:46]	[CulturalDiffusion] frontier city=393220 ring=4 best=1 bar=300 over=0/19 centre=263.76 
[2026-09-26 10:19:46]	[CulturalDiffusion] frontier city=458757 ring=4 best=0 bar=300 over=0/24 centre=30.65 
[2026-09-26 10:19:46]	[CulturalDiffusion] state bytes=4986 field=275 claims=0 locked=1 passMs=16 
[2026-09-26 10:19:46]	[CulturalDiffusion] pass: 0 flip(s), 0 pending, 0 ceded (0 pending), 0 AI flip(s) (0 pending), 0 conquest(s) (0 pending), confirmed 1 claim/0 cede (0 dropped), 0 orphan(s) healed, 1 inner tile(s) released to base game, 275 active field tile(s) 
[2026-09-26 10:19:46]	[CulturalDiffusion] pass (turn 141): flips=0 field tiles=55 
[2026-09-26 10:19:51]	[CDH] TURN n=6 turn=141 
[2026-09-26 10:19:51]	[CDH] C6 tile=83,32 owner=0 occupation=undefined pending=undefined claim=undefined locked=10 units=[{"owner":0,"type":"UNIT_SPEARMAN","combat":true,"hp":0}] occupants=[] 
[2026-09-26 10:19:51]	[CDH] FINAL tile=83,32 owner=0 occupation=undefined pending=undefined claim=undefined locked=10 units=[{"owner":0,"type":"UNIT_SPEARMAN","combat":true,"hp":0}] occupants=[] 
[2026-09-26 10:19:51]	[CDH] VERDICT CONQUEST FLIP LANDED: 83,32 is ours after the hold 
[2026-09-26 10:19:51]	[CDH] DONE harness conquest finished 
