[10:17:35] autosaves backed up: 10
[10:17:35] registry before: 1449=0  (restoring Disabled=0 afterwards)
[10:17:35] patched ui/cd-config.js: 'conquestFlip: false,' -> 'conquestFlip: true,' (1 hit(s))
[10:17:35] deployed mod: debug=1 affectsSaves0=1
[10:17:35] harness installed: cdh-game-conquest.js on AugustusAnt136.Civ7Save
[10:17:35] previous UI.log kept at /Users/tylermiller/Library/Application Support/Civilization VII/cd-harness-backup/UI-before-conquest2-20260926-101735.log (2412 lines)
[10:17:37] game pid 29871
[10:19:59] result=done after 128s
[10:19:59] collected AI_Behavior_Tree_Events.csv (11 lines)
[10:19:59] collected AI_Behavior_Trees.csv (8569 lines)
[10:19:59] collected AI_CityStrategy.csv (19 lines)
[10:19:59] collected AI_CombatPlanning.csv (2144 lines)
[10:19:59] collected AI_Commander_Promotions.csv (18 lines)
[10:19:59] collected AI_DiplomaticActions.csv (442 lines)
[10:19:59] collected AI_Leader.csv (3 lines)
[10:19:59] collected AI_Market.csv (306 lines)
[10:19:59] collected AI_MayhemTracker.csv (212 lines)
[10:19:59] collected AI_MovementPlanning.csv (4669 lines)
[10:20:00] collected AI_Operation.csv (3717 lines)
[10:20:00] collected AI_Operation_Eval.csv (366 lines)
[10:20:00] collected AI_Recruiting.csv (16087 lines)
[10:20:00] collected AI_Tactical.csv (1226 lines)
[10:20:00] collected AI_Targets.csv (21764 lines)
[10:20:00] collected AI_UnitEfficiency.csv (115 lines)
[10:20:00] collected AI_Victories.csv (7 lines)
[10:20:08] restored: registry 1451=0  harness present: no debugPatched: 0
[10:20:08] autosaves changed during the run; putting the player's back
[10:20:08] FINISHED result=done  log: /Users/tylermiller/Repos/civilization_mods/civilization_vii_mods/tower_mods/cultural_diffusion/devtools/harness/conquest2-UI.log
RUNNER_EXIT=0
