[13:47:47] LocalStorage.sqlite backed up
[13:47:47] autosaves backed up: 10
[13:47:47] registry before: 2363=0  (restoring Disabled=0 afterward)
[13:47:47] deployed mod: debug=1 affectsSaves0=1
[13:47:47] NO_MOD=1: Cultural Diffusion left DISABLED for this run (control)
[13:47:47] harness installed: cdh-game-dangle.js on CDH-AM-Ant159.Civ7Save
[13:47:47] previous UI.log kept at /Users/USER/Library/Application Support/Civilization VII/cd-harness-backup/UI-before-dangle-dangling-1-20261006-134747.log (533 lines)
[13:47:49] game pid 37361
[13:48:57] result=crashed after 68s
[13:48:58] collected AI_Behavior_Tree_Events.csv (3 lines)
[13:48:58] collected AI_Behavior_Trees.csv (1659 lines)
[13:48:58] collected AI_CityStrategy.csv (2 lines)
[13:48:58] collected AI_CombatPlanning.csv (413 lines)
[13:48:58] collected AI_Commander_Promotions.csv (6 lines)
[13:48:58] collected AI_DiplomaticActions.csv (85 lines)
[13:48:58] collected AI_Market.csv (23 lines)
[13:48:58] collected AI_MayhemTracker.csv (37 lines)
[13:48:58] collected AI_MovementPlanning.csv (1023 lines)
[13:48:58] collected AI_Operation.csv (663 lines)
[13:48:58] collected AI_Operation_Eval.csv (71 lines)
[13:48:58] collected AI_Recruiting.csv (3081 lines)
[13:48:58] collected AI_Tactical.csv (326 lines)
[13:48:58] collected AI_Targets.csv (5270 lines)
[13:48:58] collected AI_UnitEfficiency.csv (256 lines)
[13:48:58] collected AI_Victories.csv (1 lines)
[13:48:58] waiting 60s for the crash report to land
[13:49:58] crash report: CivilizationVII-2026-10-06-134916.ips
[13:50:06] LocalStorage.sqlite restored (the run had changed it; its copy is in the trash folder)
[13:50:06] restored: registry 2365=0  harness present: no debugPatched: 0
[13:50:06] autosaves changed during the run; putting the player's back
[13:50:06] FINISHED result=crashed  log: /Users/USER/Repos/civilization_mods/civilization_vii_mods/tower_mods/cultural_diffusion/devtools/harness/dangle-dangling-1-UI.log
RUN_EXIT=0
