[13:52:26] LocalStorage.sqlite backed up
[13:52:26] autosaves backed up: 10
[13:52:26] registry before: 2367=0  (restoring Disabled=0 afterward)
[13:52:26] deployed mod: debug=1 affectsSaves0=1
[13:52:26] NO_MOD=1: Cultural Diffusion left DISABLED for this run (control)
[13:52:26] harness installed: cdh-game-dangle-bare.js on CDH-AM-Ant159.Civ7Save
[13:52:26] previous UI.log kept at /Users/USER/Library/Application Support/Civilization VII/cd-harness-backup/UI-before-dangle-bare-1-20261006-135226.log (893 lines)
[13:52:28] game pid 42515
[13:53:36] result=crashed after 64s
[13:53:36] collected AI_Behavior_Tree_Events.csv (3 lines)
[13:53:36] collected AI_Behavior_Trees.csv (1647 lines)
[13:53:36] collected AI_CityStrategy.csv (2 lines)
[13:53:36] collected AI_CombatPlanning.csv (406 lines)
[13:53:36] collected AI_Commander_Promotions.csv (6 lines)
[13:53:36] collected AI_DiplomaticActions.csv (85 lines)
[13:53:36] collected AI_Market.csv (21 lines)
[13:53:36] collected AI_MayhemTracker.csv (36 lines)
[13:53:36] collected AI_MovementPlanning.csv (1023 lines)
[13:53:36] collected AI_Operation.csv (650 lines)
[13:53:36] collected AI_Operation_Eval.csv (71 lines)
[13:53:36] collected AI_Recruiting.csv (3068 lines)
[13:53:36] collected AI_Tactical.csv (328 lines)
[13:53:36] collected AI_Targets.csv (5273 lines)
[13:53:36] collected AI_UnitEfficiency.csv (256 lines)
[13:53:36] collected AI_Victories.csv (1 lines)
[13:53:36] waiting 60s for the crash report to land
[13:54:36] crash report: CivilizationVII-2026-10-06-135338.ips
[13:54:44] LocalStorage.sqlite restored (the run had changed it; its copy is in the trash folder)
[13:54:44] restored: registry 2369=0  harness present: no debugPatched: 0
[13:54:44] autosaves changed during the run; putting the player's back
[13:54:44] FINISHED result=crashed  log: /Users/USER/Repos/civilization_mods/civilization_vii_mods/tower_mods/cultural_diffusion/devtools/harness/dangle-bare-1-UI.log
RUN_EXIT=0
