[2026-10-06 14:03:24]	[CDH] shell attached 
[2026-10-06 14:03:25]	[CDH] shell query complete 
[2026-10-06 14:03:26]	[CDH] shell found CDH-AM-Ant159.Civ7Save turn 159 age AGE_ANTIQUITY missingMods=0 unowned=0 
[2026-10-06 14:03:26]	[CDH] shell handleLoadSave returned true 
[2026-10-06 14:03:43]	[CDH] attached dangle-clear 
[2026-10-06 14:03:48]	[CDH] LOAD GameStarted 
[2026-10-06 14:03:56]	[CDH] DANGLE start mode=clear turn=159 age=AGE_ANTIQUITY countdown=true cur=159 max=160 
[2026-10-06 14:03:56]	[CDH] CLEAR round 1: dangling=24 
[2026-10-06 14:03:57]	[CDH] CLEAR no buyer for 84,30 owner=0 
[2026-10-06 14:03:57]	[CDH] CLEAR no buyer for 92,36 owner=0 
[2026-10-06 14:03:57]	[CDH] CLEAR no buyer for 88,37 owner=0 
[2026-10-06 14:04:03]	[CDH] CLEAR round 2: dangling=4 
[2026-10-06 14:04:09]	[CDH] CLEAR round 3: dangling=2 
[2026-10-06 14:04:15]	[CDH] CLEAR round 4: dangling=2 
[2026-10-06 14:04:21]	[CDH] CLEAR done: dangling=2 84,29 84,30 
[2026-10-06 14:04:21]	[CDH] CLEARED all=false 
[2026-10-06 14:04:21]	[CDH] TURN turn=159 age=AGE_ANTIQUITY 
[2026-10-06 14:04:33]	[CDH] TURN turn=160 age=AGE_ANTIQUITY 
[2026-10-06 14:04:57]	[CDH] attached dangle-clear 
[2026-10-06 14:05:03]	[CDH] LOAD GameStarted 
[2026-10-06 14:05:11]	[CDH] DANGLE start mode=clear turn=1 age=AGE_EXPLORATION countdown=false cur=1 max=160 
[2026-10-06 14:05:11]	[CDH] after transition: no moves 
[2026-10-06 14:05:11]	[CDH] TURN turn=1 age=AGE_EXPLORATION 
[2026-10-06 14:05:19]	[CDH] TURN turn=2 age=AGE_EXPLORATION 
[2026-10-06 14:05:27]	[CDH] TURN turn=3 age=AGE_EXPLORATION 
[2026-10-06 14:05:27]	[CDH] DONE harness dangle finished mode=clear: reached Exploration turn 3 
