[13:50:06] LocalStorage.sqlite backed up
[13:50:06] autosaves backed up: 10
[13:50:06] registry before: 2365=0  (restoring Disabled=0 afterward)
[13:50:06] deployed mod: debug=1 affectsSaves0=1
[13:50:06] NO_MOD=1: Cultural Diffusion left DISABLED for this run (control)
[13:50:06] harness installed: cdh-game-dangle-none.js on CDH-AM-Ant159.Civ7Save
[13:50:06] previous UI.log kept at /Users/USER/Library/Application Support/Civilization VII/cd-harness-backup/UI-before-dangle-none-1-20261006-135006.log (919 lines)
[13:50:09] game pid 39881
[13:51:17] result=crashed after 68s
[13:51:17] collected AI_Behavior_Tree_Events.csv (3 lines)
[13:51:17] collected AI_Behavior_Trees.csv (1647 lines)
[13:51:17] collected AI_CityStrategy.csv (2 lines)
[13:51:17] collected AI_CombatPlanning.csv (406 lines)
[13:51:17] collected AI_Commander_Promotions.csv (6 lines)
[13:51:17] collected AI_DiplomaticActions.csv (85 lines)
[13:51:17] collected AI_Market.csv (21 lines)
[13:51:17] collected AI_MayhemTracker.csv (36 lines)
[13:51:17] collected AI_MovementPlanning.csv (1023 lines)
[13:51:17] collected AI_Operation.csv (650 lines)
[13:51:17] collected AI_Operation_Eval.csv (71 lines)
[13:51:17] collected AI_Recruiting.csv (3068 lines)
[13:51:17] collected AI_Tactical.csv (328 lines)
[13:51:17] collected AI_Targets.csv (5272 lines)
[13:51:17] collected AI_UnitEfficiency.csv (256 lines)
[13:51:17] collected AI_Victories.csv (1 lines)
[13:51:17] waiting 60s for the crash report to land
[13:52:17] crash report: CivilizationVII-2026-10-06-135119.ips
[13:52:25] LocalStorage.sqlite restored (the run had changed it; its copy is in the trash folder)
[13:52:25] restored: registry 2367=0  harness present: no debugPatched: 0
[13:52:26] autosaves changed during the run; putting the player's back
[13:52:26] FINISHED result=crashed  log: /Users/USER/Repos/civilization_mods/civilization_vii_mods/tower_mods/cultural_diffusion/devtools/harness/dangle-none-1-UI.log
RUN_EXIT=0
