[14:05:54] LocalStorage.sqlite backed up
[14:05:54] autosaves backed up: 10
[14:05:54] registry before: 2377=0  (restoring Disabled=0 afterward)
[14:05:54] deployed mod: debug=1 affectsSaves0=1
[14:05:54] NO_MOD=1: Cultural Diffusion left DISABLED for this run (control)
[14:05:54] harness installed: cdh-game-dangle-clear.js on CDH-AM-Ant159.Civ7Save
[14:05:54] previous UI.log kept at /Users/USER/Library/Application Support/Civilization VII/cd-harness-backup/UI-before-dangle-clear-2-20261006-140554.log (1374 lines)
[14:05:56] game pid 57934
[14:08:18] result=done after 132s
[14:08:18] collected AI_Behavior_Tree_Events.csv (12 lines)
[14:08:18] collected AI_Behavior_Trees.csv (2962 lines)
[14:08:18] collected AI_CityStrategy.csv (126 lines)
[14:08:18] collected AI_CombatPlanning.csv (456 lines)
[14:08:18] collected AI_Commander_Promotions.csv (6 lines)
[14:08:18] collected AI_Dedications.csv (69 lines)
[14:08:18] collected AI_DiplomaticActions.csv (211 lines)
[14:08:18] collected AI_Market.csv (130 lines)
[14:08:18] collected AI_MayhemTracker.csv (44 lines)
[14:08:18] collected AI_MovementPlanning.csv (2265 lines)
[14:08:18] collected AI_Operation.csv (1188 lines)
[14:08:18] collected AI_Operation_Eval.csv (85 lines)
[14:08:18] collected AI_Recruiting.csv (9043 lines)
[14:08:18] collected AI_Tactical.csv (1015 lines)
[14:08:18] collected AI_Targets.csv (11118 lines)
[14:08:18] collected AI_UnitEfficiency.csv (256 lines)
[14:08:18] collected AI_Victories.csv (26 lines)
[14:08:26] LocalStorage.sqlite restored (the run had changed it; its copy is in the trash folder)
[14:08:26] restored: registry 2379=0  harness present: no debugPatched: 0
[14:08:26] autosaves changed during the run; putting the player's back
[14:08:26] FINISHED result=done  log: /Users/USER/Repos/civilization_mods/civilization_vii_mods/tower_mods/cultural_diffusion/devtools/harness/dangle-clear-2-UI.log
