[13:28:24] LocalStorage.sqlite backed up
[13:28:24] autosaves backed up: 10
[13:28:24] registry before: 2354=0  (restoring Disabled=0 afterward)
[13:28:24] deployed mod: debug=1 affectsSaves0=1
[13:28:24] NO_MOD=1: Cultural Diffusion left DISABLED for this run (control)
[13:28:24] harness installed: cdh-game-district-flip-bare.js on AugustusExp66.Civ7Save
[13:28:24] previous UI.log kept at /Users/USER/Library/Application Support/Civilization VII/cd-harness-backup/UI-before-dflip-bare1-20261006-132824.log (1755 lines)
[13:28:30] game pid 7567
[13:31:14] result=done after 156s
[13:31:14] collected AI_Behavior_Tree_Events.csv (9 lines)
[13:31:14] collected AI_Behavior_Trees.csv (3896 lines)
[13:31:14] collected AI_CityStrategy.csv (4 lines)
[13:31:14] collected AI_CombatPlanning.csv (424 lines)
[13:31:14] collected AI_Commander_Promotions.csv (2 lines)
[13:31:14] collected AI_DiplomaticActions.csv (245 lines)
[13:31:14] collected AI_Market.csv (62 lines)
[13:31:14] collected AI_MayhemTracker.csv (71 lines)
[13:31:14] collected AI_MovementPlanning.csv (4511 lines)
[13:31:14] collected AI_Operation.csv (1710 lines)
[13:31:14] collected AI_Operation_Eval.csv (52 lines)
[13:31:14] collected AI_Recruiting.csv (15223 lines)
[13:31:14] collected AI_Tactical.csv (790 lines)
[13:31:14] collected AI_Targets.csv (22597 lines)
[13:31:14] collected AI_UnitEfficiency.csv (141 lines)
[13:31:14] collected AI_Victories.csv (1 lines)
[13:31:22] LocalStorage.sqlite restored (the run had changed it; its copy is in the trash folder)
[13:31:22] restored: registry 2356=0  harness present: no debugPatched: 0
[13:31:22] autosaves changed during the run; putting the player's back
[13:31:22] FINISHED result=done  log: /Users/USER/Repos/civilization_mods/civilization_vii_mods/tower_mods/cultural_diffusion/devtools/harness/dflip-bare1-UI.log
RUN_EXIT=0
