[13:25:57] LocalStorage.sqlite backed up
[13:25:57] autosaves backed up: 10
[13:25:57] registry before: 2352=0  (restoring Disabled=0 afterward)
[13:25:57] deployed mod: debug=1 affectsSaves0=1
[13:25:57] NO_MOD=1: Cultural Diffusion left DISABLED for this run (control)
[13:25:57] harness installed: cdh-game-district-flip.js on AugustusExp66.Civ7Save
[13:25:57] previous UI.log kept at /Users/USER/Library/Application Support/Civilization VII/cd-harness-backup/UI-before-dflip-district1-20261006-132557.log (76 lines)
[13:25:59] game pid 4945
[13:28:15] result=done after 116s
[13:28:15] collected AI_Behavior_Tree_Events.csv (9 lines)
[13:28:15] collected AI_Behavior_Trees.csv (3896 lines)
[13:28:15] collected AI_CityStrategy.csv (6 lines)
[13:28:15] collected AI_CombatPlanning.csv (379 lines)
[13:28:15] collected AI_Commander_Promotions.csv (2 lines)
[13:28:15] collected AI_DiplomaticActions.csv (244 lines)
[13:28:15] collected AI_Market.csv (62 lines)
[13:28:15] collected AI_MayhemTracker.csv (64 lines)
[13:28:15] collected AI_MovementPlanning.csv (4411 lines)
[13:28:15] collected AI_Operation.csv (1713 lines)
[13:28:15] collected AI_Operation_Eval.csv (52 lines)
[13:28:15] collected AI_Recruiting.csv (15209 lines)
[13:28:15] collected AI_Tactical.csv (794 lines)
[13:28:15] collected AI_Targets.csv (21930 lines)
[13:28:15] collected AI_UnitEfficiency.csv (141 lines)
[13:28:15] collected AI_Victories.csv (1 lines)
[13:28:23] LocalStorage.sqlite restored (the run had changed it; its copy is in the trash folder)
[13:28:23] restored: registry 2354=0  harness present: no debugPatched: 0
[13:28:23] autosaves changed during the run; putting the player's back
[13:28:24] FINISHED result=done  log: /Users/USER/Repos/civilization_mods/civilization_vii_mods/tower_mods/cultural_diffusion/devtools/harness/dflip-district1-UI.log
RUN_EXIT=0
