[2026-10-06 14:50:25]	[CDH] shell attached 
[2026-10-06 14:50:27]	[CDH] shell query complete 
[2026-10-06 14:50:27]	[CDH] shell found CDH-AM-Ant155.Civ7Save turn 155 age AGE_ANTIQUITY missingMods=0 unowned=0 
[2026-10-06 14:50:27]	[CDH] shell handleLoadSave returned true 
[2026-10-06 14:50:45]	[CDH] attached damage-read 
[2026-10-06 14:50:59]	[CDH] DAMAGE turn=155 dangling=21 
[2026-10-06 14:50:59]	[CDH] TILE 85,18 owner=3 id={"owner":3,"id":6160473,"type":4} idOwnerPlayer=3 owningCity=p3:Hilo inDistrictListOf=[] inPurchasedPlotsOf=["p3:Hilo"] cons=0 districtAtLoc=null idAtLoc={"owner":-1,"id":-1,"type":0} 
[2026-10-06 14:50:59]	[CDH] TILE 87,18 owner=3 id={"owner":3,"id":5636177,"type":4} idOwnerPlayer=3 owningCity=p3:Hilo inDistrictListOf=[] inPurchasedPlotsOf=["p3:Hilo"] cons=0 districtAtLoc=null idAtLoc={"owner":-1,"id":-1,"type":0} 
[2026-10-06 14:50:59]	[CDH] TILE 86,19 owner=3 id={"owner":3,"id":4980807,"type":4} idOwnerPlayer=3 owningCity=p3:Lihu'e inDistrictListOf=[] inPurchasedPlotsOf=["p3:Lihu'e"] cons=0 districtAtLoc=null idAtLoc={"owner":-1,"id":-1,"type":0} 
[2026-10-06 14:50:59]	[CDH] TILE 85,21 owner=3 id={"owner":3,"id":5111881,"type":4} idOwnerPlayer=3 owningCity=p3:Lihu'e inDistrictListOf=[] inPurchasedPlotsOf=["p3:Lihu'e"] cons=0 districtAtLoc=null idAtLoc={"owner":-1,"id":-1,"type":0} 
[2026-10-06 14:50:59]	[CDH] TILE 87,21 owner=3 id={"owner":3,"id":5767251,"type":4} idOwnerPlayer=3 owningCity=p3:Lihu'e inDistrictListOf=[] inPurchasedPlotsOf=["p3:Lihu'e"] cons=0 districtAtLoc=null idAtLoc={"owner":-1,"id":-1,"type":0} 
[2026-10-06 14:50:59]	[CDH] TILE 88,22 owner=3 id={"owner":3,"id":5898325,"type":4} idOwnerPlayer=3 owningCity=p3:Lihu'e inDistrictListOf=[] inPurchasedPlotsOf=["p3:Lihu'e"] cons=0 districtAtLoc=null idAtLoc={"owner":-1,"id":-1,"type":0} 
[2026-10-06 14:50:59]	[CDH] TILE 84,29 owner=0 id={"owner":0,"id":327683,"type":4} idOwnerPlayer=0 owningCity=p0:Birmingham inDistrictListOf=[] inPurchasedPlotsOf=["p0:Birmingham"] cons=0 districtAtLoc=null idAtLoc={"owner":-1,"id":-1,"type":0} 
[2026-10-06 14:50:59]	[CDH] TILE 84,30 owner=0 id={"owner":0,"id":393220,"type":4} idOwnerPlayer=0 owningCity=p0:Birmingham inDistrictListOf=[] inPurchasedPlotsOf=["p0:Birmingham"] cons=0 districtAtLoc=null idAtLoc={"owner":-1,"id":-1,"type":0} 
[2026-10-06 14:50:59]	[CDH] TILE 81,31 owner=0 id={"owner":0,"id":3932212,"type":4} idOwnerPlayer=0 owningCity=p0:Megiddo inDistrictListOf=[] inPurchasedPlotsOf=["p0:Megiddo"] cons=0 districtAtLoc=null idAtLoc={"owner":-1,"id":-1,"type":0} 
[2026-10-06 14:50:59]	[CDH] TILE 82,31 owner=0 id={"owner":0,"id":4063286,"type":4} idOwnerPlayer=0 owningCity=p0:Megiddo inDistrictListOf=[] inPurchasedPlotsOf=["p0:Megiddo"] cons=0 districtAtLoc=null idAtLoc={"owner":-1,"id":-1,"type":0} 
[2026-10-06 14:50:59]	[CDH] TILE 83,31 owner=0 id={"owner":0,"id":4128823,"type":4} idOwnerPlayer=0 owningCity=p0:Birmingham inDistrictListOf=[] inPurchasedPlotsOf=["p0:Birmingham"] cons=0 districtAtLoc=null idAtLoc={"owner":-1,"id":-1,"type":0} 
[2026-10-06 14:50:59]	[CDH] TILE 80,32 owner=0 id={"owner":0,"id":4390950,"type":4} idOwnerPlayer=0 owningCity=p0:Megiddo inDistrictListOf=[] inPurchasedPlotsOf=["p0:Megiddo"] cons=0 districtAtLoc=null idAtLoc={"owner":-1,"id":-1,"type":0} 
[2026-10-06 14:50:59]	[CDH] CITY near-dangling p3 Hilo@81,18 pop(u/r)=17/5/12 purchased=43 ppDangling=2 ppOwnedByOthers=0 ppOwningCityMismatch=0 districtIds=16 unresolvable=0 districtLocs=16 workers=4 workersOnForeignPlots=0 keysWorkers=PlotIndex,CityID,NumWorkers,MaxWorkers,IsBlocked,CurrentYields,CurrentMaintenance,NextYields,NextMaintenance 
[2026-10-06 14:50:59]	[CDH] CITY near-dangling p3 Lihu'e@82,23 pop(u/r)=10/1/9 purchased=39 ppDangling=4 ppOwnedByOthers=0 ppOwningCityMismatch=0 districtIds=9 unresolvable=0 districtLocs=9 workers=1 workersOnForeignPlots=0 keysWorkers=PlotIndex,CityID,NumWorkers,MaxWorkers,IsBlocked,CurrentYields,CurrentMaintenance,NextYields,NextMaintenance 
[2026-10-06 14:50:59]	[CDH] CITY near-dangling p0 Birmingham@87,32 pop(u/r)=23/6/17 purchased=45 ppDangling=4 ppOwnedByOthers=0 ppOwningCityMismatch=0 districtIds=21 unresolvable=0 districtLocs=21 workers=4 workersOnForeignPlots=0 keysWorkers=PlotIndex,CityID,NumWorkers,MaxWorkers,IsBlocked,CurrentYields,CurrentMaintenance,NextYields,NextMaintenance 
[2026-10-06 14:50:59]	[CDH] CITY near-dangling p0 Megiddo@84,35 pop(u/r)=12/1/11 purchased=48 ppDangling=5 ppOwnedByOthers=0 ppOwningCityMismatch=0 districtIds=11 unresolvable=0 districtLocs=11 workers=1 workersOnForeignPlots=0 keysWorkers=PlotIndex,CityID,NumWorkers,MaxWorkers,IsBlocked,CurrentYields,CurrentMaintenance,NextYields,NextMaintenance 
[2026-10-06 14:50:59]	[CDH] CITY control p0 London@92,32 pop(u/r)=27/14/11 purchased=50 ppDangling=6 ppOwnedByOthers=0 ppOwningCityMismatch=0 districtIds=25 unresolvable=0 districtLocs=25 workers=9 workersOnForeignPlots=0 keysWorkers=PlotIndex,CityID,NumWorkers,MaxWorkers,IsBlocked,CurrentYields,CurrentMaintenance,NextYields,NextMaintenance 
[2026-10-06 14:50:59]	[CDH] DONE harness damage-read finished 
