[13:13:54] LocalStorage.sqlite backed up
[13:13:54] autosaves backed up: 10
[13:13:54] registry before: 2347=0  (restoring Disabled=0 afterward)
[13:13:54] deployed mod: debug=1 affectsSaves0=1
[13:13:54] NO_MOD=1: Cultural Diffusion left DISABLED for this run (control)
[13:13:54] harness installed: cdh-game-district-scan.js on AugustusExp66.Civ7Save
[13:13:54] previous UI.log kept at /Users/USER/Library/Application Support/Civilization VII/cd-harness-backup/UI-before-dscan-aug66-20261006-131354.log (22045 lines)
[13:13:57] game pid 94470
[13:24:35] result=timeout after 600s
[13:24:35] collected AI_Behavior_Tree_Events.csv (3 lines)
[13:24:35] collected AI_Behavior_Trees.csv (1288 lines)
[13:24:35] collected AI_CityStrategy.csv (1 lines)
[13:24:35] collected AI_CombatPlanning.csv (109 lines)
[13:24:35] collected AI_DiplomaticActions.csv (81 lines)
[13:24:35] collected AI_Market.csv (9 lines)
[13:24:35] collected AI_MayhemTracker.csv (21 lines)
[13:24:35] collected AI_MovementPlanning.csv (905 lines)
[13:24:35] collected AI_Operation.csv (562 lines)
[13:24:35] collected AI_Operation_Eval.csv (17 lines)
[13:24:36] collected AI_Recruiting.csv (5054 lines)
[13:24:36] collected AI_Tactical.csv (256 lines)
[13:24:36] collected AI_Targets.csv (4121 lines)
[13:24:36] collected AI_UnitEfficiency.csv (141 lines)
[13:24:36] collected AI_Victories.csv (1 lines)
[13:24:44] LocalStorage.sqlite restored (the run had changed it; its copy is in the trash folder)
[13:24:44] restored: registry 2350=0  harness present: no debugPatched: 0
[13:24:44] autosaves changed during the run; putting the player's back
[13:24:44] FINISHED result=timeout  log: /Users/USER/Repos/civilization_mods/civilization_vii_mods/tower_mods/cultural_diffusion/devtools/harness/dscan-aug66-UI.log
RUN_EXIT=0
