[2026-10-06 00:21:32]	[CDH] shell attached 
[2026-10-06 00:21:33]	[CDH] shell query complete 
[2026-10-06 00:21:34]	[CDH] shell found AugustusExp1.Civ7Save turn 1 age AGE_EXPLORATION missingMods=0 unowned=0 
[2026-10-06 00:21:34]	[CDH] shell handleLoadSave returned true 
[2026-10-06 00:21:50]	[CDH] attached transition-district 
[2026-10-06 00:21:55]	[CDH] LOAD GameStarted 
[2026-10-06 00:22:05]	[CDH] VALUABLE start turn=1 age=AGE_EXPLORATION majors=[0,1,2,3,4,5,6,7,8,9] 
[2026-10-06 00:22:05]	[CDH] DISTRICT READ check: 92,32 probe=DISTRICT_CITY_CENTER mod=null(getDistrictType undefined) | 64,14 probe=DISTRICT_CITY_CENTER mod=null(getDistrictType undefined) | 70,54 probe=DISTRICT_CITY_CENTER mod=null(getDistrictType undefined) 
[2026-10-06 00:22:05]	[CDH] FLIP T0 district 80,15 3->1 dist=DISTRICT_RURAL cons=["IMPROVEMENT_MINE_RESOURCE"] 
[2026-10-06 00:22:05]	[CDH] FLIP T0 district 83,19 3->0 dist=DISTRICT_RURAL cons=["IMPROVEMENT_FARM"] 
[2026-10-06 00:22:05]	[CDH] FLIP T0 district 81,20 3->0 dist=DISTRICT_RURAL cons=["IMPROVEMENT_FARM"] 
[2026-10-06 00:22:05]	[CDH] FLIP T0 district 82,20 3->0 dist=DISTRICT_URBAN cons=["BUILDING_BARRACKS"] 
[2026-10-06 00:22:05]	[CDH] FLIP T0 district 83,20 3->0 dist=DISTRICT_RURAL cons=["IMPROVEMENT_WOODCUTTER"] 
[2026-10-06 00:22:05]	[CDH] FLIP T0 district 79,21 0->3 dist=DISTRICT_RURAL cons=["IMPROVEMENT_FISHING_BOAT"] 
[2026-10-06 00:22:05]	[CDH] FLIP T0 district 80,21 3->0 dist=DISTRICT_RURAL cons=["IMPROVEMENT_POTKOP"] 
[2026-10-06 00:22:05]	[CDH] FLIP T0 district 81,21 0->3 dist=DISTRICT_RURAL cons=["IMPROVEMENT_PASTURE"] 
[2026-10-06 00:22:05]	[CDH] FLIP T0 district 82,21 0->3 dist=DISTRICT_RURAL cons=["IMPROVEMENT_MINE_RESOURCE"] 
[2026-10-06 00:22:05]	[CDH] FLIP T0 district 83,21 0->3 dist=DISTRICT_RURAL cons=["IMPROVEMENT_CLAY_PIT"] 
[2026-10-06 00:22:05]	[CDH] FLIP T0 district 81,22 0->3 dist=DISTRICT_RURAL cons=["IMPROVEMENT_FARM"] 
[2026-10-06 00:22:05]	[CDH] FLIP T0 district 21,25 7->8 dist=DISTRICT_RURAL cons=["IMPROVEMENT_MINE_RESOURCE"] 
[2026-10-06 00:22:11]	[CDH] LANDED T0: 12/12 mode=district 
[2026-10-06 00:22:19]	[CDH] TURN k=1 turn=2 
[2026-10-06 00:22:19]	[CDH] AGE T1 AGE_EXPLORATION 
[2026-10-06 00:22:28]	[CDH] TURN k=2 turn=3 
[2026-10-06 00:22:28]	[CDH] AGE T2 AGE_EXPLORATION 
[2026-10-06 00:22:38]	[CDH] TURN k=3 turn=4 
[2026-10-06 00:22:38]	[CDH] DONE harness fast finished, survived 3 turns, 0 flips 
