[00:26:04] autosaves backed up: 10
[00:26:04] registry before: 2311=0  (restoring Disabled=0 afterward)
[00:26:04] deployed mod: debug=1 affectsSaves0=1
[00:26:04] NO_MOD=1: Cultural Diffusion left DISABLED for this run (control)
[00:26:04] harness installed: cdh-game-fast-bare.js on AugustusExp1.Civ7Save
[00:26:04] previous UI.log kept at /Users/USER/Library/Application Support/Civilization VII/cd-harness-backup/UI-before-fast-bare-4-20261006-002604.log (802 lines)
[00:26:10] game pid 60038
[00:27:33] result=done after 72s
[00:27:33] collected AI_Behavior_Tree_Events.csv (11 lines)
[00:27:33] collected AI_Behavior_Trees.csv (3922 lines)
[00:27:33] collected AI_CityStrategy.csv (122 lines)
[00:27:33] collected AI_CombatPlanning.csv (82 lines)
[00:27:33] collected AI_Commander_Promotions.csv (2 lines)
[00:27:34] collected AI_Dedications.csv (66 lines)
[00:27:34] collected AI_DiplomaticActions.csv (292 lines)
[00:27:34] collected AI_Leader.csv (2 lines)
[00:27:34] collected AI_Market.csv (120 lines)
[00:27:34] collected AI_MayhemTracker.csv (18 lines)
[00:27:34] collected AI_MovementPlanning.csv (2963 lines)
[00:27:34] collected AI_Operation.csv (1555 lines)
[00:27:34] collected AI_Operation_Eval.csv (63 lines)
[00:27:34] collected AI_Recruiting.csv (14366 lines)
[00:27:34] collected AI_Tactical.csv (1517 lines)
[00:27:34] collected AI_Targets.csv (15008 lines)
[00:27:34] collected AI_UnitEfficiency.csv (141 lines)
[00:27:34] collected AI_Victories.csv (26 lines)
[00:27:42] restored: registry 2313=0  harness present: no debugPatched: 0
[00:27:42] autosaves changed during the run; putting the player's back
[00:27:42] FINISHED result=done  log: /Users/USER/Repos/civilization_mods/civilization_vii_mods/tower_mods/cultural_diffusion/devtools/harness/fast-bare-4-UI.log
