[2026-10-06 15:44:21]	[CDH] shell attached 
[2026-10-06 15:44:22]	[CDH] shell query complete 
[2026-10-06 15:44:23]	[CDH] shell found AugustusAnt136.Civ7Save turn 136 age AGE_ANTIQUITY missingMods=0 unowned=0 
[2026-10-06 15:44:23]	[CDH] shell handleLoadSave returned true 
[2026-10-06 15:44:40]	[CDH] attached flipfix-demolish 
[2026-10-06 15:44:46]	[CDH] LOAD GameStarted 
[2026-10-06 15:44:54]	[CDH] FLIPFIX start variant=demolish turn=136 age=AGE_ANTIQUITY left=24 
[2026-10-06 15:44:54]	[CDH] TURN k=1 turn=136 age=AGE_ANTIQUITY left=24 tally={"moves":0,"landed":0,"dangling":0,"withDistrict":0,"withImprovement":0,"unownedAfterDestroy":0} 
[2026-10-06 15:45:01]	[CDH] MOVE T136 80,53 2->4 via 82,51 landed=true unowned=false before=FARM after=FARM district=RURAL dangling=false 
[2026-10-06 15:45:09]	[CDH] MOVE T136 80,54 2->4 via 82,51 landed=true unowned=false before=MINE_RESOURCE after=MINE_RESOURCE district=RURAL dangling=false 
[2026-10-06 15:45:17]	[CDH] MOVE T136 80,15 3->1 via 78,13 landed=true unowned=false before=MINE_RESOURCE after=MINE_RESOURCE district=RURAL dangling=false 
[2026-10-06 15:45:25]	[CDH] MOVE T136 83,21 3->0 via 86,20 landed=true unowned=false before=CLAY_PIT after=CLAY_PIT district=RURAL dangling=false 
[2026-10-06 15:45:37]	[CDH] TURN k=2 turn=137 age=AGE_ANTIQUITY left=23 tally={"moves":4,"landed":4,"dangling":0,"withDistrict":4,"withImprovement":4,"unownedAfterDestroy":0} 
[2026-10-06 15:45:45]	[CDH] MOVE T137 81,16 3->1 via 78,13 landed=true unowned=false before=MINE_RESOURCE after=MINE_RESOURCE district=RURAL dangling=false 
[2026-10-06 15:45:53]	[CDH] MOVE T137 83,20 3->0 via 86,20 landed=true unowned=false before=WOODCUTTER after=WOODCUTTER district=RURAL dangling=false 
[2026-10-06 15:46:01]	[CDH] MOVE T137 82,21 3->0 via 86,20 landed=true unowned=false before=MINE_RESOURCE after=MINE_RESOURCE district=RURAL dangling=false 
[2026-10-06 15:46:09]	[CDH] MOVE T137 83,31 3->0 via 87,32 landed=true unowned=false before=FARM after=FARM district=RURAL dangling=false 
[2026-10-06 15:46:25]	[CDH] TURN k=3 turn=138 age=AGE_ANTIQUITY left=22 tally={"moves":8,"landed":8,"dangling":0,"withDistrict":8,"withImprovement":8,"unownedAfterDestroy":0} 
[2026-10-06 15:46:33]	[CDH] MOVE T138 82,20 3->0 via 86,20 landed=true unowned=false before=CLAY_PIT after=CLAY_PIT district=RURAL dangling=false 
[2026-10-06 15:46:41]	[CDH] MOVE T138 81,21 3->0 via 86,20 landed=true unowned=false before=PASTURE after=PASTURE district=RURAL dangling=false 
[2026-10-06 15:46:49]	[CDH] MOVE T138 82,31 3->0 via 84,35 landed=true unowned=false before=FARM after=FARM district=RURAL dangling=false 
[2026-10-06 15:46:57]	[CDH] MOVE T138 78,49 4->2 via 78,53 landed=true unowned=false before=MINE after=MINE district=RURAL dangling=false 
[2026-10-06 15:47:15]	[CDH] TURN k=4 turn=139 age=AGE_ANTIQUITY left=21 tally={"moves":12,"landed":12,"dangling":0,"withDistrict":12,"withImprovement":12,"unownedAfterDestroy":0} 
[2026-10-06 15:47:23]	[CDH] MOVE T139 80,21 3->0 via 86,20 landed=true unowned=false before=POTKOP after=POTKOP district=RURAL dangling=false 
[2026-10-06 15:47:30]	[CDH] MOVE T139 81,22 3->0 via 86,20 landed=true unowned=false before=FARM after=FARM district=RURAL dangling=false 
[2026-10-06 15:47:38]	[CDH] MOVE T139 24,50 9->8 via 21,50 landed=true unowned=false before=FARM after=FARM district=RURAL dangling=false 
[2026-10-06 15:47:46]	[CDH] MOVE T139 80,50 4->2 via 78,53 landed=true unowned=false before=MINE_RESOURCE after=MINE_RESOURCE district=RURAL dangling=false 
[2026-10-06 15:48:05]	[CDH] TURN k=5 turn=140 age=AGE_ANTIQUITY left=20 tally={"moves":16,"landed":16,"dangling":0,"withDistrict":16,"withImprovement":16,"unownedAfterDestroy":0} 
[2026-10-06 15:48:12]	[CDH] MOVE T140 80,49 4->2 via 78,53 landed=true unowned=false before=WOODCUTTER after=WOODCUTTER district=RURAL dangling=false 
[2026-10-06 15:48:20]	[CDH] MOVE T140 81,50 4->2 via 78,53 landed=true unowned=false before=WOODCUTTER after=WOODCUTTER district=RURAL dangling=false 
[2026-10-06 15:48:28]	[CDH] MOVE T140 22,51 8->9 via 25,51 landed=true unowned=false before=WOODCUTTER after=WOODCUTTER district=RURAL dangling=false 
[2026-10-06 15:48:36]	[CDH] MOVE T140 79,51 2->4 via 82,51 landed=true unowned=false before=MINE after=MINE district=RURAL dangling=false 
[2026-10-06 15:48:53]	[CDH] TURN k=6 turn=141 age=AGE_ANTIQUITY left=19 tally={"moves":20,"landed":20,"dangling":0,"withDistrict":20,"withImprovement":20,"unownedAfterDestroy":0} 
[2026-10-06 15:49:01]	[CDH] MOVE T141 82,32 3->0 via 84,35 landed=true unowned=false before=FARM after=FARM district=RURAL dangling=false 
[2026-10-06 15:49:09]	[CDH] MOVE T141 82,34 0->3 via 80,31 landed=true unowned=false before=CAMP after=CAMP district=RURAL dangling=false 
[2026-10-06 15:49:17]	[CDH] MOVE T141 67,46 5->2 via 67,50 landed=true unowned=false before=MINE after=MINE district=RURAL dangling=false 
[2026-10-06 15:49:24]	[CDH] MOVE T141 67,48 2->5 via 64,45 landed=true unowned=false before=FARM after=FARM district=RURAL dangling=false 
[2026-10-06 15:49:38]	[CDH] TURN k=7 turn=142 age=AGE_ANTIQUITY left=18 tally={"moves":24,"landed":24,"dangling":0,"withDistrict":24,"withImprovement":24,"unownedAfterDestroy":0} 
[2026-10-06 15:49:46]	[CDH] MOVE T142 83,34 0->3 via 80,31 landed=true unowned=false before=FARM after=FARM district=RURAL dangling=false 
[2026-10-06 15:49:54]	[CDH] MOVE T142 66,45 5->2 via 67,50 landed=true unowned=false before=MINE after=MINE district=RURAL dangling=false 
[2026-10-06 15:50:02]	[CDH] MOVE T142 66,46 5->2 via 67,50 landed=true unowned=false before=MINE_RESOURCE after=MINE_RESOURCE district=RURAL dangling=false 
[2026-10-06 15:50:09]	[CDH] MOVE T142 81,48 4->2 via 78,53 landed=true unowned=false before=MINE after=MINE district=RURAL dangling=false 
[2026-10-06 15:50:24]	[CDH] TURN k=8 turn=143 age=AGE_ANTIQUITY left=17 tally={"moves":28,"landed":28,"dangling":0,"withDistrict":28,"withImprovement":28,"unownedAfterDestroy":0} 
[2026-10-06 15:50:32]	[CDH] MOVE T143 66,44 5->2 via 67,50 landed=true unowned=false before=MINE after=MINE district=RURAL dangling=false 
[2026-10-06 15:50:40]	[CDH] MOVE T143 67,44 5->2 via 67,50 landed=true unowned=false before=WOODCUTTER after=WOODCUTTER district=RURAL dangling=false 
[2026-10-06 15:50:48]	[CDH] MOVE T143 77,47 5->4 via 79,47 landed=true unowned=false before=WOODCUTTER after=WOODCUTTER district=RURAL dangling=false 
[2026-10-06 15:50:56]	[CDH] MOVE T143 81,47 4->2 via 78,53 landed=true unowned=false before=FISHING_BOAT_RESOURCE after=FISHING_BOAT_RESOURCE district=RURAL dangling=false 
[2026-10-06 15:51:10]	[CDH] TURN k=9 turn=144 age=AGE_ANTIQUITY left=16 tally={"moves":32,"landed":32,"dangling":0,"withDistrict":32,"withImprovement":32,"unownedAfterDestroy":0} 
[2026-10-06 15:51:18]	[CDH] MOVE T144 77,48 5->4 via 79,47 landed=true unowned=false before=MINE after=MINE district=RURAL dangling=false 
[2026-10-06 15:51:26]	[CDH] MOVE T144 73,49 2->5 via 75,48 landed=true unowned=false before=CAMP after=CAMP district=RURAL dangling=false 
[2026-10-06 15:51:34]	[CDH] MOVE T144 77,49 5->4 via 79,47 landed=true unowned=false before=MINE_RESOURCE after=MINE_RESOURCE district=RURAL dangling=false 
[2026-10-06 15:51:42]	[CDH] MOVE T144 74,50 2->5 via 75,48 landed=true unowned=false before=FARM after=FARM district=RURAL dangling=false 
[2026-10-06 15:52:02]	[CDH] ENDTURN stuck: one Autoplay turn 
[2026-10-06 15:52:17]	[CDH] TURN k=10 turn=146 age=AGE_ANTIQUITY left=14 tally={"moves":36,"landed":36,"dangling":0,"withDistrict":36,"withImprovement":36,"unownedAfterDestroy":0} 
[2026-10-06 15:52:25]	[CDH] MOVE T146 79,21 3->0 via 86,20 landed=true unowned=false before=FISHING_BOAT after=FISHING_BOAT district=RURAL dangling=false 
[2026-10-06 15:52:33]	[CDH] MOVE T146 86,34 0->3 via 84,35 landed=true unowned=false before=FARM after=FARM district=RURAL dangling=false 
[2026-10-06 15:52:41]	[CDH] MOVE T146 87,34 0->3 via 84,35 landed=true unowned=false before=CLAY_PIT after=CLAY_PIT district=RURAL dangling=false 
[2026-10-06 15:52:49]	[CDH] MOVE T146 87,36 3->0 via 87,32 landed=true unowned=false before=FARM after=FARM district=RURAL dangling=false 
[2026-10-06 15:53:08]	[CDH] TURN k=11 turn=147 age=AGE_ANTIQUITY left=13 tally={"moves":40,"landed":40,"dangling":0,"withDistrict":40,"withImprovement":40,"unownedAfterDestroy":0} 
[2026-10-06 15:53:16]	[CDH] MOVE T147 86,37 3->0 via 90,37 landed=true unowned=false before=FARM after=FARM district=RURAL dangling=false 
[2026-10-06 15:53:24]	[CDH] MOVE T147 66,43 5->2 via 67,50 landed=true unowned=false before=FISHING_BOAT_RESOURCE after=FISHING_BOAT_RESOURCE district=RURAL dangling=false 
[2026-10-06 15:53:32]	[CDH] MOVE T147 76,46 5->4 via 79,47 landed=true unowned=false before=PLANTATION after=PLANTATION district=RURAL dangling=false 
[2026-10-06 15:53:40]	[CDH] MOVE T147 77,46 4->5 via 75,48 landed=true unowned=false before=PLANTATION after=PLANTATION district=RURAL dangling=false 
[2026-10-06 15:53:55]	[CDH] TURN k=12 turn=148 age=AGE_ANTIQUITY left=12 tally={"moves":44,"landed":44,"dangling":0,"withDistrict":44,"withImprovement":44,"unownedAfterDestroy":0} 
[2026-10-06 15:54:03]	[CDH] MOVE T148 85,37 3->0 via 87,32 landed=true unowned=false before=WOODCUTTER after=WOODCUTTER district=RURAL dangling=false 
[2026-10-06 15:54:11]	[CDH] MOVE T148 82,46 4->2 via 78,53 landed=true unowned=false before=FARM after=FARM district=RURAL dangling=false 
[2026-10-06 15:54:18]	[CDH] MOVE T148 82,47 4->2 via 78,53 landed=true unowned=false before=PASTURE after=PASTURE district=RURAL dangling=false 
[2026-10-06 15:54:26]	[CDH] MOVE T148 72,49 2->5 via 75,48 landed=true unowned=false before=FARM after=FARM district=RURAL dangling=false 
[2026-10-06 15:54:46]	[CDH] TURN k=13 turn=149 age=AGE_ANTIQUITY left=11 tally={"moves":48,"landed":48,"dangling":0,"withDistrict":48,"withImprovement":48,"unownedAfterDestroy":0} 
[2026-10-06 15:54:54]	[CDH] MOVE T149 23,51 9->8 via 21,50 landed=true unowned=false before=FARM after=FARM district=RURAL dangling=false 
[2026-10-06 15:55:08]	[CDH] TURN k=14 turn=150 age=AGE_ANTIQUITY left=10 tally={"moves":49,"landed":49,"dangling":0,"withDistrict":49,"withImprovement":49,"unownedAfterDestroy":0} 
[2026-10-06 15:55:16]	[CDH] MOVE T150 15,25 7->8 via 17,27 landed=true unowned=false before=WOODCUTTER after=WOODCUTTER district=RURAL dangling=false 
[2026-10-06 15:55:32]	[CDH] TURN k=15 turn=151 age=AGE_ANTIQUITY left=9 tally={"moves":50,"landed":50,"dangling":0,"withDistrict":50,"withImprovement":50,"unownedAfterDestroy":0} 
[2026-10-06 15:55:40]	[CDH] MOVE T151 16,24 7->8 via 17,27 landed=true unowned=false before=PLANTATION after=PLANTATION district=RURAL dangling=false 
[2026-10-06 15:55:48]	[CDH] MOVE T151 14,25 7->8 via 17,27 landed=true unowned=false before=WOODCUTTER after=WOODCUTTER district=RURAL dangling=false 
[2026-10-06 15:56:09]	[CDH] TURN k=16 turn=152 age=AGE_ANTIQUITY left=8 tally={"moves":52,"landed":52,"dangling":0,"withDistrict":52,"withImprovement":52,"unownedAfterDestroy":0} 
[2026-10-06 15:56:17]	[CDH] MOVE T152 14,26 7->8 via 17,27 landed=true unowned=false before=MINE_RESOURCE after=MINE_RESOURCE district=RURAL dangling=false 
[2026-10-06 15:56:30]	[CDH] TURN k=17 turn=153 age=AGE_ANTIQUITY left=7 tally={"moves":53,"landed":53,"dangling":0,"withDistrict":53,"withImprovement":53,"unownedAfterDestroy":0} 
[2026-10-06 15:56:49]	[CDH] TURN k=18 turn=154 age=AGE_ANTIQUITY left=6 tally={"moves":53,"landed":53,"dangling":0,"withDistrict":53,"withImprovement":53,"unownedAfterDestroy":0} 
[2026-10-06 15:57:08]	[CDH] TURN k=19 turn=155 age=AGE_ANTIQUITY left=5 tally={"moves":53,"landed":53,"dangling":0,"withDistrict":53,"withImprovement":53,"unownedAfterDestroy":0} 
[2026-10-06 15:57:16]	[CDH] MOVE T155 78,35 2->5 via 79,39 landed=true unowned=false before=FISHING_BOAT after=FISHING_BOAT district=RURAL dangling=false 
[2026-10-06 15:57:24]	[CDH] MOVE T155 78,37 2->5 via 79,39 landed=true unowned=false before=FARM after=FARM district=RURAL dangling=false 
[2026-10-06 15:57:31]	[CDH] MOVE T155 79,37 5->2 via 77,36 landed=true unowned=false before=FARM after=FARM district=RURAL dangling=false 
[2026-10-06 15:57:45]	[CDH] TURN k=20 turn=156 age=AGE_ANTIQUITY left=4 tally={"moves":56,"landed":56,"dangling":0,"withDistrict":56,"withImprovement":56,"unownedAfterDestroy":0} 
[2026-10-06 15:58:01]	[CDH] TURN k=21 turn=157 age=AGE_ANTIQUITY left=3 tally={"moves":56,"landed":56,"dangling":0,"withDistrict":56,"withImprovement":56,"unownedAfterDestroy":0} 
[2026-10-06 15:58:01]	[CDH] HOLD turn=157: last 3 turns, no moves 
[2026-10-06 15:58:17]	[CDH] TURN k=22 turn=158 age=AGE_ANTIQUITY left=2 tally={"moves":56,"landed":56,"dangling":0,"withDistrict":56,"withImprovement":56,"unownedAfterDestroy":0} 
[2026-10-06 15:58:17]	[CDH] HOLD turn=158: last 3 turns, no moves 
[2026-10-06 15:58:35]	[CDH] TURN k=23 turn=159 age=AGE_ANTIQUITY left=1 tally={"moves":56,"landed":56,"dangling":0,"withDistrict":56,"withImprovement":56,"unownedAfterDestroy":0} 
[2026-10-06 15:58:35]	[CDH] HOLD turn=159: last 3 turns, no moves 
[2026-10-06 15:58:52]	[CDH] TURN k=24 turn=160 age=AGE_ANTIQUITY left=0 tally={"moves":56,"landed":56,"dangling":0,"withDistrict":56,"withImprovement":56,"unownedAfterDestroy":0} 
[2026-10-06 15:58:52]	[CDH] HOLD turn=160: last 3 turns, no moves 
[2026-10-06 15:59:21]	[CDH] attached flipfix-demolish 
[2026-10-06 15:59:26]	[CDH] LOAD GameStarted 
[2026-10-06 15:59:34]	[CDH] FLIPFIX start variant=demolish turn=1 age=AGE_EXPLORATION left=159 
[2026-10-06 15:59:34]	[CDH] TURN k=1 turn=1 age=AGE_EXPLORATION left=159 tally={"moves":0,"landed":0,"dangling":0,"withDistrict":0,"withImprovement":0,"unownedAfterDestroy":0} 
[2026-10-06 15:59:46]	[CDH] TURN k=2 turn=2 age=AGE_EXPLORATION left=158 tally={"moves":0,"landed":0,"dangling":0,"withDistrict":0,"withImprovement":0,"unownedAfterDestroy":0} 
[2026-10-06 15:59:56]	[CDH] TURN k=3 turn=3 age=AGE_EXPLORATION left=157 tally={"moves":0,"landed":0,"dangling":0,"withDistrict":0,"withImprovement":0,"unownedAfterDestroy":0} 
[2026-10-06 15:59:56]	[CDH] DONE harness flipfix finished variant=demolish tally={"moves":0,"landed":0,"dangling":0,"withDistrict":0,"withImprovement":0,"unownedAfterDestroy":0} 
