[2026-10-06 15:33:26]	[CDH] shell attached 
[2026-10-06 15:33:28]	[CDH] shell query complete 
[2026-10-06 15:33:28]	[CDH] shell found AugustusAnt136.Civ7Save turn 136 age AGE_ANTIQUITY missingMods=0 unowned=0 
[2026-10-06 15:33:28]	[CDH] shell handleLoadSave returned true 
[2026-10-06 15:33:52]	[CDH] attached flipfix-rebuild 
[2026-10-06 15:33:58]	[CDH] LOAD GameStarted 
[2026-10-06 15:34:06]	[CDH] FLIPFIX start variant=rebuild turn=136 age=AGE_ANTIQUITY left=24 
[2026-10-06 15:34:06]	[CDH] TURN k=1 turn=136 age=AGE_ANTIQUITY left=24 tally={"moves":0,"landed":0,"dangling":0,"withDistrict":0,"withImprovement":0,"unownedAfterDestroy":0} 
[2026-10-06 15:34:07]	[CDH] MOVE T136 80,53 2->4 via 82,51 landed=true before=FARM after=FARM district=RURAL dangling=false 
[2026-10-06 15:34:09]	[CDH] MOVE T136 80,54 2->4 via 82,51 landed=true before=MINE_RESOURCE after=MINE_RESOURCE district=RURAL dangling=false 
[2026-10-06 15:34:11]	[CDH] MOVE T136 80,15 3->1 via 78,13 landed=true before=MINE_RESOURCE after=MINE_RESOURCE district=RURAL dangling=false 
[2026-10-06 15:34:12]	[CDH] MOVE T136 83,21 3->0 via 86,20 landed=true before=CLAY_PIT after=CLAY_PIT district=RURAL dangling=false 
[2026-10-06 15:34:27]	[CDH] TURN k=2 turn=137 age=AGE_ANTIQUITY left=23 tally={"moves":4,"landed":4,"dangling":0,"withDistrict":4,"withImprovement":4,"unownedAfterDestroy":0} 
[2026-10-06 15:34:28]	[CDH] MOVE T137 81,16 3->1 via 78,13 landed=true before=MINE_RESOURCE after=MINE_RESOURCE district=RURAL dangling=false 
[2026-10-06 15:34:30]	[CDH] MOVE T137 83,20 3->0 via 86,20 landed=true before=WOODCUTTER after=WOODCUTTER district=RURAL dangling=false 
[2026-10-06 15:34:32]	[CDH] MOVE T137 82,21 3->0 via 86,20 landed=true before=MINE_RESOURCE after=MINE_RESOURCE district=RURAL dangling=false 
[2026-10-06 15:34:34]	[CDH] MOVE T137 83,31 3->0 via 87,32 landed=true before=FARM after=FARM district=RURAL dangling=false 
[2026-10-06 15:34:46]	[CDH] TURN k=3 turn=138 age=AGE_ANTIQUITY left=22 tally={"moves":8,"landed":8,"dangling":0,"withDistrict":8,"withImprovement":8,"unownedAfterDestroy":0} 
[2026-10-06 15:34:48]	[CDH] MOVE T138 82,20 3->0 via 86,20 landed=true before=CLAY_PIT after=CLAY_PIT district=RURAL dangling=false 
[2026-10-06 15:34:50]	[CDH] MOVE T138 81,21 3->0 via 86,20 landed=true before=PASTURE after=PASTURE district=RURAL dangling=false 
[2026-10-06 15:34:51]	[CDH] MOVE T138 82,31 3->0 via 84,35 landed=true before=FARM after=FARM district=RURAL dangling=false 
[2026-10-06 15:34:53]	[CDH] MOVE T138 78,49 4->2 via 78,53 landed=true before=MINE after=MINE district=RURAL dangling=false 
[2026-10-06 15:35:08]	[CDH] TURN k=4 turn=139 age=AGE_ANTIQUITY left=21 tally={"moves":12,"landed":12,"dangling":0,"withDistrict":12,"withImprovement":12,"unownedAfterDestroy":0} 
[2026-10-06 15:35:10]	[CDH] MOVE T139 80,21 3->0 via 86,20 landed=true before=POTKOP after=POTKOP district=RURAL dangling=false 
[2026-10-06 15:35:12]	[CDH] MOVE T139 81,22 3->0 via 86,20 landed=true before=FARM after=FARM district=RURAL dangling=false 
[2026-10-06 15:35:13]	[CDH] MOVE T139 24,50 9->8 via 21,50 landed=true before=FARM after=MINE_RESOURCE+FARM district=RURAL dangling=false 
[2026-10-06 15:35:15]	[CDH] MOVE T139 80,50 4->2 via 78,53 landed=true before=MINE_RESOURCE after=MINE_RESOURCE district=RURAL dangling=false 
[2026-10-06 15:35:29]	[CDH] TURN k=5 turn=140 age=AGE_ANTIQUITY left=20 tally={"moves":16,"landed":16,"dangling":0,"withDistrict":16,"withImprovement":16,"unownedAfterDestroy":0} 
[2026-10-06 15:35:33]	[CDH] MOVE T140 82,32 3->0 via 84,35 landed=true before=FARM after=FARM district=RURAL dangling=false 
[2026-10-06 15:35:35]	[CDH] MOVE T140 82,34 0->3 via 80,31 landed=true before=CAMP after=CAMP district=RURAL dangling=false 
[2026-10-06 15:35:36]	[CDH] MOVE T140 80,49 4->2 via 78,53 landed=true before=WOODCUTTER after=WOODCUTTER district=RURAL dangling=false 
[2026-10-06 15:35:38]	[CDH] MOVE T140 81,50 4->2 via 78,53 landed=true before=WOODCUTTER after=CAMP+WOODCUTTER district=RURAL dangling=false 
[2026-10-06 15:35:51]	[CDH] TURN k=6 turn=141 age=AGE_ANTIQUITY left=19 tally={"moves":20,"landed":20,"dangling":0,"withDistrict":20,"withImprovement":20,"unownedAfterDestroy":0} 
[2026-10-06 15:35:53]	[CDH] MOVE T141 83,34 0->3 via 80,31 landed=true before=FARM after=FARM district=RURAL dangling=false 
[2026-10-06 15:35:55]	[CDH] MOVE T141 67,46 5->2 via 67,50 landed=true before=MINE after=MINE district=RURAL dangling=false 
[2026-10-06 15:35:57]	[CDH] MOVE T141 67,48 2->5 via 64,45 landed=true before=FARM after=FARM district=RURAL dangling=false 
[2026-10-06 15:35:58]	[CDH] MOVE T141 81,48 4->2 via 78,53 landed=true before=MINE after=MINE district=RURAL dangling=false 
[2026-10-06 15:36:12]	[CDH] TURN k=7 turn=142 age=AGE_ANTIQUITY left=18 tally={"moves":24,"landed":24,"dangling":0,"withDistrict":24,"withImprovement":24,"unownedAfterDestroy":0} 
[2026-10-06 15:36:14]	[CDH] MOVE T142 66,45 5->2 via 67,50 landed=true before=MINE after=MINE district=RURAL dangling=false 
[2026-10-06 15:36:16]	[CDH] MOVE T142 66,46 5->2 via 67,50 landed=true before=MINE_RESOURCE after=FARM+MINE_RESOURCE district=RURAL dangling=false 
[2026-10-06 15:36:18]	[CDH] MOVE T142 81,47 4->2 via 78,53 landed=true before=FISHING_BOAT_RESOURCE after=FISHING_BOAT_RESOURCE district=RURAL dangling=false 
[2026-10-06 15:36:19]	[CDH] MOVE T142 77,48 5->4 via 79,47 landed=true before=MINE after=MINE district=RURAL dangling=false 
[2026-10-06 15:36:34]	[CDH] TURN k=8 turn=143 age=AGE_ANTIQUITY left=17 tally={"moves":28,"landed":28,"dangling":0,"withDistrict":28,"withImprovement":28,"unownedAfterDestroy":0} 
[2026-10-06 15:36:35]	[CDH] MOVE T143 66,44 5->2 via 67,50 landed=true before=MINE after=MINE district=RURAL dangling=false 
[2026-10-06 15:36:37]	[CDH] MOVE T143 67,44 5->2 via 67,50 landed=true before=WOODCUTTER after=WOODCUTTER district=RURAL dangling=false 
[2026-10-06 15:36:39]	[CDH] MOVE T143 82,46 4->2 via 78,53 landed=true before=SOUQ after=SOUQ district=RURAL dangling=false 
[2026-10-06 15:36:40]	[CDH] MOVE T143 82,47 4->2 via 78,53 landed=true before=PASTURE after=PASTURE district=RURAL dangling=false 
[2026-10-06 15:36:52]	[CDH] TURN k=9 turn=144 age=AGE_ANTIQUITY left=16 tally={"moves":32,"landed":32,"dangling":0,"withDistrict":32,"withImprovement":32,"unownedAfterDestroy":0} 
[2026-10-06 15:36:54]	[CDH] MOVE T144 73,49 2->5 via 75,48 landed=true before=CAMP+WOODCUTTER after=MINE_RESOURCE+CAMP district=RURAL dangling=false 
[2026-10-06 15:36:56]	[CDH] MOVE T144 77,49 5->4 via 79,47 landed=true before=MINE_RESOURCE after=MINE_RESOURCE district=RURAL dangling=false 
[2026-10-06 15:36:57]	[CDH] MOVE T144 74,50 2->5 via 75,48 landed=true before=FARM+MINE_RESOURCE after=MINE_RESOURCE+FARM district=RURAL dangling=false 
[2026-10-06 15:36:59]	[CDH] MOVE T144 22,51 8->9 via 25,51 landed=true before=WOODCUTTER after=WOODCUTTER district=RURAL dangling=false 
[2026-10-06 15:37:19]	[CDH] TURN k=10 turn=145 age=AGE_ANTIQUITY left=15 tally={"moves":36,"landed":36,"dangling":0,"withDistrict":36,"withImprovement":36,"unownedAfterDestroy":0} 
[2026-10-06 15:37:21]	[CDH] MOVE T145 79,21 3->0 via 86,20 landed=true before=FISHING_BOAT after=FISHING_BOAT district=RURAL dangling=false 
[2026-10-06 15:37:23]	[CDH] MOVE T145 66,43 5->2 via 67,50 landed=true before=FISHING_BOAT_RESOURCE after=FARM+FISHING_BOAT_RESOURCE district=RURAL dangling=false 
[2026-10-06 15:37:25]	[CDH] MOVE T145 72,49 2->5 via 75,48 landed=true before=FARM after=FISHING_BOAT_RESOURCE+FARM district=RURAL dangling=false 
[2026-10-06 15:37:26]	[CDH] MOVE T145 79,51 2->4 via 82,51 landed=true before=MINE after=MINE district=RURAL dangling=false 
[2026-10-06 15:37:44]	[CDH] TURN k=11 turn=146 age=AGE_ANTIQUITY left=14 tally={"moves":40,"landed":40,"dangling":0,"withDistrict":40,"withImprovement":40,"unownedAfterDestroy":0} 
[2026-10-06 15:38:02]	[CDH] TURN k=12 turn=147 age=AGE_ANTIQUITY left=13 tally={"moves":40,"landed":40,"dangling":0,"withDistrict":40,"withImprovement":40,"unownedAfterDestroy":0} 
[2026-10-06 15:38:53]	[CDH] ENDTURN stuck: one Autoplay turn 
[2026-10-06 15:39:05]	[CDH] TURN k=13 turn=148 age=AGE_ANTIQUITY left=12 tally={"moves":40,"landed":40,"dangling":0,"withDistrict":40,"withImprovement":40,"unownedAfterDestroy":0} 
[2026-10-06 15:39:07]	[CDH] MOVE T148 82,33 0->3 via 80,31 landed=true before=WOODCUTTER after=WOODCUTTER district=RURAL dangling=false 
[2026-10-06 15:39:09]	[CDH] MOVE T148 92,35 0->3 via 90,37 landed=true before=PLANTATION after=PLANTATION district=RURAL dangling=false 
[2026-10-06 15:39:10]	[CDH] MOVE T148 87,36 0->3 via 90,37 landed=true before=FARM after=FARM district=RURAL dangling=false 
[2026-10-06 15:39:12]	[CDH] MOVE T148 86,37 0->3 via 90,37 landed=true before=FARM after=FARM district=RURAL dangling=false 
[2026-10-06 15:39:30]	[CDH] TURN k=14 turn=149 age=AGE_ANTIQUITY left=11 tally={"moves":44,"landed":44,"dangling":0,"withDistrict":44,"withImprovement":44,"unownedAfterDestroy":0} 
[2026-10-06 15:39:32]	[CDH] MOVE T149 86,35 0->3 via 90,37 landed=true before=WOODCUTTER after=WOODCUTTER district=RURAL dangling=false 
[2026-10-06 15:39:33]	[CDH] MOVE T149 85,37 0->3 via 90,37 landed=true before=WOODCUTTER after=WOODCUTTER district=RURAL dangling=false 
[2026-10-06 15:39:46]	[CDH] TURN k=15 turn=150 age=AGE_ANTIQUITY left=10 tally={"moves":46,"landed":46,"dangling":0,"withDistrict":46,"withImprovement":46,"unownedAfterDestroy":0} 
[2026-10-06 15:39:47]	[CDH] MOVE T150 86,34 0->3 via 90,37 landed=true before=FARM after=FARM district=RURAL dangling=false 
[2026-10-06 15:39:49]	[CDH] MOVE T150 87,34 0->3 via 90,37 landed=true before=CLAY_PIT after=CLAY_PIT district=RURAL dangling=false 
[2026-10-06 15:39:51]	[CDH] MOVE T150 23,51 9->8 via 21,50 landed=true before=FARM after=FARM district=RURAL dangling=false 
[2026-10-06 15:39:53]	[CDH] MOVE T150 15,25 7->8 via 17,27 landed=true before=WOODCUTTER after=WOODCUTTER district=RURAL dangling=false 
[2026-10-06 15:40:08]	[CDH] TURN k=16 turn=151 age=AGE_ANTIQUITY left=9 tally={"moves":50,"landed":50,"dangling":0,"withDistrict":50,"withImprovement":50,"unownedAfterDestroy":0} 
[2026-10-06 15:40:10]	[CDH] MOVE T151 14,25 7->8 via 17,27 landed=true before=WOODCUTTER after=WOODCUTTER district=RURAL dangling=false 
[2026-10-06 15:40:26]	[CDH] TURN k=17 turn=152 age=AGE_ANTIQUITY left=8 tally={"moves":51,"landed":51,"dangling":0,"withDistrict":51,"withImprovement":51,"unownedAfterDestroy":0} 
[2026-10-06 15:40:29]	[CDH] MOVE T152 14,26 7->8 via 17,27 landed=true before=MINE_RESOURCE after=MINE_RESOURCE district=RURAL dangling=false 
[2026-10-06 15:40:47]	[CDH] TURN k=18 turn=153 age=AGE_ANTIQUITY left=7 tally={"moves":52,"landed":52,"dangling":0,"withDistrict":52,"withImprovement":52,"unownedAfterDestroy":0} 
[2026-10-06 15:40:49]	[CDH] MOVE T153 78,35 2->3 via 80,31 landed=true before=FISHING_BOAT after=FISHING_BOAT district=RURAL dangling=false 
[2026-10-06 15:40:51]	[CDH] MOVE T153 78,37 2->5 via 79,39 landed=true before=FARM after=FARM district=RURAL dangling=false 
[2026-10-06 15:41:05]	[CDH] TURN k=19 turn=154 age=AGE_ANTIQUITY left=6 tally={"moves":54,"landed":54,"dangling":0,"withDistrict":54,"withImprovement":54,"unownedAfterDestroy":0} 
[2026-10-06 15:41:07]	[CDH] MOVE T154 78,50 4->2 via 78,53 landed=true before=WOODCUTTER after=WOODCUTTER district=RURAL dangling=false 
[2026-10-06 15:41:20]	[CDH] TURN k=20 turn=155 age=AGE_ANTIQUITY left=5 tally={"moves":55,"landed":55,"dangling":0,"withDistrict":55,"withImprovement":55,"unownedAfterDestroy":0} 
[2026-10-06 15:41:35]	[CDH] TURN k=21 turn=156 age=AGE_ANTIQUITY left=4 tally={"moves":55,"landed":55,"dangling":0,"withDistrict":55,"withImprovement":55,"unownedAfterDestroy":0} 
[2026-10-06 15:41:54]	[CDH] TURN k=22 turn=157 age=AGE_ANTIQUITY left=3 tally={"moves":55,"landed":55,"dangling":0,"withDistrict":55,"withImprovement":55,"unownedAfterDestroy":0} 
[2026-10-06 15:41:54]	[CDH] HOLD turn=157: last 3 turns, no moves 
[2026-10-06 15:42:12]	[CDH] TURN k=23 turn=158 age=AGE_ANTIQUITY left=2 tally={"moves":55,"landed":55,"dangling":0,"withDistrict":55,"withImprovement":55,"unownedAfterDestroy":0} 
[2026-10-06 15:42:12]	[CDH] HOLD turn=158: last 3 turns, no moves 
[2026-10-06 15:42:27]	[CDH] TURN k=24 turn=159 age=AGE_ANTIQUITY left=1 tally={"moves":55,"landed":55,"dangling":0,"withDistrict":55,"withImprovement":55,"unownedAfterDestroy":0} 
[2026-10-06 15:42:27]	[CDH] HOLD turn=159: last 3 turns, no moves 
[2026-10-06 15:42:45]	[CDH] TURN k=25 turn=160 age=AGE_ANTIQUITY left=0 tally={"moves":55,"landed":55,"dangling":0,"withDistrict":55,"withImprovement":55,"unownedAfterDestroy":0} 
[2026-10-06 15:42:45]	[CDH] HOLD turn=160: last 3 turns, no moves 
