[15:11:02] LocalStorage.sqlite backed up
[15:11:02] autosaves backed up: 10
[15:11:02] registry before: 2401=0  (restoring Disabled=0 afterward)
[15:11:02] deployed mod: debug=1 affectsSaves0=1
[15:11:02] NO_MOD=1: Cultural Diffusion left DISABLED for this run (control)
[15:11:02] harness installed: cdh-game-flipfix-plain.js on AugustusAnt136.Civ7Save
[15:11:02] previous UI.log kept at /Users/USER/Library/Application Support/Civilization VII/cd-harness-backup/UI-before-flipfix-plain-1-20261006-151102.log (10859 lines)
[15:11:09] game pid 62879
[15:18:39] result=crashed after 444s
[15:18:39] collected AI_Behavior_Tree_Events.csv (48 lines)
[15:18:39] collected AI_Behavior_Trees.csv (42688 lines)
[15:18:39] collected AI_CityStrategy.csv (102 lines)
[15:18:39] collected AI_CombatPlanning.csv (15246 lines)
[15:18:39] collected AI_Commander_Promotions.csv (143 lines)
[15:18:39] collected AI_DiplomaticActions.csv (2157 lines)
[15:18:39] collected AI_Leader.csv (11 lines)
[15:18:39] collected AI_Market.csv (681 lines)
[15:18:39] collected AI_MayhemTracker.csv (1242 lines)
[15:18:39] collected AI_MovementPlanning.csv (23549 lines)
[15:18:39] collected AI_Operation.csv (18621 lines)
[15:18:39] collected AI_Operation_Eval.csv (1691 lines)
[15:18:39] collected AI_Recruiting.csv (76488 lines)
[15:18:39] collected AI_Tactical.csv (6338 lines)
[15:18:39] collected AI_Targets.csv (114720 lines)
[15:18:39] collected AI_UnitEfficiency.csv (256 lines)
[15:18:39] collected AI_Victories.csv (30 lines)
[15:18:39] waiting 60s for the crash report to land
[15:19:39] crash report: CivilizationVII-2026-10-06-151854.ips
[15:19:47] LocalStorage.sqlite restored (the run had changed it; its copy is in the trash folder)
[15:19:47] restored: registry 2403=0  harness present: no debugPatched: 0
[15:19:47] autosaves changed during the run; putting the player's back
[15:19:47] FINISHED result=crashed  log: /Users/USER/Repos/civilization_mods/civilization_vii_mods/tower_mods/cultural_diffusion/devtools/harness/flipfix-plain-1-UI.log
