[15:19:47] LocalStorage.sqlite backed up
[15:19:47] autosaves backed up: 10
[15:19:47] registry before: 2403=0  (restoring Disabled=0 afterward)
[15:19:48] deployed mod: debug=1 affectsSaves0=1
[15:19:48] NO_MOD=1: Cultural Diffusion left DISABLED for this run (control)
[15:19:48] harness installed: cdh-game-flipfix-bare.js on AugustusAnt136.Civ7Save
[15:19:48] previous UI.log kept at /Users/USER/Library/Application Support/Civilization VII/cd-harness-backup/UI-before-flipfix-bare-1-20261006-151948.log (9912 lines)
[15:19:50] game pid 86192
[15:33:05] result=done after 780s
[15:33:05] collected AI_Behavior_Tree_Events.csv (63 lines)
[15:33:05] collected AI_Behavior_Trees.csv (42930 lines)
[15:33:05] collected AI_CityStrategy.csv (230 lines)
[15:33:05] collected AI_CombatPlanning.csv (13833 lines)
[15:33:05] collected AI_Commander_Promotions.csv (159 lines)
[15:33:05] collected AI_Dedications.csv (69 lines)
[15:33:05] collected AI_DiplomaticActions.csv (2269 lines)
[15:33:05] collected AI_Leader.csv (10 lines)
[15:33:05] collected AI_Market.csv (826 lines)
[15:33:05] collected AI_MayhemTracker.csv (1182 lines)
[15:33:05] collected AI_MovementPlanning.csv (24863 lines)
[15:33:05] collected AI_Operation.csv (18319 lines)
[15:33:05] collected AI_Operation_Eval.csv (1777 lines)
[15:33:05] collected AI_Recruiting.csv (80342 lines)
[15:33:05] collected AI_Tactical.csv (6743 lines)
[15:33:05] collected AI_Targets.csv (117181 lines)
[15:33:05] collected AI_UnitEfficiency.csv (256 lines)
[15:33:05] collected AI_Victories.csv (55 lines)
[15:33:13] LocalStorage.sqlite restored (the run had changed it; its copy is in the trash folder)
[15:33:13] restored: registry 2405=0  harness present: no debugPatched: 0
[15:33:13] autosaves changed during the run; putting the player's back
[15:33:13] FINISHED result=done  log: /Users/USER/Repos/civilization_mods/civilization_vii_mods/tower_mods/cultural_diffusion/devtools/harness/flipfix-bare-1-UI.log
