[15:33:22] LocalStorage.sqlite backed up
[15:33:23] autosaves backed up: 10
[15:33:23] registry before: 2405=0  (restoring Disabled=0 afterward)
[15:33:23] deployed mod: debug=1 affectsSaves0=1
[15:33:23] NO_MOD=1: Cultural Diffusion left DISABLED for this run (control)
[15:33:23] harness installed: cdh-game-flipfix-rebuild.js on AugustusAnt136.Civ7Save
[15:33:23] previous UI.log kept at /Users/USER/Library/Application Support/Civilization VII/cd-harness-backup/UI-before-flipfix-rebuild-1-20261006-153323.log (11063 lines)
[15:33:25] game pid 93893
[15:43:08] result=crashed after 576s
[15:43:08] collected AI_Behavior_Tree_Events.csv (58 lines)
[15:43:08] collected AI_Behavior_Trees.csv (41438 lines)
[15:43:08] collected AI_CityStrategy.csv (98 lines)
[15:43:08] collected AI_CombatPlanning.csv (16452 lines)
[15:43:08] collected AI_Commander_Promotions.csv (149 lines)
[15:43:08] collected AI_DiplomaticActions.csv (2107 lines)
[15:43:08] collected AI_Leader.csv (11 lines)
[15:43:08] collected AI_Market.csv (957 lines)
[15:43:08] collected AI_MayhemTracker.csv (1248 lines)
[15:43:08] collected AI_MovementPlanning.csv (23989 lines)
[15:43:08] collected AI_Operation.csv (17688 lines)
[15:43:08] collected AI_Operation_Eval.csv (1765 lines)
[15:43:08] collected AI_Recruiting.csv (77067 lines)
[15:43:08] collected AI_Tactical.csv (6612 lines)
[15:43:08] collected AI_Targets.csv (116075 lines)
[15:43:08] collected AI_UnitEfficiency.csv (256 lines)
[15:43:08] collected AI_Victories.csv (29 lines)
[15:43:08] waiting 60s for the crash report to land
[15:44:08] crash report: CivilizationVII-2026-10-06-154316.ips
[15:44:16] LocalStorage.sqlite restored (the run had changed it; its copy is in the trash folder)
[15:44:16] restored: registry 2407=0  harness present: no debugPatched: 0
[15:44:16] autosaves changed during the run; putting the player's back
[15:44:16] FINISHED result=crashed  log: /Users/USER/Repos/civilization_mods/civilization_vii_mods/tower_mods/cultural_diffusion/devtools/harness/flipfix-rebuild-1-UI.log
