[16:58:23] autosaves backed up: 3
[16:58:23] registry before: 1263=1  (restoring Disabled=1 afterwards)
[16:58:23] deployed mod: debug=1 affectsSaves0=1
[16:58:23] harness installed: cdh-game-gold2.js on AugustusAnt136.Civ7Save
[16:58:23] previous UI.log kept at /Users/tylermiller/Library/Application Support/Civilization VII/cd-harness-backup/UI-before-gold2-20260925-165823.log (2113 lines)
[16:58:26] game pid 10285
[17:02:50] result=done after 240s
[17:02:50] collected AI_Behavior_Tree_Events.csv (7 lines)
[17:02:50] collected AI_Behavior_Trees.csv (5069 lines)
[17:02:50] collected AI_CityStrategy.csv (13 lines)
[17:02:50] collected AI_CombatPlanning.csv (1396 lines)
[17:02:50] collected AI_Commander_Promotions.csv (15 lines)
[17:02:50] collected AI_DiplomaticActions.csv (275 lines)
[17:02:50] collected AI_Leader.csv (2 lines)
[17:02:50] collected AI_Market.csv (189 lines)
[17:02:50] collected AI_MayhemTracker.csv (131 lines)
[17:02:50] collected AI_MovementPlanning.csv (2827 lines)
[17:02:50] collected AI_Operation.csv (2295 lines)
[17:02:50] collected AI_Operation_Eval.csv (219 lines)
[17:02:50] collected AI_Recruiting.csv (9639 lines)
[17:02:50] collected AI_Tactical.csv (726 lines)
[17:02:50] collected AI_Targets.csv (13154 lines)
[17:02:50] collected AI_UnitEfficiency.csv (115 lines)
[17:02:50] collected AI_Victories.csv (5 lines)
[17:02:59] restored: registry 1265=1  harness present: no debugPatched: 0
[17:02:59] autosaves changed during the run; putting the player's back
[17:02:59] FINISHED result=done  log: /Users/tylermiller/Repos/civilization_mods/civilization_vii_mods/tower_mods/cultural_diffusion/devtools/harness/gold2-UI.log
RUNNER_EXIT=0
