[12:31:25] autosaves backed up: 10
[12:31:25] registry before: 2343=0  (restoring Disabled=0 afterward)
[12:31:25] deployed mod: debug=1 affectsSaves0=1
[12:31:25] NO_MOD=1: Cultural Diffusion left DISABLED for this run (control)
[12:31:25] harness installed: cdh-game-missionary.js on AugustusExp66.Civ7Save
[12:31:25] previous UI.log kept at /Users/USER/Library/Application Support/Civilization VII/cd-harness-backup/UI-before-miss-flip3-20261006-123125.log (1196 lines)
[12:31:27] game pid 43288
[12:41:04] result=done after 536s
[12:41:04] collected AI_Behavior_Tree_Events.csv (37 lines)
[12:41:04] collected AI_Behavior_Trees.csv (20549 lines)
[12:41:04] collected AI_CityStrategy.csv (23 lines)
[12:41:04] collected AI_CombatPlanning.csv (2701 lines)
[12:41:04] collected AI_Commander_Promotions.csv (3 lines)
[12:41:04] collected AI_DiplomaticActions.csv (1253 lines)
[12:41:04] collected AI_Leader.csv (4 lines)
[12:41:05] collected AI_Market.csv (391 lines)
[12:41:05] collected AI_MayhemTracker.csv (364 lines)
[12:41:05] collected AI_MovementPlanning.csv (17705 lines)
[12:41:05] collected AI_Operation.csv (9137 lines)
[12:41:05] collected AI_Operation_Eval.csv (263 lines)
[12:41:05] collected AI_Recruiting.csv (80438 lines)
[12:41:05] collected AI_Tactical.csv (4079 lines)
[12:41:05] collected AI_Targets.csv (80039 lines)
[12:41:05] collected AI_UnitEfficiency.csv (141 lines)
[12:41:05] collected AI_Victories.csv (10 lines)
[12:41:14] restored: registry 2345=0  harness present: no debugPatched: 0
[12:41:14] autosaves changed during the run; putting the player's back
[12:41:14] FINISHED result=done  log: /Users/USER/Repos/civilization_mods/civilization_vii_mods/tower_mods/cultural_diffusion/devtools/harness/miss-flip3-UI.log
RUN_EXIT=0
