[00:30:35] autosaves backed up: 10
[00:30:35] registry before: 2315=0  (restoring Disabled=0 afterward)
[00:30:35] deployed mod: debug=1 affectsSaves0=1
[00:30:35] NO_MOD=1: Cultural Diffusion left DISABLED for this run (control)
[00:30:35] harness installed: cdh-game-soak-control.js on AugustusAnt136.Civ7Save
[00:30:35] previous UI.log kept at /Users/USER/Library/Application Support/Civilization VII/cd-harness-backup/UI-before-mksave159-20261006-003035.log (900 lines)
[00:30:37] game pid 64448
[00:39:37] result=crashed after 500s
[00:39:37] collected AI_Behavior_Tree_Events.csv (53 lines)
[00:39:37] collected AI_Behavior_Trees.csv (42022 lines)
[00:39:37] collected AI_CityStrategy.csv (105 lines)
[00:39:38] collected AI_CombatPlanning.csv (15777 lines)
[00:39:38] collected AI_Commander_Promotions.csv (146 lines)
[00:39:38] collected AI_DiplomaticActions.csv (2150 lines)
[00:39:38] collected AI_Leader.csv (11 lines)
[00:39:38] collected AI_Market.csv (795 lines)
[00:39:38] collected AI_MayhemTracker.csv (1285 lines)
[00:39:38] collected AI_MovementPlanning.csv (23799 lines)
[00:39:38] collected AI_Operation.csv (18360 lines)
[00:39:38] collected AI_Operation_Eval.csv (1729 lines)
[00:39:38] collected AI_Recruiting.csv (75368 lines)
[00:39:38] collected AI_Tactical.csv (6170 lines)
[00:39:38] collected AI_Targets.csv (115618 lines)
[00:39:38] collected AI_UnitEfficiency.csv (115 lines)
[00:39:38] collected AI_Victories.csv (26 lines)
[00:39:38] waiting 60s for the crash report to land
[00:40:38] crash report: CivilizationVII-2026-10-06-000656.ips
[00:40:46] restored: registry 2317=0  harness present: no debugPatched: 0
[00:40:46] autosaves changed during the run; putting the player's back
[00:40:46] FINISHED result=crashed  log: /Users/USER/Repos/civilization_mods/civilization_vii_mods/tower_mods/cultural_diffusion/devtools/harness/mksave159-UI.log
