[09:44:06] autosaves backed up: 10
[09:44:06] registry before: 2337=0  (restoring Disabled=0 afterward)
[09:44:06] patched ui/cd-config.js: 'maxFlipsPerTurn: 8,' -> 'maxFlipsPerTurn: 40,' (1 hit(s))
[09:44:06] patched ui/cd-age-guard.js: 'TRANSITION_GUARD_TURNS = 2;' -> 'TRANSITION_GUARD_TURNS = -1;' (1 hit(s))
[09:44:06] deployed mod: debug=1 affectsSaves0=1
[09:44:06] harness installed: cdh-game-soak159.js on CDH-Ant159.Civ7Save
[09:44:06] previous UI.log kept at /Users/USER/Library/Application Support/Civilization VII/cd-harness-backup/UI-before-soak159-noguard40b-20261006-094406.log (3574 lines)
[09:44:09] game pid 67432
[10:30:49] result=crashed after 320s
[10:30:49] collected AI_Behavior_Tree_Events.csv (11 lines)
[10:30:49] collected AI_Behavior_Trees.csv (5410 lines)
[10:30:49] collected AI_CityStrategy.csv (127 lines)
[10:30:49] collected AI_CombatPlanning.csv (566 lines)
[10:30:49] collected AI_Commander_Promotions.csv (5 lines)
[10:30:49] collected AI_Dedications.csv (69 lines)
[10:30:49] collected AI_DiplomaticActions.csv (406 lines)
[10:30:49] collected AI_Leader.csv (5 lines)
[10:30:49] collected AI_Market.csv (277 lines)
[10:30:49] collected AI_MayhemTracker.csv (63 lines)
[10:30:49] collected AI_MovementPlanning.csv (4287 lines)
[10:30:49] collected AI_Operation.csv (2100 lines)
[10:30:49] collected AI_Operation_Eval.csv (124 lines)
[10:30:49] collected AI_Recruiting.csv (18020 lines)
[10:30:49] collected AI_Tactical.csv (1894 lines)
[10:30:49] collected AI_Targets.csv (21167 lines)
[10:30:49] collected AI_UnitEfficiency.csv (256 lines)
[10:30:49] collected AI_Victories.csv (28 lines)
[10:30:49] waiting 60s for the crash report to land
[10:32:17] crash report: CivilizationVII-2026-10-06-090034.ips
[10:32:26] restored: registry 2339=0  harness present: no debugPatched: 0
[10:32:26] autosaves changed during the run; putting the player's back
[10:32:26] FINISHED result=crashed  log: /Users/USER/Repos/civilization_mods/civilization_vii_mods/tower_mods/cultural_diffusion/devtools/harness/soak159-noguard40b-UI.log
