[2026-10-06 09:36:31]	[CDH] shell attached 
[2026-10-06 09:36:32]	[CDH] shell query complete 
[2026-10-06 09:36:33]	[CDH] shell found CDH-Ant159.Civ7Save turn 159 age AGE_ANTIQUITY missingMods=0 unowned=0 
[2026-10-06 09:36:33]	[CDH] shell handleLoadSave returned true 
[2026-10-06 09:36:51]	[CDH] attached soak 
[2026-10-06 09:36:51]	[CulturalDiffusion] boot (turnInterval 1, verb purchasePlot, enabled true) 
[2026-10-06 09:36:54]	[CulturalDiffusion] inject 92,32 civ=0 culture=35 vitality=57.52 strength=56.08 stock=10 cap=112157.85 
[2026-10-06 09:36:54]	[CulturalDiffusion] inject 87,32 civ=0 culture=13 vitality=32.92 strength=24.23 stock=10 cap=48467.36 
[2026-10-06 09:36:54]	[CulturalDiffusion] inject 89,42 civ=0 culture=0 vitality=14.4 strength=0 stock=1 cap=0 
[2026-10-06 09:36:54]	[CulturalDiffusion] inject 84,35 civ=0 culture=1 vitality=25.9 strength=4.21 stock=10 cap=8412.15 
[2026-10-06 09:36:54]	[CulturalDiffusion] inject 93,26 civ=0 culture=5 vitality=26.12 strength=12.01 stock=10 cap=24016.85 
[2026-10-06 09:36:54]	[CulturalDiffusion] inject 86,20 civ=0 culture=0 vitality=11.31 strength=0 stock=1 cap=0 
[2026-10-06 09:36:54]	[CulturalDiffusion] inject 77,36 civ=2 culture=2 vitality=10.9 strength=4.33 stock=10 cap=8669.23 
[2026-10-06 09:36:54]	[CulturalDiffusion] inject 82,23 civ=3 culture=6 vitality=26.55 strength=10.28 stock=10 cap=20562.85 
[2026-10-06 09:36:54]	[CulturalDiffusion] inject 81,18 civ=3 culture=8 vitality=37.9 strength=14.04 stock=10 cap=28079.83 
[2026-10-06 09:36:54]	[CulturalDiffusion] inject 80,31 civ=3 culture=5 vitality=25.6 strength=9.02 stock=10 cap=18033.37 
[2026-10-06 09:36:54]	[CulturalDiffusion] inject 90,37 civ=3 culture=5 vitality=22.15 strength=8.57 stock=10 cap=17142.48 
[2026-10-06 09:36:54]	[CulturalDiffusion] inject 83,44 civ=4 culture=8 vitality=21.9 strength=15.49 stock=10 cap=30974.49 
[2026-10-06 09:36:54]	[CulturalDiffusion] inject 86,47 civ=4 culture=4 vitality=10.95 strength=7.74 stock=10 cap=15487.24 
[2026-10-06 09:36:54]	[CulturalDiffusion] inject 91,45 civ=4 culture=3 vitality=6.65 strength=5.39 stock=10 cap=10788.39 
[2026-10-06 09:36:54]	[CulturalDiffusion] inject 79,39 civ=5 culture=0.75 vitality=14.62 strength=1.99 stock=10 cap=3984.78 
[2026-10-06 09:36:54]	[CulturalDiffusion] frontier city=65536 ring=4 best=1 bar=300 over=0/23 center=10 
[2026-10-06 09:36:54]	[CulturalDiffusion] frontier city=196609 ring=4 best=10 bar=300 over=0/24 center=10 
[2026-10-06 09:36:54]	[CulturalDiffusion] frontier city=524290 ring=4 best=0 bar=300 over=0/24 center=1 
[2026-10-06 09:36:54]	[CulturalDiffusion] frontier city=327683 ring=4 best=10 bar=300 over=0/24 center=10 
[2026-10-06 09:36:54]	[CulturalDiffusion] frontier city=393220 ring=4 best=1 bar=300 over=0/19 center=10 
[2026-10-06 09:36:54]	[CulturalDiffusion] frontier city=458757 ring=4 best=0 bar=300 over=0/24 center=1 
[2026-10-06 09:36:54]	[CulturalDiffusion] state bytes=5780 field=354 claims=0 locked=0 passMs=17 
[2026-10-06 09:36:54]	[CulturalDiffusion] pass: 0 flip(s), 0 pending, 0 ceded (0 pending), 0 AI flip(s) (0 pending), 0 conquest(s) (0 pending), confirmed 0 claim/0 cede (0 dropped), 0 orphan(s) healed, 0 inner tile(s) released to base game, 354 active field tile(s) 
[2026-10-06 09:36:54]	[CulturalDiffusion] pass (turn 159): flips=0 field tiles=111 
[2026-10-06 09:36:56]	[CDH] LOAD GameStarted 
[2026-10-06 09:37:06]	[CDH] SOAK start turn=159 age=AGE_ANTIQUITY local=0 majors=[0,1,2,3,4,5,6,7,8,9] config={"claimOnlyUnowned":false,"aiCultureFlips":true,"recedeBorders":false,"growthBuffer":false,"conquestFlip":false,"coreProtectRadius":0,"flipMaxDistance":6,"debug":true} 
[2026-10-06 09:37:06]	[CDH] AGEREAD T0-pre: {"countdown":true,"left":1,"over":false,"turn":159,"age":"AGE_ANTIQUITY"} newClaims=0 newDistrictClaims=0 
[2026-10-06 09:37:06]	[CDH] INV T0-pre: claims=0 (ai 0) stale=0 localInner=0 anyInner=0 district=0 center=0 pending=0 locked=0 field=354 occupation=0 bytes=5765 
[2026-10-06 09:37:06]	[CDH] SEED T0: 400 frontier tiles seeded, state bytes=11170 
[2026-10-06 09:37:06]	[CulturalDiffusion] inject 92,32 civ=0 culture=35 vitality=57.52 strength=56.08 stock=87.18 cap=112157.85 
[2026-10-06 09:37:06]	[CulturalDiffusion] inject 87,32 civ=0 culture=13 vitality=32.92 strength=24.23 stock=48.18 cap=48467.36 
[2026-10-06 09:37:06]	[CulturalDiffusion] inject 89,42 civ=0 culture=0 vitality=14.4 strength=0 stock=1 cap=0 
[2026-10-06 09:37:06]	[CulturalDiffusion] inject 84,35 civ=0 culture=1 vitality=25.9 strength=4.21 stock=23.65 cap=8412.15 
[2026-10-06 09:37:06]	[CulturalDiffusion] inject 93,26 civ=0 culture=5 vitality=26.12 strength=12.01 stock=33.21 cap=24016.85 
[2026-10-06 09:37:06]	[CulturalDiffusion] inject 86,20 civ=0 culture=0 vitality=11.31 strength=0 stock=1 cap=0 
[2026-10-06 09:37:06]	[CulturalDiffusion] inject 77,36 civ=2 culture=2 vitality=10.9 strength=4.33 stock=23.81 cap=8669.23 
[2026-10-06 09:37:06]	[CulturalDiffusion] inject 82,23 civ=3 culture=6 vitality=26.55 strength=10.28 stock=31.09 cap=20562.85 
[2026-10-06 09:37:06]	[CulturalDiffusion] inject 81,18 civ=3 culture=8 vitality=37.9 strength=14.04 stock=35.7 cap=28079.83 
[2026-10-06 09:37:06]	[CulturalDiffusion] inject 80,31 civ=3 culture=5 vitality=25.6 strength=9.02 stock=29.54 cap=18033.37 
[2026-10-06 09:37:06]	[CulturalDiffusion] inject 90,37 civ=3 culture=5 vitality=22.15 strength=8.57 stock=35.2 cap=17142.48 
[2026-10-06 09:37:06]	[CulturalDiffusion] inject 83,44 civ=4 culture=8 vitality=21.9 strength=15.49 stock=37.47 cap=30974.49 
[2026-10-06 09:37:06]	[CulturalDiffusion] inject 86,47 civ=4 culture=4 vitality=10.95 strength=7.74 stock=27.98 cap=15487.24 
[2026-10-06 09:37:06]	[CulturalDiffusion] inject 91,45 civ=4 culture=3 vitality=6.65 strength=5.39 stock=25.11 cap=10788.39 
[2026-10-06 09:37:06]	[CulturalDiffusion] inject 79,39 civ=5 culture=0.75 vitality=14.62 strength=1.99 stock=20.94 cap=3984.78 
[2026-10-06 09:37:06]	[CulturalDiffusion] frontier city=65536 ring=4 best=3799 bar=300 over=8/23 center=87.18 
[2026-10-06 09:37:06]	[CulturalDiffusion] frontier city=196609 ring=4 best=3799 bar=300 over=14/24 center=48.18 
[2026-10-06 09:37:06]	[CulturalDiffusion] frontier city=524290 ring=4 best=3799 bar=300 over=5/24 center=1 
[2026-10-06 09:37:06]	[CulturalDiffusion] frontier city=327683 ring=4 best=3799 bar=300 over=11/24 center=23.65 
[2026-10-06 09:37:06]	[CulturalDiffusion] frontier city=393220 ring=4 best=3799 bar=300 over=5/19 center=33.21 
[2026-10-06 09:37:06]	[CulturalDiffusion] frontier city=458757 ring=4 best=0 bar=300 over=0/24 center=1 
[2026-10-06 09:37:06]	[CulturalDiffusion] flip 92,36 -> player 0 via purchasePlot sent; pending confirmation next pass (was owner 3) 
[2026-10-06 09:37:06]	[CulturalDiffusion] flip 91,36 -> player 0 via purchasePlot sent; pending confirmation next pass (was owner 3) 
[2026-10-06 09:37:06]	[CulturalDiffusion] flip 89,29 -> player 0 via purchasePlot sent; pending confirmation next pass (was owner -1) 
[2026-10-06 09:37:06]	[CulturalDiffusion] flip 90,28 -> player 0 via purchasePlot sent; pending confirmation next pass (was owner -1) 
[2026-10-06 09:37:06]	[CulturalDiffusion] flip 90,36 -> player 0 via purchasePlot sent; pending confirmation next pass (was owner 3) 
[2026-10-06 09:37:06]	[CulturalDiffusion] flip 89,35 -> player 0 via purchasePlot sent; pending confirmation next pass (was owner 3) 
[2026-10-06 09:37:06]	[CulturalDiffusion] flip 89,28 -> player 0 via purchasePlot sent; pending confirmation next pass (was owner -1) 
[2026-10-06 09:37:06]	[CulturalDiffusion] flip 89,27 -> player 0 via purchasePlot sent; pending confirmation next pass (was owner -1) 
[2026-10-06 09:37:06]	[CulturalDiffusion] flip 83,29 -> player 3 via purchasePlot sent; pending confirmation next pass (was owner -1) 
[2026-10-06 09:37:06]	[CulturalDiffusion] flip 83,27 -> player 3 via purchasePlot sent; pending confirmation next pass (was owner -1) 
[2026-10-06 09:37:06]	[CulturalDiffusion] flip 82,27 -> player 3 via purchasePlot sent; pending confirmation next pass (was owner -1) 
[2026-10-06 09:37:06]	[CulturalDiffusion] flip 85,40 -> player 4 via purchasePlot sent; pending confirmation next pass (was owner -1) 
[2026-10-06 09:37:06]	[CulturalDiffusion] flip 84,40 -> player 4 via purchasePlot sent; pending confirmation next pass (was owner -1) 
[2026-10-06 09:37:06]	[CulturalDiffusion] flip 86,42 -> player 4 via purchasePlot sent; pending confirmation next pass (was owner -1) 
[2026-10-06 09:37:06]	[CulturalDiffusion] flip 85,41 -> player 4 via purchasePlot sent; pending confirmation next pass (was owner -1) 
[2026-10-06 09:37:06]	[CulturalDiffusion] flip 89,49 -> player 4 via purchasePlot sent; pending confirmation next pass (was owner -1) 
[2026-10-06 09:37:06]	[CulturalDiffusion] state bytes=10737 field=445 claims=0 locked=0 passMs=60 
[2026-10-06 09:37:06]	[CulturalDiffusion] pass: 0 flip(s), 8 pending, 0 ceded (0 pending), 0 AI flip(s) (8 pending), 0 conquest(s) (0 pending), confirmed 0 claim/0 cede (0 dropped), 0 orphan(s) healed, 0 inner tile(s) released to base game, 445 active field tile(s) 
[2026-10-06 09:37:06]	[CulturalDiffusion] pass (manual): flips=0 field tiles=9 
[2026-10-06 09:37:06]	[CDH] T0 runNow={"flips":0,"pending":8,"tiles":9,"healed":0,"released":0,"ceded":0,"cedePending":0,"aiFlips":0,"aiPending":8,"conquests":0,"conquestPending":0,"occupied":0,"confirmed":0,"confirmedCede":0} 
[2026-10-06 09:37:14]	[CDH] AGEREAD T0-post: {"countdown":true,"left":1,"over":false,"turn":159,"age":"AGE_ANTIQUITY"} newClaims=0 newDistrictClaims=0 
[2026-10-06 09:37:14]	[CDH] INV T0-post: claims=0 (ai 0) stale=0 localInner=0 anyInner=0 district=0 center=0 pending=16 locked=0 field=445 occupation=0 bytes=10722 
[2026-10-06 09:37:22]	[CulturalDiffusion] notify: (92,36) player 3 -> player 0 
[2026-10-06 09:37:22]	[CulturalDiffusion] pending 92,36 claim confirmed on the live map 
[2026-10-06 09:37:22]	[CulturalDiffusion] notify: (91,36) player 3 -> player 0 
[2026-10-06 09:37:22]	[CulturalDiffusion] pending 91,36 claim confirmed on the live map 
[2026-10-06 09:37:22]	[CulturalDiffusion] notify: (89,29) unowned -> player 0 
[2026-10-06 09:37:22]	[CulturalDiffusion] pending 89,29 claim confirmed on the live map 
[2026-10-06 09:37:22]	[CulturalDiffusion] notify: (90,28) unowned -> player 0 
[2026-10-06 09:37:22]	[CulturalDiffusion] pending 90,28 claim confirmed on the live map 
[2026-10-06 09:37:22]	[CulturalDiffusion] notify: (90,36) player 3 -> player 0 
[2026-10-06 09:37:22]	[CulturalDiffusion] pending 90,36 claim confirmed on the live map 
[2026-10-06 09:37:22]	[CulturalDiffusion] notify: (89,35) player 3 -> player 0 
[2026-10-06 09:37:22]	[CulturalDiffusion] pending 89,35 claim confirmed on the live map 
[2026-10-06 09:37:22]	[CulturalDiffusion] notify: (89,28) unowned -> player 0 
[2026-10-06 09:37:22]	[CulturalDiffusion] pending 89,28 claim confirmed on the live map 
[2026-10-06 09:37:22]	[CulturalDiffusion] notify: (89,27) unowned -> player 0 
[2026-10-06 09:37:22]	[CulturalDiffusion] pending 89,27 claim confirmed on the live map 
[2026-10-06 09:37:22]	[CulturalDiffusion] notify: (83,29) unowned -> player 3 
[2026-10-06 09:37:22]	[CulturalDiffusion] pending 83,29 claim confirmed on the live map 
[2026-10-06 09:37:22]	[CulturalDiffusion] notify: (83,27) unowned -> player 3 
[2026-10-06 09:37:22]	[CulturalDiffusion] pending 83,27 claim confirmed on the live map 
[2026-10-06 09:37:22]	[CulturalDiffusion] notify: (82,27) unowned -> player 3 
[2026-10-06 09:37:22]	[CulturalDiffusion] pending 82,27 claim confirmed on the live map 
[2026-10-06 09:37:22]	[CulturalDiffusion] notify: (85,40) unowned -> player 4 
[2026-10-06 09:37:22]	[CulturalDiffusion] pending 85,40 claim confirmed on the live map 
[2026-10-06 09:37:22]	[CulturalDiffusion] notify: (84,40) unowned -> player 4 
[2026-10-06 09:37:22]	[CulturalDiffusion] pending 84,40 claim confirmed on the live map 
[2026-10-06 09:37:22]	[CulturalDiffusion] notify: (86,42) unowned -> player 4 
[2026-10-06 09:37:22]	[CulturalDiffusion] pending 86,42 claim confirmed on the live map 
[2026-10-06 09:37:22]	[CulturalDiffusion] notify: (85,41) unowned -> player 4 
[2026-10-06 09:37:22]	[CulturalDiffusion] pending 85,41 claim confirmed on the live map 
[2026-10-06 09:37:22]	[CulturalDiffusion] notify: (89,49) unowned -> player 4 
[2026-10-06 09:37:22]	[CulturalDiffusion] pending 89,49 claim confirmed on the live map 
[2026-10-06 09:37:22]	[CulturalDiffusion] inject 92,32 civ=0 culture=35 vitality=57.52 strength=55.38 stock=292.1 cap=110761.84 
[2026-10-06 09:37:22]	[CulturalDiffusion] inject 87,32 civ=0 culture=13 vitality=32.92 strength=23.93 stock=119.11 cap=47864.09 
[2026-10-06 09:37:22]	[CulturalDiffusion] inject 89,42 civ=0 culture=0 vitality=14.4 strength=0 stock=1 cap=0 
[2026-10-06 09:37:22]	[CulturalDiffusion] inject 84,35 civ=0 culture=1 vitality=25.9 strength=4.15 stock=39.29 cap=8307.45 
[2026-10-06 09:37:22]	[CulturalDiffusion] inject 93,26 civ=0 culture=5 vitality=26.12 strength=11.86 stock=67.01 cap=23717.91 
[2026-10-06 09:37:22]	[CulturalDiffusion] inject 86,20 civ=0 culture=0 vitality=11.31 strength=0 stock=1.33 cap=0 
[2026-10-06 09:37:22]	[CulturalDiffusion] inject 77,36 civ=2 culture=2 vitality=10.9 strength=4.3 stock=39.74 cap=8596.34 
[2026-10-06 09:37:22]	[CulturalDiffusion] inject 82,23 civ=3 culture=6 vitality=26.55 strength=9.61 stock=202.77 cap=19216.24 
[2026-10-06 09:37:22]	[CulturalDiffusion] inject 81,18 civ=3 culture=8 vitality=37.9 strength=13.12 stock=73.27 cap=26240.96 
[2026-10-06 09:37:22]	[CulturalDiffusion] inject 80,31 civ=3 culture=5 vitality=25.6 strength=8.43 stock=83.09 cap=16852.41 
[2026-10-06 09:37:22]	[CulturalDiffusion] inject 90,37 civ=3 culture=5 vitality=22.15 strength=8.01 stock=73.2 cap=16019.86 
[2026-10-06 09:37:22]	[CulturalDiffusion] inject 83,44 civ=4 culture=8 vitality=21.9 strength=15.48 stock=81.29 cap=30960.1 
[2026-10-06 09:37:22]	[CulturalDiffusion] inject 86,47 civ=4 culture=4 vitality=10.95 strength=7.74 stock=51.44 cap=15480.05 
[2026-10-06 09:37:22]	[CulturalDiffusion] inject 91,45 civ=4 culture=3 vitality=6.65 strength=5.39 stock=43.31 cap=10783.38 
[2026-10-06 09:37:22]	[CulturalDiffusion] inject 79,39 civ=5 culture=2 vitality=19.6 strength=4.63 stock=37.1 cap=9255.72 
[2026-10-06 09:37:22]	[CulturalDiffusion] frontier city=65536 ring=4 best=3608.05 bar=300 over=9/23 center=292.1 
[2026-10-06 09:37:22]	[CulturalDiffusion] frontier city=196609 ring=4 best=3608.05 bar=300 over=17/24 center=119.11 
[2026-10-06 09:37:22]	[CulturalDiffusion] frontier city=524290 ring=4 best=3608.05 bar=300 over=5/24 center=1 
[2026-10-06 09:37:22]	[CulturalDiffusion] frontier city=327683 ring=4 best=3608.05 bar=300 over=11/24 center=39.29 
[2026-10-06 09:37:22]	[CulturalDiffusion] frontier city=393220 ring=4 best=3608.05 bar=300 over=5/19 center=67.01 
[2026-10-06 09:37:22]	[CulturalDiffusion] frontier city=458757 ring=4 best=33.24 bar=300 over=0/24 center=1.33 
[2026-10-06 09:37:22]	[CulturalDiffusion] flip 93,36 -> player 0 via purchasePlot sent; pending confirmation next pass (was owner -1) 
[2026-10-06 09:37:22]	[CulturalDiffusion] flip 89,36 -> player 0 via purchasePlot sent; pending confirmation next pass (was owner 3) 
[2026-10-06 09:37:22]	[CulturalDiffusion] flip 88,28 -> player 0 via purchasePlot sent; pending confirmation next pass (was owner -1) 
[2026-10-06 09:37:22]	[CulturalDiffusion] flip 89,26 -> player 0 via purchasePlot sent; pending confirmation next pass (was owner -1) 
[2026-10-06 09:37:22]	[CulturalDiffusion] flip 88,36 -> player 0 via purchasePlot sent; pending confirmation next pass (was owner 3) 
[2026-10-06 09:37:22]	[CulturalDiffusion] flip 87,28 -> player 0 via purchasePlot sent; pending confirmation next pass (was owner -1) 
[2026-10-06 09:37:22]	[CulturalDiffusion] flip 89,25 -> player 0 via purchasePlot sent; pending confirmation next pass (was owner -1) 
[2026-10-06 09:37:22]	[CulturalDiffusion] flip 87,37 -> player 0 via purchasePlot sent; pending confirmation next pass (was owner 3) 
[2026-10-06 09:37:22]	[CulturalDiffusion] flip 83,40 -> player 4 via purchasePlot sent; pending confirmation next pass (was owner -1) 
[2026-10-06 09:37:22]	[CulturalDiffusion] flip 90,50 -> player 4 via purchasePlot sent; pending confirmation next pass (was owner -1) 
[2026-10-06 09:37:22]	[CulturalDiffusion] flip 84,19 -> player 3 via purchasePlot sent; pending confirmation next pass (was owner -1) 
[2026-10-06 09:37:22]	[CulturalDiffusion] flip 82,14 -> player 3 via purchasePlot sent; pending confirmation next pass (was owner -1) 
[2026-10-06 09:37:22]	[CulturalDiffusion] flip 81,14 -> player 3 via purchasePlot sent; pending confirmation next pass (was owner -1) 
[2026-10-06 09:37:22]	[CulturalDiffusion] flip 86,41 -> player 4 via purchasePlot sent; pending confirmation next pass (was owner -1) 
[2026-10-06 09:37:22]	[CulturalDiffusion] state bytes=13682 field=463 claims=16 locked=16 passMs=45 
[2026-10-06 09:37:22]	[CulturalDiffusion] pass: 0 flip(s), 8 pending, 0 ceded (0 pending), 0 AI flip(s) (6 pending), 0 conquest(s) (0 pending), confirmed 16 claim/0 cede (0 dropped), 0 orphan(s) healed, 0 inner tile(s) released to base game, 463 active field tile(s) 
[2026-10-06 09:37:22]	[CulturalDiffusion] pass (turn 160): flips=0 field tiles=22 
[2026-10-06 09:37:48]	[CDH] attached soak 
[2026-10-06 09:37:49]	[CulturalDiffusion] boot (turnInterval 1, verb purchasePlot, enabled true) 
[2026-10-06 09:37:54]	[CDH] LOAD GameStarted 
[2026-10-06 09:37:54]	[CulturalDiffusion] notify: (93,36) unowned -> player 0 
[2026-10-06 09:37:54]	[CulturalDiffusion] pending 93,36 claim confirmed on the live map 
[2026-10-06 09:37:54]	[CulturalDiffusion] notify: (89,36) player 3 -> player 0 
[2026-10-06 09:37:54]	[CulturalDiffusion] pending 89,36 claim confirmed on the live map 
[2026-10-06 09:37:54]	[CulturalDiffusion] notify: (88,28) unowned -> player 0 
[2026-10-06 09:37:54]	[CulturalDiffusion] pending 88,28 claim confirmed on the live map 
[2026-10-06 09:37:54]	[CulturalDiffusion] notify: (89,26) unowned -> player 0 
[2026-10-06 09:37:54]	[CulturalDiffusion] pending 89,26 claim confirmed on the live map 
[2026-10-06 09:37:54]	[CulturalDiffusion] notify: (88,36) player 3 -> player 0 
[2026-10-06 09:37:54]	[CulturalDiffusion] pending 88,36 claim confirmed on the live map 
[2026-10-06 09:37:54]	[CulturalDiffusion] notify: (87,28) unowned -> player 0 
[2026-10-06 09:37:54]	[CulturalDiffusion] pending 87,28 claim confirmed on the live map 
[2026-10-06 09:37:54]	[CulturalDiffusion] notify: (89,25) unowned -> player 0 
[2026-10-06 09:37:54]	[CulturalDiffusion] pending 89,25 claim confirmed on the live map 
[2026-10-06 09:37:54]	[CulturalDiffusion] notify: (87,37) player 3 -> player 0 
[2026-10-06 09:37:54]	[CulturalDiffusion] pending 87,37 claim confirmed on the live map 
[2026-10-06 09:37:54]	[CulturalDiffusion] notify: (83,40) unowned -> player 4 
[2026-10-06 09:37:54]	[CulturalDiffusion] pending 83,40 claim confirmed on the live map 
[2026-10-06 09:37:54]	[CulturalDiffusion] notify: (90,50) unowned -> player 4 
[2026-10-06 09:37:54]	[CulturalDiffusion] pending 90,50 claim confirmed on the live map 
[2026-10-06 09:37:54]	[CulturalDiffusion] notify: (84,19) unowned -> player 3 
[2026-10-06 09:37:54]	[CulturalDiffusion] pending 84,19 claim confirmed on the live map 
[2026-10-06 09:37:54]	[CulturalDiffusion] notify: (82,14) unowned -> player 3 
[2026-10-06 09:37:54]	[CulturalDiffusion] pending 82,14 claim confirmed on the live map 
[2026-10-06 09:37:54]	[CulturalDiffusion] notify: (81,14) unowned -> player 3 
[2026-10-06 09:37:54]	[CulturalDiffusion] pending 81,14 claim confirmed on the live map 
[2026-10-06 09:37:54]	[CulturalDiffusion] notify: (86,41) unowned -> player 4 
[2026-10-06 09:37:54]	[CulturalDiffusion] pending 86,41 claim confirmed on the live map 
[2026-10-06 09:37:54]	[CulturalDiffusion] inject 92,32 civ=0 culture=30.8 vitality=47 strength=39.29 stock=546.57 cap=78583.69 
[2026-10-06 09:37:54]	[CulturalDiffusion] inject 86,20 civ=0 culture=0 vitality=10.78 strength=0 stock=1.09 cap=0 
[2026-10-06 09:37:54]	[CulturalDiffusion] inject 93,26 civ=0 culture=0 vitality=15.1 strength=0 stock=62.66 cap=0 
[2026-10-06 09:37:54]	[CulturalDiffusion] inject 87,32 civ=0 culture=12 vitality=43.85 strength=20.78 stock=210 cap=41564.83 
[2026-10-06 09:37:54]	[CulturalDiffusion] inject 84,35 civ=0 culture=1 vitality=27.8 strength=3.52 stock=54.88 cap=7046.68 
[2026-10-06 09:37:54]	[CulturalDiffusion] inject 89,42 civ=0 culture=0 vitality=12.45 strength=0 stock=1 cap=0 
[2026-10-06 09:37:54]	[CulturalDiffusion] inject 77,36 civ=2 culture=2.2 vitality=13.96 strength=4.73 stock=58.31 cap=9469.66 
[2026-10-06 09:37:54]	[CulturalDiffusion] inject 81,18 civ=3 culture=9.9 vitality=32.88 strength=12.53 stock=120.14 cap=25058.16 
[2026-10-06 09:37:54]	[CulturalDiffusion] inject 82,23 civ=3 culture=9.9 vitality=21.46 strength=10.79 stock=420.55 cap=21580.75 
[2026-10-06 09:37:54]	[CulturalDiffusion] inject 80,31 civ=3 culture=4.4 vitality=25.49 strength=6.76 stock=162.17 cap=13529.58 
[2026-10-06 09:37:54]	[CulturalDiffusion] inject 90,37 civ=3 culture=6.6 vitality=16.47 strength=7.56 stock=115.85 cap=15113.4 
[2026-10-06 09:37:54]	[CulturalDiffusion] inject 83,44 civ=4 culture=8.8 vitality=23.62 strength=13.18 stock=133.46 cap=26356.97 
[2026-10-06 09:37:54]	[CulturalDiffusion] inject 91,45 civ=4 culture=4.4 vitality=12.1 strength=6.65 stock=67.09 cap=13291.67 
[2026-10-06 09:37:54]	[CulturalDiffusion] inject 86,47 civ=4 culture=5.5 vitality=14.88 strength=8.26 stock=80.82 cap=16522.96 
[2026-10-06 09:37:54]	[CulturalDiffusion] inject 79,39 civ=5 culture=2.2 vitality=19.31 strength=3.92 stock=53.5 cap=7846.84 
[2026-10-06 09:37:54]	[CulturalDiffusion] frontier city=65536 ring=4 best=3426.65 bar=375 over=8/23 center=546.57 
[2026-10-06 09:37:54]	[CulturalDiffusion] frontier city=131073 ring=4 best=133.71 bar=375 over=0/24 center=1.09 
[2026-10-06 09:37:54]	[CulturalDiffusion] frontier city=196610 ring=4 best=3426.65 bar=375 over=5/19 center=62.66 
[2026-10-06 09:37:54]	[CulturalDiffusion] frontier city=262147 ring=4 best=3426.65 bar=375 over=17/24 center=210 
[2026-10-06 09:37:54]	[CulturalDiffusion] frontier city=327684 ring=4 best=3426.65 bar=375 over=10/24 center=54.88 
[2026-10-06 09:37:54]	[CulturalDiffusion] frontier city=393221 ring=4 best=3426.65 bar=375 over=6/24 center=1 
[2026-10-06 09:37:54]	[CulturalDiffusion] flip 88,38 -> player 0 via purchasePlot sent; pending confirmation next pass (was owner 3) 
[2026-10-06 09:37:54]	[CulturalDiffusion] flip 86,28 -> player 0 via purchasePlot sent; pending confirmation next pass (was owner 20) 
[2026-10-06 09:37:54]	[CulturalDiffusion] flip 87,38 -> player 0 via purchasePlot sent; pending confirmation next pass (was owner -1) 
[2026-10-06 09:37:54]	[CulturalDiffusion] flip 85,28 -> player 0 via purchasePlot sent; pending confirmation next pass (was owner 20) 
[2026-10-06 09:37:54]	[CulturalDiffusion] flip 83,31 -> player 0 via purchasePlot sent; pending confirmation next pass (was owner 3) 
[2026-10-06 09:37:54]	[CulturalDiffusion] flip 84,30 -> player 0 via purchasePlot sent; pending confirmation next pass (was owner -1) 
[2026-10-06 09:37:54]	[CulturalDiffusion] flip 84,29 -> player 0 via purchasePlot sent; pending confirmation next pass (was owner -1) 
[2026-10-06 09:37:54]	[CulturalDiffusion] flip 82,32 -> player 0 via purchasePlot sent; pending confirmation next pass (was owner 3) 
[2026-10-06 09:37:54]	[CulturalDiffusion] flip 85,20 -> player 3 via purchasePlot sent; pending confirmation next pass (was owner 0) 
[2026-10-06 09:37:54]	[CulturalDiffusion] flip 85,18 -> player 3 via purchasePlot sent; pending confirmation next pass (was owner 0) 
[2026-10-06 09:37:54]	[CulturalDiffusion] flip 85,26 -> player 3 via purchasePlot sent; pending confirmation next pass (was owner -1) 
[2026-10-06 09:37:54]	[CulturalDiffusion] flip 83,14 -> player 3 via purchasePlot sent; pending confirmation next pass (was owner -1) 
[2026-10-06 09:37:54]	[CulturalDiffusion] flip 83,28 -> player 3 via purchasePlot sent; pending confirmation next pass (was owner -1) 
[2026-10-06 09:37:54]	[CulturalDiffusion] flip 81,35 -> player 3 via purchasePlot sent; pending confirmation next pass (was owner 0) 
[2026-10-06 09:37:54]	[CulturalDiffusion] flip 82,40 -> player 4 via purchasePlot sent; pending confirmation next pass (was owner -1) 
[2026-10-06 09:37:54]	[CulturalDiffusion] flip 86,43 -> player 4 via purchasePlot sent; pending confirmation next pass (was owner -1) 
[2026-10-06 09:37:54]	[CulturalDiffusion] state bytes=16044 field=475 claims=30 locked=30 passMs=57 
[2026-10-06 09:37:54]	[CulturalDiffusion] pass: 0 flip(s), 8 pending, 0 ceded (0 pending), 0 AI flip(s) (8 pending), 0 conquest(s) (0 pending), confirmed 14 claim/0 cede (0 dropped), 0 orphan(s) healed, 0 inner tile(s) released to base game, 475 active field tile(s) 
[2026-10-06 09:37:54]	[CulturalDiffusion] pass (turn 1): flips=0 field tiles=45 
[2026-10-06 09:38:04]	[CDH] SOAK start turn=1 age=AGE_EXPLORATION local=0 majors=[0,1,2,3,4,5,6,7,8,9] config={"claimOnlyUnowned":false,"aiCultureFlips":true,"recedeBorders":false,"growthBuffer":false,"conquestFlip":false,"coreProtectRadius":0,"flipMaxDistance":6,"debug":true} 
[2026-10-06 09:38:04]	[CDH] AGEREAD T0-pre: {"countdown":false,"left":159,"over":false,"turn":1,"age":"AGE_EXPLORATION"} newClaims=0 newDistrictClaims=0 
[2026-10-06 09:38:04]	[CDH] INV T0-pre: claims=30 (ai 14) stale=0 localInner=3 anyInner=12 district=1 center=0 pending=16 locked=30 field=475 occupation=0 bytes=16029 
[2026-10-06 09:38:04]	[CDH] INV-NEW T0-pre: district 90,36 URBAN by 0 
[2026-10-06 09:38:04]	[CDH] INV-NEW T0-pre: localInner 86,42 by 4 
[2026-10-06 09:38:04]	[CDH] INV-NEW T0-pre: localInner 84,19 by 3 
[2026-10-06 09:38:04]	[CDH] INV-NEW T0-pre: localInner 86,41 by 4 
[2026-10-06 09:38:04]	[CDH] SEED T0: 400 frontier tiles seeded, state bytes=20086 
[2026-10-06 09:38:04]	[CulturalDiffusion] notify: (88,38) player 3 -> player 0 
[2026-10-06 09:38:04]	[CulturalDiffusion] pending 88,38 claim confirmed on the live map 
[2026-10-06 09:38:04]	[CulturalDiffusion] notify: (86,28) player 20 -> player 0 
[2026-10-06 09:38:04]	[CulturalDiffusion] pending 86,28 claim confirmed on the live map 
[2026-10-06 09:38:04]	[CulturalDiffusion] notify: (87,38) unowned -> player 0 
[2026-10-06 09:38:04]	[CulturalDiffusion] pending 87,38 claim confirmed on the live map 
[2026-10-06 09:38:04]	[CulturalDiffusion] notify: (85,28) player 20 -> player 0 
[2026-10-06 09:38:04]	[CulturalDiffusion] pending 85,28 claim confirmed on the live map 
[2026-10-06 09:38:04]	[CulturalDiffusion] notify: (83,31) player 3 -> player 0 
[2026-10-06 09:38:04]	[CulturalDiffusion] pending 83,31 claim confirmed on the live map 
[2026-10-06 09:38:04]	[CulturalDiffusion] notify: (84,30) unowned -> player 0 
[2026-10-06 09:38:04]	[CulturalDiffusion] pending 84,30 claim confirmed on the live map 
[2026-10-06 09:38:04]	[CulturalDiffusion] notify: (84,29) unowned -> player 0 
[2026-10-06 09:38:04]	[CulturalDiffusion] pending 84,29 claim confirmed on the live map 
[2026-10-06 09:38:04]	[CulturalDiffusion] notify: (82,32) player 3 -> player 0 
[2026-10-06 09:38:04]	[CulturalDiffusion] pending 82,32 claim confirmed on the live map 
[2026-10-06 09:38:04]	[CulturalDiffusion] notify: (85,20) player 0 -> player 3 
[2026-10-06 09:38:04]	[CulturalDiffusion] pending 85,20 claim confirmed on the live map 
[2026-10-06 09:38:04]	[CulturalDiffusion] notify: (85,18) player 0 -> player 3 
[2026-10-06 09:38:04]	[CulturalDiffusion] pending 85,18 claim confirmed on the live map 
[2026-10-06 09:38:04]	[CulturalDiffusion] notify: (85,26) unowned -> player 3 
[2026-10-06 09:38:04]	[CulturalDiffusion] pending 85,26 claim confirmed on the live map 
[2026-10-06 09:38:04]	[CulturalDiffusion] notify: (83,14) unowned -> player 3 
[2026-10-06 09:38:04]	[CulturalDiffusion] pending 83,14 claim confirmed on the live map 
[2026-10-06 09:38:04]	[CulturalDiffusion] notify: (83,28) unowned -> player 3 
[2026-10-06 09:38:04]	[CulturalDiffusion] pending 83,28 claim confirmed on the live map 
[2026-10-06 09:38:04]	[CulturalDiffusion] notify: (81,35) player 0 -> player 3 
[2026-10-06 09:38:04]	[CulturalDiffusion] pending 81,35 claim confirmed on the live map 
[2026-10-06 09:38:04]	[CulturalDiffusion] notify: (82,40) unowned -> player 4 
[2026-10-06 09:38:04]	[CulturalDiffusion] pending 82,40 claim confirmed on the live map 
[2026-10-06 09:38:04]	[CulturalDiffusion] notify: (86,43) unowned -> player 4 
[2026-10-06 09:38:04]	[CulturalDiffusion] pending 86,43 claim confirmed on the live map 
[2026-10-06 09:38:04]	[CulturalDiffusion] inject 92,32 civ=0 culture=30.8 vitality=47 strength=39.29 stock=884.02 cap=78583.69 
[2026-10-06 09:38:04]	[CulturalDiffusion] inject 86,20 civ=0 culture=0 vitality=10.78 strength=0 stock=28.53 cap=0 
[2026-10-06 09:38:04]	[CulturalDiffusion] inject 93,26 civ=0 culture=0 vitality=15.1 strength=0 stock=58.53 cap=0 
[2026-10-06 09:38:04]	[CulturalDiffusion] inject 87,32 civ=0 culture=12 vitality=43.85 strength=20.78 stock=325.14 cap=41564.83 
[2026-10-06 09:38:04]	[CulturalDiffusion] inject 84,35 civ=0 culture=1 vitality=27.8 strength=3.52 stock=71.25 cap=7046.68 
[2026-10-06 09:38:04]	[CulturalDiffusion] inject 89,42 civ=0 culture=0 vitality=12.45 strength=0 stock=29.73 cap=0 
[2026-10-06 09:38:04]	[CulturalDiffusion] inject 77,36 civ=2 culture=2.2 vitality=13.96 strength=4.73 stock=78.4 cap=9467.42 
[2026-10-06 09:38:04]	[CulturalDiffusion] inject 81,18 civ=3 culture=9.9 vitality=32.88 strength=12.59 stock=176.6 cap=25189.42 
[2026-10-06 09:38:04]	[CulturalDiffusion] inject 82,23 civ=3 culture=9.9 vitality=21.46 strength=10.85 stock=496.59 cap=21693.79 
[2026-10-06 09:38:04]	[CulturalDiffusion] inject 80,31 civ=3 culture=4.4 vitality=25.49 strength=6.8 stock=200.25 cap=13600.45 
[2026-10-06 09:38:04]	[CulturalDiffusion] inject 90,37 civ=3 culture=6.6 vitality=20.62 strength=8.22 stock=173.14 cap=16434.16 
[2026-10-06 09:38:04]	[CulturalDiffusion] inject 83,44 civ=4 culture=8.8 vitality=23.62 strength=13.18 stock=249.19 cap=26356.97 
[2026-10-06 09:38:04]	[CulturalDiffusion] inject 91,45 civ=4 culture=4.4 vitality=12.1 strength=6.65 stock=93.82 cap=13291.67 
[2026-10-06 09:38:04]	[CulturalDiffusion] inject 86,47 civ=4 culture=5.5 vitality=14.88 strength=8.26 stock=114.54 cap=16522.96 
[2026-10-06 09:38:04]	[CulturalDiffusion] inject 79,39 civ=5 culture=2.2 vitality=19.31 strength=3.92 stock=72.75 cap=7846.84 
[2026-10-06 09:38:04]	[CulturalDiffusion] frontier city=65536 ring=4 best=3254.32 bar=375 over=8/23 center=884.02 
[2026-10-06 09:38:04]	[CulturalDiffusion] frontier city=131073 ring=4 best=3799 bar=375 over=12/24 center=28.53 
[2026-10-06 09:38:04]	[CulturalDiffusion] frontier city=196610 ring=4 best=3799 bar=375 over=9/19 center=58.53 
[2026-10-06 09:38:04]	[CulturalDiffusion] frontier city=262147 ring=4 best=3799 bar=375 over=17/24 center=325.14 
[2026-10-06 09:38:04]	[CulturalDiffusion] frontier city=327684 ring=4 best=3799 bar=375 over=10/24 center=71.25 
[2026-10-06 09:38:04]	[CulturalDiffusion] frontier city=393221 ring=4 best=3799 bar=375 over=8/24 center=29.73 
[2026-10-06 09:38:04]	[CulturalDiffusion] flip 89,38 -> player 0 via purchasePlot sent; pending confirmation next pass (was owner 3) 
[2026-10-06 09:38:04]	[CulturalDiffusion] flip 88,24 -> player 0 via purchasePlot sent; pending confirmation next pass (was owner -1) 
[2026-10-06 09:38:04]	[CulturalDiffusion] flip 90,24 -> player 0 via purchasePlot sent; pending confirmation next pass (was owner -1) 
[2026-10-06 09:38:04]	[CulturalDiffusion] flip 87,24 -> player 0 via purchasePlot sent; pending confirmation next pass (was owner -1) 
[2026-10-06 09:38:04]	[CulturalDiffusion] flip 86,24 -> player 0 via purchasePlot sent; pending confirmation next pass (was owner -1) 
[2026-10-06 09:38:04]	[CulturalDiffusion] flip 85,24 -> player 0 via purchasePlot sent; pending confirmation next pass (was owner -1) 
[2026-10-06 09:38:04]	[CulturalDiffusion] flip 83,18 -> player 0 via purchasePlot sent; pending confirmation next pass (was owner -1) 
[2026-10-06 09:38:04]	[CulturalDiffusion] flip 83,17 -> player 0 via purchasePlot sent; pending confirmation next pass (was owner -1) 
[2026-10-06 09:38:04]	[CulturalDiffusion] flip 84,17 -> player 3 via purchasePlot sent; pending confirmation next pass (was owner 0) 
[2026-10-06 09:38:04]	[CulturalDiffusion] flip 85,25 -> player 3 via purchasePlot sent; pending confirmation next pass (was owner -1) 
[2026-10-06 09:38:04]	[CulturalDiffusion] flip 83,15 -> player 3 via purchasePlot sent; pending confirmation next pass (was owner -1) 
[2026-10-06 09:38:04]	[CulturalDiffusion] flip 80,35 -> player 2 via purchasePlot sent; pending confirmation next pass (was owner -1) 
[2026-10-06 09:38:04]	[CulturalDiffusion] flip 80,34 -> player 2 via purchasePlot sent; pending confirmation next pass (was owner 3) 
[2026-10-06 09:38:04]	[CulturalDiffusion] flip 81,40 -> player 4 via purchasePlot sent; pending confirmation next pass (was owner 5) 
[2026-10-06 09:38:04]	[CulturalDiffusion] flip 87,43 -> player 4 via purchasePlot sent; pending confirmation next pass (was owner -1) 
[2026-10-06 09:38:04]	[CulturalDiffusion] flip 90,49 -> player 4 via purchasePlot sent; pending confirmation next pass (was owner -1) 
[2026-10-06 09:38:04]	[CulturalDiffusion] state bytes=18435 field=501 claims=46 locked=46 passMs=56 
[2026-10-06 09:38:04]	[CulturalDiffusion] pass: 0 flip(s), 8 pending, 0 ceded (0 pending), 0 AI flip(s) (8 pending), 0 conquest(s) (0 pending), confirmed 16 claim/0 cede (0 dropped), 0 orphan(s) healed, 0 inner tile(s) released to base game, 501 active field tile(s) 
[2026-10-06 09:38:04]	[CulturalDiffusion] pass (manual): flips=0 field tiles=34 
[2026-10-06 09:38:04]	[CDH] T0 runNow={"flips":0,"pending":8,"tiles":34,"healed":0,"released":0,"ceded":0,"cedePending":0,"aiFlips":0,"aiPending":8,"conquests":0,"conquestPending":0,"occupied":0,"confirmed":16,"confirmedCede":0} 
[2026-10-06 09:38:12]	[CDH] AGEREAD T0-post: {"countdown":false,"left":159,"over":false,"turn":1,"age":"AGE_EXPLORATION"} newClaims=16 newDistrictClaims=2 82,32(URBAN by 0) 85,18(RURAL by 3) 
[2026-10-06 09:38:12]	[CDH] INV T0-post: claims=46 (ai 22) stale=0 localInner=7 anyInner=20 district=2 center=0 pending=16 locked=46 field=501 occupation=0 bytes=18420 
[2026-10-06 09:38:12]	[CDH] INV-NEW T0-post: district 82,32 URBAN by 0 
[2026-10-06 09:38:12]	[CDH] INV-NEW T0-post: localInner 85,20 by 3 
[2026-10-06 09:38:12]	[CDH] INV-NEW T0-post: localInner 85,18 by 3 
[2026-10-06 09:38:12]	[CDH] INV-NEW T0-post: localInner 81,35 by 3 
[2026-10-06 09:38:12]	[CDH] INV-NEW T0-post: localInner 86,43 by 4 
[2026-10-06 09:38:19]	[CulturalDiffusion] notify: (89,38) player 3 -> player 0 
[2026-10-06 09:38:19]	[CulturalDiffusion] pending 89,38 claim confirmed on the live map 
[2026-10-06 09:38:19]	[CulturalDiffusion] notify: (88,24) unowned -> player 0 
[2026-10-06 09:38:19]	[CulturalDiffusion] pending 88,24 claim confirmed on the live map 
[2026-10-06 09:38:19]	[CulturalDiffusion] notify: (90,24) unowned -> player 0 
[2026-10-06 09:38:19]	[CulturalDiffusion] pending 90,24 claim confirmed on the live map 
[2026-10-06 09:38:19]	[CulturalDiffusion] notify: (87,24) unowned -> player 0 
[2026-10-06 09:38:19]	[CulturalDiffusion] pending 87,24 claim confirmed on the live map 
[2026-10-06 09:38:19]	[CulturalDiffusion] notify: (86,24) unowned -> player 0 
[2026-10-06 09:38:19]	[CulturalDiffusion] pending 86,24 claim confirmed on the live map 
[2026-10-06 09:38:19]	[CulturalDiffusion] notify: (85,24) unowned -> player 0 
[2026-10-06 09:38:19]	[CulturalDiffusion] pending 85,24 claim confirmed on the live map 
[2026-10-06 09:38:19]	[CulturalDiffusion] notify: (83,18) unowned -> player 0 
[2026-10-06 09:38:19]	[CulturalDiffusion] pending 83,18 claim confirmed on the live map 
[2026-10-06 09:38:19]	[CulturalDiffusion] notify: (83,17) unowned -> player 0 
[2026-10-06 09:38:19]	[CulturalDiffusion] pending 83,17 claim confirmed on the live map 
[2026-10-06 09:38:19]	[CulturalDiffusion] notify: (84,17) player 0 -> player 3 
[2026-10-06 09:38:19]	[CulturalDiffusion] pending 84,17 claim confirmed on the live map 
[2026-10-06 09:38:19]	[CulturalDiffusion] notify: (85,25) unowned -> player 3 
[2026-10-06 09:38:19]	[CulturalDiffusion] pending 85,25 claim confirmed on the live map 
[2026-10-06 09:38:19]	[CulturalDiffusion] notify: (83,15) unowned -> player 3 
[2026-10-06 09:38:19]	[CulturalDiffusion] pending 83,15 claim confirmed on the live map 
[2026-10-06 09:38:19]	[CulturalDiffusion] notify: (80,35) unowned -> player 2 
[2026-10-06 09:38:19]	[CulturalDiffusion] pending 80,35 claim confirmed on the live map 
[2026-10-06 09:38:19]	[CulturalDiffusion] notify: (80,34) player 3 -> player 2 
[2026-10-06 09:38:19]	[CulturalDiffusion] pending 80,34 claim confirmed on the live map 
[2026-10-06 09:38:19]	[CulturalDiffusion] notify: (81,40) player 5 -> player 4 
[2026-10-06 09:38:19]	[CulturalDiffusion] pending 81,40 claim confirmed on the live map 
[2026-10-06 09:38:19]	[CulturalDiffusion] notify: (87,43) unowned -> player 4 
[2026-10-06 09:38:19]	[CulturalDiffusion] pending 87,43 claim confirmed on the live map 
[2026-10-06 09:38:19]	[CulturalDiffusion] notify: (90,49) unowned -> player 4 
[2026-10-06 09:38:19]	[CulturalDiffusion] pending 90,49 claim confirmed on the live map 
[2026-10-06 09:38:19]	[CulturalDiffusion] inject 92,32 civ=0 culture=33 vitality=47 strength=39.19 stock=1300.06 cap=78372.93 
[2026-10-06 09:38:19]	[CulturalDiffusion] inject 86,20 civ=0 culture=0 vitality=10.78 strength=0 stock=52.96 cap=0 
[2026-10-06 09:38:19]	[CulturalDiffusion] inject 93,26 civ=0 culture=0 vitality=15.1 strength=0 stock=54.6 cap=0 
[2026-10-06 09:38:19]	[CulturalDiffusion] inject 87,32 civ=0 culture=12 vitality=43.85 strength=19.82 stock=456.27 cap=39632.82 
[2026-10-06 09:38:19]	[CulturalDiffusion] inject 84,35 civ=0 culture=1 vitality=27.8 strength=3.36 stock=109.8 cap=6719.14 
[2026-10-06 09:38:19]	[CulturalDiffusion] inject 89,42 civ=0 culture=0 vitality=12.45 strength=0 stock=77.64 cap=0 
[2026-10-06 09:38:19]	[CulturalDiffusion] inject 77,36 civ=2 culture=2.2 vitality=13.96 strength=4.6 stock=99.24 cap=9192.21 
[2026-10-06 09:38:19]	[CulturalDiffusion] inject 81,18 civ=3 culture=10.8 vitality=75.83 strength=17.61 stock=267.4 cap=35215.77 
[2026-10-06 09:38:19]	[CulturalDiffusion] inject 82,23 civ=3 culture=9.9 vitality=24.95 strength=11.28 stock=581.71 cap=22554.16 
[2026-10-06 09:38:19]	[CulturalDiffusion] inject 80,31 civ=3 culture=4.4 vitality=25.24 strength=6.68 stock=302.94 cap=13366.2 
[2026-10-06 09:38:19]	[CulturalDiffusion] inject 90,37 civ=3 culture=6.6 vitality=24.11 strength=8.56 stock=236.69 cap=17119.82 
[2026-10-06 09:38:19]	[CulturalDiffusion] inject 83,44 civ=4 culture=8.8 vitality=30.13 strength=13.94 stock=330.96 cap=27880.13 
[2026-10-06 09:38:19]	[CulturalDiffusion] inject 91,45 civ=4 culture=4.4 vitality=12.1 strength=6.46 stock=122.34 cap=12911.74 
[2026-10-06 09:38:19]	[CulturalDiffusion] inject 86,47 civ=4 culture=5.5 vitality=14.88 strength=8.03 stock=151.08 cap=16050.66 
[2026-10-06 09:38:19]	[CulturalDiffusion] inject 79,39 civ=5 culture=2.2 vitality=20.24 strength=3.83 stock=94.26 cap=7668 
[2026-10-06 09:38:19]	[CulturalDiffusion] frontier city=65536 ring=4 best=3090.6 bar=375 over=8/23 center=1300.06 
[2026-10-06 09:38:19]	[CulturalDiffusion] frontier city=131073 ring=4 best=3608.05 bar=375 over=14/24 center=52.96 
[2026-10-06 09:38:19]	[CulturalDiffusion] frontier city=196610 ring=4 best=3608.05 bar=375 over=10/19 center=54.6 
[2026-10-06 09:38:19]	[CulturalDiffusion] frontier city=262147 ring=4 best=3608.05 bar=375 over=17/24 center=456.27 
[2026-10-06 09:38:19]	[CulturalDiffusion] frontier city=327684 ring=4 best=3608.05 bar=375 over=11/24 center=109.8 
[2026-10-06 09:38:19]	[CulturalDiffusion] frontier city=393221 ring=4 best=3608.05 bar=375 over=8/24 center=77.64 
[2026-10-06 09:38:19]	[CulturalDiffusion] flip 90,38 -> player 0 via purchasePlot sent; pending confirmation next pass (was owner 3) 
[2026-10-06 09:38:19]	[CulturalDiffusion] flip 89,21 -> player 0 via purchasePlot sent; pending confirmation next pass (was owner -1) 
[2026-10-06 09:38:19]	[CulturalDiffusion] flip 89,22 -> player 0 via purchasePlot sent; pending confirmation next pass (was owner -1) 
[2026-10-06 09:38:19]	[CulturalDiffusion] flip 88,23 -> player 0 via purchasePlot sent; pending confirmation next pass (was owner -1) 
[2026-10-06 09:38:19]	[CulturalDiffusion] flip 84,24 -> player 0 via purchasePlot sent; pending confirmation next pass (was owner 3) 
[2026-10-06 09:38:19]	[CulturalDiffusion] flip 83,23 -> player 0 via purchasePlot sent; pending confirmation next pass (was owner 3) 
[2026-10-06 09:38:19]	[CulturalDiffusion] flip 83,22 -> player 0 via purchasePlot sent; pending confirmation next pass (was owner 3) 
[2026-10-06 09:38:19]	[CulturalDiffusion] flip 91,22 -> player 0 via purchasePlot sent; pending confirmation next pass (was owner -1) 
[2026-10-06 09:38:19]	[CulturalDiffusion] flip 85,21 -> player 3 via purchasePlot sent; pending confirmation next pass (was owner 0) 
[2026-10-06 09:38:19]	[CulturalDiffusion] flip 84,16 -> player 3 via purchasePlot sent; pending confirmation next pass (was owner -1) 
[2026-10-06 09:38:19]	[CulturalDiffusion] flip 81,36 -> player 2 via purchasePlot sent; pending confirmation next pass (was owner -1) 
[2026-10-06 09:38:19]	[CulturalDiffusion] flip 80,41 -> player 4 via purchasePlot sent; pending confirmation next pass (was owner 5) 
[2026-10-06 09:38:19]	[CulturalDiffusion] flip 88,43 -> player 4 via purchasePlot sent; pending confirmation next pass (was owner 0) 
[2026-10-06 09:38:19]	[CulturalDiffusion] flip 85,19 -> player 3 via purchasePlot sent; pending confirmation next pass (was owner 0) 
[2026-10-06 09:38:19]	[CulturalDiffusion] skip flip 86,18: would strand a foreign unit 
[2026-10-06 09:38:19]	[CulturalDiffusion] flip 85,17 -> player 3 via purchasePlot sent; pending confirmation next pass (was owner 0) 
[2026-10-06 09:38:19]	[CulturalDiffusion] flip 85,16 -> player 3 via purchasePlot sent; pending confirmation next pass (was owner -1) 
[2026-10-06 09:38:19]	[CulturalDiffusion] state bytes=21800 field=518 claims=62 locked=62 passMs=58 
[2026-10-06 09:38:19]	[CulturalDiffusion] pass: 0 flip(s), 8 pending, 0 ceded (0 pending), 0 AI flip(s) (8 pending), 0 conquest(s) (0 pending), confirmed 16 claim/0 cede (0 dropped), 0 orphan(s) healed, 0 inner tile(s) released to base game, 518 active field tile(s) 
[2026-10-06 09:38:19]	[CulturalDiffusion] pass (turn 2): flips=0 field tiles=48 
[2026-10-06 09:38:26]	[CulturalDiffusion] notify: (90,38) player 3 -> player 0 
[2026-10-06 09:38:26]	[CulturalDiffusion] pending 90,38 claim confirmed on the live map 
[2026-10-06 09:38:26]	[CulturalDiffusion] notify: (89,21) unowned -> player 0 
[2026-10-06 09:38:26]	[CulturalDiffusion] pending 89,21 claim confirmed on the live map 
[2026-10-06 09:38:26]	[CulturalDiffusion] notify: (89,22) unowned -> player 0 
[2026-10-06 09:38:26]	[CulturalDiffusion] pending 89,22 claim confirmed on the live map 
[2026-10-06 09:38:26]	[CulturalDiffusion] notify: (88,23) unowned -> player 0 
[2026-10-06 09:38:26]	[CulturalDiffusion] pending 88,23 claim confirmed on the live map 
[2026-10-06 09:38:26]	[CulturalDiffusion] notify: (84,24) player 3 -> player 0 
[2026-10-06 09:38:26]	[CulturalDiffusion] pending 84,24 claim confirmed on the live map 
[2026-10-06 09:38:26]	[CulturalDiffusion] notify: (83,23) player 3 -> player 0 
[2026-10-06 09:38:26]	[CulturalDiffusion] pending 83,23 claim confirmed on the live map 
[2026-10-06 09:38:26]	[CulturalDiffusion] notify: (83,22) player 3 -> player 0 
[2026-10-06 09:38:26]	[CulturalDiffusion] pending 83,22 claim confirmed on the live map 
[2026-10-06 09:38:26]	[CulturalDiffusion] notify: (91,22) unowned -> player 0 
[2026-10-06 09:38:26]	[CulturalDiffusion] pending 91,22 claim confirmed on the live map 
[2026-10-06 09:38:26]	[CulturalDiffusion] notify: (85,21) player 0 -> player 3 
[2026-10-06 09:38:26]	[CulturalDiffusion] pending 85,21 claim confirmed on the live map 
[2026-10-06 09:38:26]	[CulturalDiffusion] notify: (84,16) unowned -> player 3 
[2026-10-06 09:38:26]	[CulturalDiffusion] pending 84,16 claim confirmed on the live map 
[2026-10-06 09:38:26]	[CulturalDiffusion] notify: (81,36) unowned -> player 2 
[2026-10-06 09:38:26]	[CulturalDiffusion] pending 81,36 claim confirmed on the live map 
[2026-10-06 09:38:26]	[CulturalDiffusion] notify: (80,41) player 5 -> player 4 
[2026-10-06 09:38:26]	[CulturalDiffusion] pending 80,41 claim confirmed on the live map 
[2026-10-06 09:38:26]	[CulturalDiffusion] notify: (88,43) player 0 -> player 4 
[2026-10-06 09:38:26]	[CulturalDiffusion] pending 88,43 claim confirmed on the live map 
[2026-10-06 09:38:26]	[CulturalDiffusion] notify: (85,19) player 0 -> player 3 
[2026-10-06 09:38:26]	[CulturalDiffusion] pending 85,19 claim confirmed on the live map 
[2026-10-06 09:38:26]	[CulturalDiffusion] notify: (85,17) player 0 -> player 3 
[2026-10-06 09:38:26]	[CulturalDiffusion] pending 85,17 claim confirmed on the live map 
[2026-10-06 09:38:26]	[CulturalDiffusion] notify: (85,16) unowned -> player 3 
[2026-10-06 09:38:26]	[CulturalDiffusion] pending 85,16 claim confirmed on the live map 
[2026-10-06 09:38:26]	[CulturalDiffusion] inject 92,32 civ=0 culture=33 vitality=47 strength=39.19 stock=1791.38 cap=78387.35 
[2026-10-06 09:38:26]	[CulturalDiffusion] inject 86,20 civ=0 culture=0 vitality=11.13 strength=0 stock=74.63 cap=0 
[2026-10-06 09:38:26]	[CulturalDiffusion] inject 93,26 civ=0 culture=0 vitality=15.1 strength=0 stock=50.87 cap=0 
[2026-10-06 09:38:26]	[CulturalDiffusion] inject 87,32 civ=0 culture=12 vitality=43.85 strength=19.82 stock=606.42 cap=39640.11 
[2026-10-06 09:38:26]	[CulturalDiffusion] inject 84,35 civ=0 culture=1 vitality=27.8 strength=3.36 stock=167.9 cap=6720.37 
[2026-10-06 09:38:26]	[CulturalDiffusion] inject 89,42 civ=0 culture=0 vitality=12.45 strength=0 stock=125.09 cap=0 
[2026-10-06 09:38:26]	[CulturalDiffusion] inject 77,36 civ=2 culture=2.2 vitality=13.96 strength=4.58 stock=120.97 cap=9169.76 
[2026-10-06 09:38:26]	[CulturalDiffusion] inject 81,18 civ=3 culture=10.8 vitality=75.83 strength=17.61 stock=374.54 cap=35215.77 
[2026-10-06 09:38:26]	[CulturalDiffusion] inject 82,23 civ=3 culture=9.9 vitality=24.95 strength=11.28 stock=671.29 cap=22554.16 
[2026-10-06 09:38:26]	[CulturalDiffusion] inject 80,31 civ=3 culture=4.4 vitality=25.24 strength=6.68 stock=438.82 cap=13366.2 
[2026-10-06 09:38:26]	[CulturalDiffusion] inject 90,37 civ=3 culture=6.6 vitality=24.11 strength=8.56 stock=304.09 cap=17119.82 
[2026-10-06 09:38:26]	[CulturalDiffusion] inject 83,44 civ=4 culture=8.8 vitality=30.13 strength=13.95 stock=421.71 cap=27901.95 
[2026-10-06 09:38:26]	[CulturalDiffusion] inject 91,45 civ=4 culture=4.4 vitality=12.1 strength=6.46 stock=152.9 cap=12921.84 
[2026-10-06 09:38:26]	[CulturalDiffusion] inject 86,47 civ=4 culture=5.5 vitality=14.88 strength=8.03 stock=200.67 cap=16063.22 
[2026-10-06 09:38:26]	[CulturalDiffusion] inject 79,39 civ=5 culture=2.2 vitality=20.24 strength=3.83 stock=118.08 cap=7668 
[2026-10-06 09:38:26]	[CulturalDiffusion] frontier city=65536 ring=4 best=2935.07 bar=375 over=8/23 center=1791.38 
[2026-10-06 09:38:26]	[CulturalDiffusion] frontier city=131073 ring=4 best=3426.65 bar=375 over=15/24 center=74.63 
[2026-10-06 09:38:26]	[CulturalDiffusion] frontier city=196610 ring=4 best=3426.65 bar=375 over=10/19 center=50.87 
[2026-10-06 09:38:26]	[CulturalDiffusion] frontier city=262147 ring=4 best=3426.65 bar=375 over=18/24 center=606.42 
[2026-10-06 09:38:26]	[CulturalDiffusion] frontier city=327684 ring=4 best=3426.65 bar=375 over=11/24 center=167.9 
[2026-10-06 09:38:26]	[CulturalDiffusion] frontier city=393221 ring=4 best=3426.65 bar=375 over=8/24 center=125.09 
[2026-10-06 09:38:26]	[CulturalDiffusion] flip 91,38 -> player 0 via purchasePlot sent; pending confirmation next pass (was owner 3) 
[2026-10-06 09:38:26]	[CulturalDiffusion] flip 90,23 -> player 0 via purchasePlot sent; pending confirmation next pass (was owner -1) 
[2026-10-06 09:38:26]	[CulturalDiffusion] flip 92,22 -> player 0 via purchasePlot sent; pending confirmation next pass (was owner -1) 
[2026-10-06 09:38:26]	[CulturalDiffusion] flip 82,31 -> player 0 via purchasePlot sent; pending confirmation next pass (was owner 3) 
[2026-10-06 09:38:26]	[CulturalDiffusion] flip 81,33 -> player 0 via purchasePlot sent; pending confirmation next pass (was owner 3) 
[2026-10-06 09:38:26]	[CulturalDiffusion] flip 92,37 -> player 0 via purchasePlot sent; pending confirmation next pass (was owner 3) 
[2026-10-06 09:38:26]	[CulturalDiffusion] flip 91,37 -> player 0 via purchasePlot sent; pending confirmation next pass (was owner 3) 
[2026-10-06 09:38:26]	[CulturalDiffusion] skip flip 89,37: would strand a foreign unit 
[2026-10-06 09:38:26]	[CulturalDiffusion] flip 88,27 -> player 0 via purchasePlot sent; pending confirmation next pass (was owner -1) 
[2026-10-06 09:38:26]	[CulturalDiffusion] flip 86,22 -> player 3 via purchasePlot sent; pending confirmation next pass (was owner 0) 
[2026-10-06 09:38:26]	[CulturalDiffusion] flip 80,37 -> player 2 via purchasePlot sent; pending confirmation next pass (was owner 5) 
[2026-10-06 09:38:26]	[CulturalDiffusion] flip 80,42 -> player 4 via purchasePlot sent; pending confirmation next pass (was owner -1) 
[2026-10-06 09:38:26]	[CulturalDiffusion] flip 86,21 -> player 3 via purchasePlot sent; pending confirmation next pass (was owner 0) 
[2026-10-06 09:38:26]	[CulturalDiffusion] skip flip 86,18: would strand a foreign unit 
[2026-10-06 09:38:26]	[CulturalDiffusion] flip 86,26 -> player 3 via purchasePlot sent; pending confirmation next pass (was owner -1) 
[2026-10-06 09:38:26]	[CulturalDiffusion] flip 82,13 -> player 3 via purchasePlot sent; pending confirmation next pass (was owner -1) 
[2026-10-06 09:38:26]	[CulturalDiffusion] flip 84,28 -> player 3 via purchasePlot sent; pending confirmation next pass (was owner -1) 
[2026-10-06 09:38:26]	[CulturalDiffusion] flip 81,13 -> player 3 via purchasePlot sent; pending confirmation next pass (was owner -1) 
[2026-10-06 09:38:26]	[CulturalDiffusion] state bytes=23758 field=523 claims=78 locked=78 passMs=53 
[2026-10-06 09:38:26]	[CulturalDiffusion] pass: 0 flip(s), 8 pending, 0 ceded (0 pending), 0 AI flip(s) (8 pending), 0 conquest(s) (0 pending), confirmed 16 claim/0 cede (0 dropped), 0 orphan(s) healed, 0 inner tile(s) released to base game, 523 active field tile(s) 
[2026-10-06 09:38:26]	[CulturalDiffusion] pass (turn 3): flips=0 field tiles=93 
[2026-10-06 09:38:29]	[CDH] TURN k=1 turn=2 age=AGE_EXPLORATION 
[2026-10-06 09:38:29]	[CDH] AGEREAD T1: {"countdown":false,"left":157,"over":false,"turn":3,"age":"AGE_EXPLORATION"} newClaims=32 newDistrictClaims=2 80,34(RURAL by 2) 85,21(RURAL by 3) 
[2026-10-06 09:38:29]	[CDH] INV T1: claims=78 (ai 38) stale=0 localInner=13 anyInner=38 district=2 center=0 pending=16 locked=78 field=523 occupation=0 bytes=23743 
[2026-10-06 09:38:29]	[CDH] INV-NEW T1: localInner 84,17 by 3 
[2026-10-06 09:38:29]	[CDH] INV-NEW T1: localInner 87,43 by 4 
[2026-10-06 09:38:29]	[CDH] INV-NEW T1: localInner 85,21 by 3 
[2026-10-06 09:38:29]	[CDH] INV-NEW T1: localInner 88,43 by 4 
[2026-10-06 09:38:29]	[CDH] INV-NEW T1: localInner 85,19 by 3 
[2026-10-06 09:38:29]	[CDH] INV-NEW T1: localInner 85,17 by 3 
[2026-10-06 09:38:40]	[CDH] TURN k=2 turn=3 age=AGE_EXPLORATION 
[2026-10-06 09:38:40]	[CDH] AGEREAD T2: {"countdown":false,"left":157,"over":false,"turn":3,"age":"AGE_EXPLORATION"} newClaims=0 newDistrictClaims=0 
[2026-10-06 09:38:40]	[CDH] INV T2: claims=78 (ai 38) stale=0 localInner=13 anyInner=38 district=2 center=0 pending=16 locked=78 field=523 occupation=0 bytes=23743 
[2026-10-06 09:38:45]	[CulturalDiffusion] notify: (91,38) player 3 -> player 0 
[2026-10-06 09:38:45]	[CulturalDiffusion] pending 91,38 claim confirmed on the live map 
[2026-10-06 09:38:45]	[CulturalDiffusion] notify: (90,23) unowned -> player 0 
[2026-10-06 09:38:45]	[CulturalDiffusion] pending 90,23 claim confirmed on the live map 
[2026-10-06 09:38:45]	[CulturalDiffusion] notify: (92,22) unowned -> player 0 
[2026-10-06 09:38:45]	[CulturalDiffusion] pending 92,22 claim confirmed on the live map 
[2026-10-06 09:38:45]	[CulturalDiffusion] notify: (82,31) player 3 -> player 0 
[2026-10-06 09:38:45]	[CulturalDiffusion] pending 82,31 claim confirmed on the live map 
[2026-10-06 09:38:45]	[CulturalDiffusion] notify: (81,33) player 3 -> player 0 
[2026-10-06 09:38:45]	[CulturalDiffusion] pending 81,33 claim confirmed on the live map 
[2026-10-06 09:38:45]	[CulturalDiffusion] notify: (92,37) player 3 -> player 0 
[2026-10-06 09:38:45]	[CulturalDiffusion] pending 92,37 claim confirmed on the live map 
[2026-10-06 09:38:45]	[CulturalDiffusion] notify: (91,37) player 3 -> player 0 
[2026-10-06 09:38:45]	[CulturalDiffusion] pending 91,37 claim confirmed on the live map 
[2026-10-06 09:38:45]	[CulturalDiffusion] notify: (88,27) unowned -> player 0 
[2026-10-06 09:38:45]	[CulturalDiffusion] pending 88,27 claim confirmed on the live map 
[2026-10-06 09:38:45]	[CulturalDiffusion] notify: (86,22) player 0 -> player 3 
[2026-10-06 09:38:45]	[CulturalDiffusion] pending 86,22 claim confirmed on the live map 
[2026-10-06 09:38:45]	[CulturalDiffusion] notify: (80,37) player 5 -> player 2 
[2026-10-06 09:38:45]	[CulturalDiffusion] pending 80,37 claim confirmed on the live map 
[2026-10-06 09:38:45]	[CulturalDiffusion] notify: (80,42) unowned -> player 4 
[2026-10-06 09:38:45]	[CulturalDiffusion] pending 80,42 claim confirmed on the live map 
[2026-10-06 09:38:45]	[CulturalDiffusion] notify: (86,21) player 0 -> player 3 
[2026-10-06 09:38:45]	[CulturalDiffusion] pending 86,21 claim confirmed on the live map 
[2026-10-06 09:38:45]	[CulturalDiffusion] notify: (86,26) unowned -> player 3 
[2026-10-06 09:38:45]	[CulturalDiffusion] pending 86,26 claim confirmed on the live map 
[2026-10-06 09:38:45]	[CulturalDiffusion] notify: (82,13) unowned -> player 3 
[2026-10-06 09:38:45]	[CulturalDiffusion] pending 82,13 claim confirmed on the live map 
[2026-10-06 09:38:45]	[CulturalDiffusion] notify: (84,28) unowned -> player 3 
[2026-10-06 09:38:45]	[CulturalDiffusion] pending 84,28 claim confirmed on the live map 
[2026-10-06 09:38:45]	[CulturalDiffusion] notify: (81,13) unowned -> player 3 
[2026-10-06 09:38:45]	[CulturalDiffusion] pending 81,13 claim confirmed on the live map 
[2026-10-06 09:38:46]	[CulturalDiffusion] inject 92,32 civ=0 culture=33 vitality=47 strength=39.26 stock=2354.43 cap=78526.74 
[2026-10-06 09:38:46]	[CulturalDiffusion] inject 86,20 civ=0 culture=0 vitality=11.13 strength=0 stock=93.76 cap=0 
[2026-10-06 09:38:46]	[CulturalDiffusion] inject 93,26 civ=0 culture=0 vitality=15.1 strength=0 stock=47.33 cap=0 
[2026-10-06 09:38:46]	[CulturalDiffusion] inject 87,32 civ=0 culture=12 vitality=43.85 strength=19.86 stock=774.47 cap=39710.6 
[2026-10-06 09:38:46]	[CulturalDiffusion] inject 84,35 civ=0 culture=1 vitality=27.8 strength=3.37 stock=251.83 cap=6732.32 
[2026-10-06 09:38:46]	[CulturalDiffusion] inject 89,42 civ=0 culture=0 vitality=12.45 strength=0 stock=168.23 cap=0 
[2026-10-06 09:38:46]	[CulturalDiffusion] inject 77,36 civ=2 culture=2.2 vitality=13.96 strength=4.59 stock=149.77 cap=9186.65 
[2026-10-06 09:38:46]	[CulturalDiffusion] inject 81,18 civ=3 culture=10.8 vitality=75.83 strength=17.77 stock=498.1 cap=35537.63 
[2026-10-06 09:38:46]	[CulturalDiffusion] inject 82,23 civ=3 culture=9.9 vitality=24.95 strength=11.38 stock=765.03 cap=22760.29 
[2026-10-06 09:38:46]	[CulturalDiffusion] inject 80,31 civ=3 culture=4.4 vitality=25.24 strength=6.74 stock=484.3 cap=13488.36 
[2026-10-06 09:38:46]	[CulturalDiffusion] inject 90,37 civ=3 culture=6.6 vitality=24.11 strength=8.64 stock=375.11 cap=17276.29 
[2026-10-06 09:38:46]	[CulturalDiffusion] inject 83,44 civ=4 culture=8.8 vitality=30.13 strength=13.98 stock=520.77 cap=27950.73 
[2026-10-06 09:38:46]	[CulturalDiffusion] inject 91,45 civ=4 culture=4.4 vitality=12.1 strength=6.47 stock=185.26 cap=12944.44 
[2026-10-06 09:38:46]	[CulturalDiffusion] inject 86,47 civ=4 culture=5.5 vitality=14.88 strength=8.05 stock=243.77 cap=16091.31 
[2026-10-06 09:38:46]	[CulturalDiffusion] inject 79,39 civ=5 culture=2.2 vitality=20.24 strength=3.86 stock=144.02 cap=7720.93 
[2026-10-06 09:38:46]	[CulturalDiffusion] frontier city=65536 ring=4 best=2787.32 bar=375 over=8/23 center=2354.43 
[2026-10-06 09:38:46]	[CulturalDiffusion] frontier city=131073 ring=4 best=3254.32 bar=375 over=15/24 center=93.76 
[2026-10-06 09:38:46]	[CulturalDiffusion] frontier city=196610 ring=4 best=3254.32 bar=375 over=10/19 center=47.33 
[2026-10-06 09:38:46]	[CulturalDiffusion] frontier city=262147 ring=4 best=3254.32 bar=375 over=19/24 center=774.47 
[2026-10-06 09:38:46]	[CulturalDiffusion] frontier city=327684 ring=4 best=3254.32 bar=375 over=11/24 center=251.83 
[2026-10-06 09:38:46]	[CulturalDiffusion] frontier city=393221 ring=4 best=3254.32 bar=375 over=8/24 center=168.23 
[2026-10-06 09:38:46]	[CulturalDiffusion] flip 91,39 -> player 0 via purchasePlot sent; pending confirmation next pass (was owner 3) 
[2026-10-06 09:38:46]	[CulturalDiffusion] skip flip 89,37: would strand a foreign unit 
[2026-10-06 09:38:46]	[CulturalDiffusion] flip 92,38 -> player 0 via purchasePlot sent; pending confirmation next pass (was owner 3) 
[2026-10-06 09:38:46]	[CulturalDiffusion] flip 88,37 -> player 0 via purchasePlot sent; pending confirmation next pass (was owner 3) 
[2026-10-06 09:38:46]	[CulturalDiffusion] flip 87,27 -> player 0 via purchasePlot sent; pending confirmation next pass (was owner -1) 
[2026-10-06 09:38:46]	[CulturalDiffusion] flip 88,26 -> player 0 via purchasePlot sent; pending confirmation next pass (was owner -1) 
[2026-10-06 09:38:46]	[CulturalDiffusion] flip 88,25 -> player 0 via purchasePlot sent; pending confirmation next pass (was owner -1) 
[2026-10-06 09:38:46]	[CulturalDiffusion] flip 87,25 -> player 0 via purchasePlot sent; pending confirmation next pass (was owner -1) 
[2026-10-06 09:38:46]	[CulturalDiffusion] flip 89,24 -> player 0 via purchasePlot sent; pending confirmation next pass (was owner -1) 
[2026-10-06 09:38:46]	[CulturalDiffusion] flip 80,38 -> player 2 via purchasePlot sent; pending confirmation next pass (was owner 5) 
[2026-10-06 09:38:46]	[CulturalDiffusion] skip flip 86,18: would strand a foreign unit 
[2026-10-06 09:38:46]	[CulturalDiffusion] flip 85,39 -> player 4 via purchasePlot sent; pending confirmation next pass (was owner -1) 
[2026-10-06 09:38:46]	[CulturalDiffusion] flip 84,39 -> player 4 via purchasePlot sent; pending confirmation next pass (was owner -1) 
[2026-10-06 09:38:46]	[CulturalDiffusion] flip 83,39 -> player 4 via purchasePlot sent; pending confirmation next pass (was owner -1) 
[2026-10-06 09:38:46]	[CulturalDiffusion] flip 86,40 -> player 4 via purchasePlot sent; pending confirmation next pass (was owner -1) 
[2026-10-06 09:38:46]	[CulturalDiffusion] flip 82,39 -> player 4 via purchasePlot sent; pending confirmation next pass (was owner -1) 
[2026-10-06 09:38:46]	[CulturalDiffusion] flip 81,39 -> player 4 via purchasePlot sent; pending confirmation next pass (was owner -1) 
[2026-10-06 09:38:46]	[CulturalDiffusion] flip 80,39 -> player 4 via purchasePlot sent; pending confirmation next pass (was owner 5) 
[2026-10-06 09:38:46]	[CulturalDiffusion] state bytes=25142 field=526 claims=94 locked=94 passMs=52 
[2026-10-06 09:38:46]	[CulturalDiffusion] pass: 0 flip(s), 8 pending, 0 ceded (0 pending), 0 AI flip(s) (8 pending), 0 conquest(s) (0 pending), confirmed 16 claim/0 cede (0 dropped), 0 orphan(s) healed, 0 inner tile(s) released to base game, 526 active field tile(s) 
[2026-10-06 09:38:46]	[CulturalDiffusion] pass (turn 4): flips=0 field tiles=103 
[2026-10-06 09:38:56]	[CDH] TURN k=3 turn=4 age=AGE_EXPLORATION 
[2026-10-06 09:38:56]	[CDH] AGEREAD T3: {"countdown":false,"left":156,"over":false,"turn":4,"age":"AGE_EXPLORATION"} newClaims=16 newDistrictClaims=2 82,31(RURAL by 0) 91,37(URBAN by 0) 
[2026-10-06 09:38:56]	[CDH] INV T3: claims=94 (ai 46) stale=0 localInner=15 anyInner=48 district=3 center=0 pending=16 locked=94 field=526 occupation=0 bytes=25127 
[2026-10-06 09:38:56]	[CDH] INV-NEW T3: district 91,37 URBAN by 0 
[2026-10-06 09:38:56]	[CDH] INV-NEW T3: localInner 86,22 by 3 
[2026-10-06 09:38:56]	[CDH] INV-NEW T3: localInner 86,21 by 3 
[2026-10-06 09:39:02]	[CulturalDiffusion] notify: (91,39) player 3 -> player 0 
[2026-10-06 09:39:02]	[CulturalDiffusion] pending 91,39 claim confirmed on the live map 
[2026-10-06 09:39:02]	[CulturalDiffusion] notify: (92,38) player 3 -> player 0 
[2026-10-06 09:39:02]	[CulturalDiffusion] pending 92,38 claim confirmed on the live map 
[2026-10-06 09:39:02]	[CulturalDiffusion] notify: (88,37) player 3 -> player 0 
[2026-10-06 09:39:02]	[CulturalDiffusion] pending 88,37 claim confirmed on the live map 
[2026-10-06 09:39:02]	[CulturalDiffusion] notify: (87,27) unowned -> player 0 
[2026-10-06 09:39:02]	[CulturalDiffusion] pending 87,27 claim confirmed on the live map 
[2026-10-06 09:39:02]	[CulturalDiffusion] notify: (88,26) unowned -> player 0 
[2026-10-06 09:39:02]	[CulturalDiffusion] pending 88,26 claim confirmed on the live map 
[2026-10-06 09:39:02]	[CulturalDiffusion] notify: (88,25) unowned -> player 0 
[2026-10-06 09:39:02]	[CulturalDiffusion] pending 88,25 claim confirmed on the live map 
[2026-10-06 09:39:02]	[CulturalDiffusion] notify: (87,25) unowned -> player 0 
[2026-10-06 09:39:02]	[CulturalDiffusion] pending 87,25 claim confirmed on the live map 
[2026-10-06 09:39:02]	[CulturalDiffusion] notify: (89,24) unowned -> player 0 
[2026-10-06 09:39:02]	[CulturalDiffusion] pending 89,24 claim confirmed on the live map 
[2026-10-06 09:39:02]	[CulturalDiffusion] notify: (80,38) player 5 -> player 2 
[2026-10-06 09:39:02]	[CulturalDiffusion] pending 80,38 claim confirmed on the live map 
[2026-10-06 09:39:02]	[CulturalDiffusion] notify: (85,39) unowned -> player 4 
[2026-10-06 09:39:02]	[CulturalDiffusion] pending 85,39 claim confirmed on the live map 
[2026-10-06 09:39:02]	[CulturalDiffusion] notify: (84,39) unowned -> player 4 
[2026-10-06 09:39:02]	[CulturalDiffusion] pending 84,39 claim confirmed on the live map 
[2026-10-06 09:39:02]	[CulturalDiffusion] notify: (83,39) unowned -> player 4 
[2026-10-06 09:39:02]	[CulturalDiffusion] pending 83,39 claim confirmed on the live map 
[2026-10-06 09:39:02]	[CulturalDiffusion] notify: (86,40) unowned -> player 4 
[2026-10-06 09:39:02]	[CulturalDiffusion] pending 86,40 claim confirmed on the live map 
[2026-10-06 09:39:02]	[CulturalDiffusion] notify: (82,39) unowned -> player 4 
[2026-10-06 09:39:02]	[CulturalDiffusion] pending 82,39 claim confirmed on the live map 
[2026-10-06 09:39:02]	[CulturalDiffusion] notify: (81,39) unowned -> player 4 
[2026-10-06 09:39:02]	[CulturalDiffusion] pending 81,39 claim confirmed on the live map 
[2026-10-06 09:39:02]	[CulturalDiffusion] notify: (80,39) player 5 -> player 4 
[2026-10-06 09:39:02]	[CulturalDiffusion] pending 80,39 claim confirmed on the live map 
[2026-10-06 09:39:02]	[CulturalDiffusion] inject 92,32 civ=0 culture=33 vitality=47 strength=39.24 stock=2983.21 cap=78488.66 
[2026-10-06 09:39:02]	[CulturalDiffusion] inject 86,20 civ=0 culture=0 vitality=11.13 strength=0 stock=110.56 cap=0 
[2026-10-06 09:39:02]	[CulturalDiffusion] inject 93,26 civ=0 culture=0 vitality=15.1 strength=0 stock=43.96 cap=0 
[2026-10-06 09:39:02]	[CulturalDiffusion] inject 87,32 civ=0 culture=12 vitality=43.85 strength=19.85 stock=958.65 cap=39691.34 
[2026-10-06 09:39:02]	[CulturalDiffusion] inject 84,35 civ=0 culture=1 vitality=27.8 strength=3.36 stock=366.23 cap=6729.06 
[2026-10-06 09:39:02]	[CulturalDiffusion] inject 89,42 civ=0 culture=0 vitality=12.45 strength=0 stock=205.9 cap=0 
[2026-10-06 09:39:02]	[CulturalDiffusion] inject 77,36 civ=2 culture=2.2 vitality=13.96 strength=4.5 stock=178.47 cap=9006.49 
[2026-10-06 09:39:02]	[CulturalDiffusion] inject 81,18 civ=3 culture=10.8 vitality=75.83 strength=17.89 stock=636.99 cap=35770.93 
[2026-10-06 09:39:02]	[CulturalDiffusion] inject 82,23 civ=3 culture=9.9 vitality=24.95 strength=11.45 stock=862.4 cap=22909.71 
[2026-10-06 09:39:02]	[CulturalDiffusion] inject 80,31 civ=3 culture=4.4 vitality=25.24 strength=6.79 stock=531.48 cap=13576.91 
[2026-10-06 09:39:02]	[CulturalDiffusion] inject 90,37 civ=3 culture=9.9 vitality=27.32 strength=11.83 stock=472.69 cap=23650.33 
[2026-10-06 09:39:02]	[CulturalDiffusion] inject 83,44 civ=4 culture=8.8 vitality=30.13 strength=13.97 stock=627.19 cap=27937.4 
[2026-10-06 09:39:02]	[CulturalDiffusion] inject 91,45 civ=4 culture=4.4 vitality=12.1 strength=6.47 stock=230.71 cap=12938.26 
[2026-10-06 09:39:02]	[CulturalDiffusion] inject 86,47 civ=4 culture=5.5 vitality=14.88 strength=8.04 stock=289.21 cap=16083.64 
[2026-10-06 09:39:02]	[CulturalDiffusion] inject 79,39 civ=5 culture=2.2 vitality=20.24 strength=3.86 stock=171.6 cap=7714.25 
[2026-10-06 09:39:02]	[CulturalDiffusion] frontier city=65536 ring=4 best=2646.95 bar=375 over=8/23 center=2983.21 
[2026-10-06 09:39:02]	[CulturalDiffusion] frontier city=131073 ring=4 best=3090.6 bar=375 over=15/24 center=110.56 
[2026-10-06 09:39:02]	[CulturalDiffusion] frontier city=196610 ring=4 best=3090.6 bar=375 over=11/19 center=43.96 
[2026-10-06 09:39:02]	[CulturalDiffusion] frontier city=262147 ring=4 best=3090.6 bar=375 over=19/24 center=958.65 
[2026-10-06 09:39:02]	[CulturalDiffusion] frontier city=327684 ring=4 best=3090.6 bar=375 over=11/24 center=366.23 
[2026-10-06 09:39:02]	[CulturalDiffusion] frontier city=393221 ring=4 best=3090.6 bar=375 over=8/24 center=205.9 
[2026-10-06 09:39:02]	[CulturalDiffusion] flip 92,40 -> player 0 via purchasePlot sent; pending confirmation next pass (was owner 3) 
[2026-10-06 09:39:02]	[CulturalDiffusion] skip flip 89,37: would strand a foreign unit 
[2026-10-06 09:39:02]	[CulturalDiffusion] flip 86,25 -> player 0 via purchasePlot sent; pending confirmation next pass (was owner -1) 
[2026-10-06 09:39:02]	[CulturalDiffusion] flip 90,21 -> player 0 via purchasePlot sent; pending confirmation next pass (was owner -1) 
[2026-10-06 09:39:02]	[CulturalDiffusion] flip 90,22 -> player 0 via purchasePlot sent; pending confirmation next pass (was owner -1) 
[2026-10-06 09:39:02]	[CulturalDiffusion] flip 89,23 -> player 0 via purchasePlot sent; pending confirmation next pass (was owner -1) 
[2026-10-06 09:39:02]	[CulturalDiffusion] flip 83,24 -> player 0 via purchasePlot sent; pending confirmation next pass (was owner 3) 
[2026-10-06 09:39:02]	[CulturalDiffusion] flip 82,22 -> player 0 via purchasePlot sent; pending confirmation next pass (was owner 3) 
[2026-10-06 09:39:02]	[CulturalDiffusion] flip 91,21 -> player 0 via purchasePlot sent; pending confirmation next pass (was owner -1) 
[2026-10-06 09:39:02]	[CulturalDiffusion] skip flip 86,18: would strand a foreign unit 
[2026-10-06 09:39:02]	[CulturalDiffusion] flip 80,33 -> player 2 via purchasePlot sent; pending confirmation next pass (was owner 3) 
[2026-10-06 09:39:02]	[CulturalDiffusion] flip 88,42 -> player 4 via purchasePlot sent; pending confirmation next pass (was owner 0) 
[2026-10-06 09:39:02]	[CulturalDiffusion] flip 87,42 -> player 4 via purchasePlot sent; pending confirmation next pass (was owner -1) 
[2026-10-06 09:39:02]	[CulturalDiffusion] flip 80,40 -> player 4 via purchasePlot sent; pending confirmation next pass (was owner 5) 
[2026-10-06 09:39:02]	[CulturalDiffusion] flip 91,50 -> player 4 via purchasePlot sent; pending confirmation next pass (was owner -1) 
[2026-10-06 09:39:02]	[CulturalDiffusion] flip 86,19 -> player 3 via purchasePlot sent; pending confirmation next pass (was owner 0) 
[2026-10-06 09:39:02]	[CulturalDiffusion] skip flip 87,20: would strand a foreign unit 
[2026-10-06 09:39:02]	[CulturalDiffusion] flip 86,17 -> player 3 via purchasePlot sent; pending confirmation next pass (was owner 0) 
[2026-10-06 09:39:02]	[CulturalDiffusion] flip 86,16 -> player 3 via purchasePlot sent; pending confirmation next pass (was owner -1) 
[2026-10-06 09:39:02]	[CulturalDiffusion] state bytes=27539 field=531 claims=110 locked=110 passMs=49 
[2026-10-06 09:39:02]	[CulturalDiffusion] pass: 0 flip(s), 8 pending, 0 ceded (0 pending), 0 AI flip(s) (8 pending), 0 conquest(s) (0 pending), confirmed 16 claim/0 cede (0 dropped), 0 orphan(s) healed, 0 inner tile(s) released to base game, 531 active field tile(s) 
[2026-10-06 09:39:02]	[CulturalDiffusion] pass (turn 5): flips=0 field tiles=129 
[2026-10-06 09:39:12]	[CDH] TURN k=4 turn=5 age=AGE_EXPLORATION 
[2026-10-06 09:39:12]	[CDH] AGEREAD T4: {"countdown":false,"left":155,"over":false,"turn":5,"age":"AGE_EXPLORATION"} newClaims=16 newDistrictClaims=2 92,38(URBAN by 0) 88,37(WONDER by 0) 
[2026-10-06 09:39:12]	[CDH] INV T4: claims=110 (ai 54) stale=0 localInner=15 anyInner=55 district=4 center=0 pending=16 locked=110 field=531 occupation=0 bytes=27524 
[2026-10-06 09:39:12]	[CDH] INV-NEW T4: district 92,38 URBAN by 0 
[2026-10-06 09:39:18]	[CulturalDiffusion] notify: (92,40) player 3 -> player 0 
[2026-10-06 09:39:18]	[CulturalDiffusion] pending 92,40 claim confirmed on the live map 
[2026-10-06 09:39:18]	[CulturalDiffusion] notify: (86,25) unowned -> player 0 
[2026-10-06 09:39:18]	[CulturalDiffusion] pending 86,25 claim confirmed on the live map 
[2026-10-06 09:39:18]	[CulturalDiffusion] notify: (90,21) unowned -> player 0 
[2026-10-06 09:39:18]	[CulturalDiffusion] pending 90,21 claim confirmed on the live map 
[2026-10-06 09:39:18]	[CulturalDiffusion] notify: (90,22) unowned -> player 0 
[2026-10-06 09:39:18]	[CulturalDiffusion] pending 90,22 claim confirmed on the live map 
[2026-10-06 09:39:18]	[CulturalDiffusion] notify: (89,23) unowned -> player 0 
[2026-10-06 09:39:18]	[CulturalDiffusion] pending 89,23 claim confirmed on the live map 
[2026-10-06 09:39:18]	[CulturalDiffusion] notify: (83,24) player 3 -> player 0 
[2026-10-06 09:39:18]	[CulturalDiffusion] pending 83,24 claim confirmed on the live map 
[2026-10-06 09:39:18]	[CulturalDiffusion] notify: (82,22) player 3 -> player 0 
[2026-10-06 09:39:18]	[CulturalDiffusion] pending 82,22 claim confirmed on the live map 
[2026-10-06 09:39:18]	[CulturalDiffusion] notify: (91,21) unowned -> player 0 
[2026-10-06 09:39:18]	[CulturalDiffusion] pending 91,21 claim confirmed on the live map 
[2026-10-06 09:39:18]	[CulturalDiffusion] notify: (80,33) player 3 -> player 2 
[2026-10-06 09:39:18]	[CulturalDiffusion] pending 80,33 claim confirmed on the live map 
[2026-10-06 09:39:18]	[CulturalDiffusion] notify: (88,42) player 0 -> player 4 
[2026-10-06 09:39:18]	[CulturalDiffusion] pending 88,42 claim confirmed on the live map 
[2026-10-06 09:39:18]	[CulturalDiffusion] notify: (87,42) unowned -> player 4 
[2026-10-06 09:39:18]	[CulturalDiffusion] pending 87,42 claim confirmed on the live map 
[2026-10-06 09:39:18]	[CulturalDiffusion] notify: (80,40) player 5 -> player 4 
[2026-10-06 09:39:18]	[CulturalDiffusion] pending 80,40 claim confirmed on the live map 
[2026-10-06 09:39:18]	[CulturalDiffusion] notify: (91,50) unowned -> player 4 
[2026-10-06 09:39:18]	[CulturalDiffusion] pending 91,50 claim confirmed on the live map 
[2026-10-06 09:39:18]	[CulturalDiffusion] notify: (86,19) player 0 -> player 3 
[2026-10-06 09:39:18]	[CulturalDiffusion] pending 86,19 claim confirmed on the live map 
[2026-10-06 09:39:18]	[CulturalDiffusion] notify: (86,17) player 0 -> player 3 
[2026-10-06 09:39:18]	[CulturalDiffusion] pending 86,17 claim confirmed on the live map 
[2026-10-06 09:39:18]	[CulturalDiffusion] notify: (86,16) unowned -> player 3 
[2026-10-06 09:39:18]	[CulturalDiffusion] pending 86,16 claim confirmed on the live map 
[2026-10-06 09:39:18]	[CulturalDiffusion] inject 92,32 civ=0 culture=33 vitality=47 strength=39.06 stock=3669.25 cap=78113.85 
[2026-10-06 09:39:18]	[CulturalDiffusion] inject 86,20 civ=0 culture=0 vitality=11.13 strength=0 stock=156.07 cap=0 
[2026-10-06 09:39:18]	[CulturalDiffusion] inject 93,26 civ=0 culture=0 vitality=15.1 strength=0 stock=40.77 cap=0 
[2026-10-06 09:39:18]	[CulturalDiffusion] inject 87,32 civ=0 culture=12 vitality=43.85 strength=19.75 stock=1156.56 cap=39501.8 
[2026-10-06 09:39:18]	[CulturalDiffusion] inject 84,35 civ=0 culture=1 vitality=27.8 strength=3.35 stock=512.9 cap=6696.92 
[2026-10-06 09:39:18]	[CulturalDiffusion] inject 89,42 civ=0 culture=0 vitality=12.45 strength=0 stock=202.75 cap=0 
[2026-10-06 09:39:18]	[CulturalDiffusion] inject 77,36 civ=2 culture=2.2 vitality=13.96 strength=4.36 stock=201.11 cap=8719.85 
[2026-10-06 09:39:18]	[CulturalDiffusion] inject 81,18 civ=3 culture=10.8 vitality=75.49 strength=17.77 stock=788.24 cap=35540.9 
[2026-10-06 09:39:18]	[CulturalDiffusion] inject 82,23 civ=3 culture=9.9 vitality=24.95 strength=11.4 stock=961.64 cap=22798.76 
[2026-10-06 09:39:18]	[CulturalDiffusion] inject 80,31 civ=3 culture=4.4 vitality=25.24 strength=6.76 stock=579.52 cap=13511.16 
[2026-10-06 09:39:18]	[CulturalDiffusion] inject 90,37 civ=3 culture=9.9 vitality=27.32 strength=11.77 stock=575.45 cap=23535.79 
[2026-10-06 09:39:18]	[CulturalDiffusion] inject 83,44 civ=4 culture=8.8 vitality=30.13 strength=13.9 stock=739.69 cap=27806.23 
[2026-10-06 09:39:18]	[CulturalDiffusion] inject 91,45 civ=4 culture=4.4 vitality=12.1 strength=6.44 stock=279.18 cap=12877.52 
[2026-10-06 09:39:18]	[CulturalDiffusion] inject 86,47 civ=4 culture=5.5 vitality=14.88 strength=8 stock=336.47 cap=16008.12 
[2026-10-06 09:39:18]	[CulturalDiffusion] inject 79,39 civ=5 culture=2.2 vitality=20.24 strength=3.86 stock=200.58 cap=7723.89 
[2026-10-06 09:39:18]	[CulturalDiffusion] frontier city=65536 ring=4 best=2513.6 bar=375 over=8/23 center=3669.25 
[2026-10-06 09:39:18]	[CulturalDiffusion] frontier city=131073 ring=4 best=2935.07 bar=375 over=14/24 center=156.07 
[2026-10-06 09:39:18]	[CulturalDiffusion] frontier city=196610 ring=4 best=2935.07 bar=375 over=11/19 center=40.77 
[2026-10-06 09:39:18]	[CulturalDiffusion] frontier city=262147 ring=4 best=2935.07 bar=375 over=19/24 center=1156.56 
[2026-10-06 09:39:18]	[CulturalDiffusion] frontier city=327684 ring=4 best=2935.07 bar=375 over=11/24 center=512.9 
[2026-10-06 09:39:18]	[CulturalDiffusion] frontier city=393221 ring=4 best=2935.07 bar=375 over=8/24 center=202.75 
[2026-10-06 09:39:18]	[CulturalDiffusion] flip 92,41 -> player 0 via purchasePlot sent; pending confirmation next pass (was owner -1) 
[2026-10-06 09:39:18]	[CulturalDiffusion] skip flip 89,37: would strand a foreign unit 
[2026-10-06 09:39:18]	[CulturalDiffusion] flip 81,32 -> player 0 via purchasePlot sent; pending confirmation next pass (was owner 3) 
[2026-10-06 09:39:18]	[CulturalDiffusion] flip 81,31 -> player 0 via purchasePlot sent; pending confirmation next pass (was owner 3) 
[2026-10-06 09:39:18]	[CulturalDiffusion] skip flip 86,18: would strand a foreign unit 
[2026-10-06 09:39:18]	[CulturalDiffusion] flip 87,18 -> player 3 via purchasePlot sent; pending confirmation next pass (was owner 0) 
[2026-10-06 09:39:18]	[CulturalDiffusion] flip 87,40 -> player 4 via purchasePlot sent; pending confirmation next pass (was owner -1) 
[2026-10-06 09:39:18]	[CulturalDiffusion] flip 87,41 -> player 4 via purchasePlot sent; pending confirmation next pass (was owner 63) 
[2026-10-06 09:39:18]	[CulturalDiffusion] state bytes=27759 field=536 claims=126 locked=126 passMs=43 
[2026-10-06 09:39:18]	[CulturalDiffusion] pass: 0 flip(s), 3 pending, 0 ceded (0 pending), 0 AI flip(s) (3 pending), 0 conquest(s) (0 pending), confirmed 16 claim/0 cede (0 dropped), 0 orphan(s) healed, 0 inner tile(s) released to base game, 536 active field tile(s) 
[2026-10-06 09:39:18]	[CulturalDiffusion] pass (turn 6): flips=0 field tiles=229 
[2026-10-06 09:39:28]	[CDH] TURN k=5 turn=6 age=AGE_EXPLORATION 
[2026-10-06 09:39:28]	[CDH] AGEREAD T5: {"countdown":false,"left":154,"over":false,"turn":6,"age":"AGE_EXPLORATION"} newClaims=16 newDistrictClaims=2 80,33(RURAL by 2) 80,40(URBAN by 4) 
[2026-10-06 09:39:28]	[CDH] INV T5: claims=126 (ai 62) stale=0 localInner=19 anyInner=64 district=5 center=0 pending=6 locked=126 field=536 occupation=0 bytes=27744 
[2026-10-06 09:39:28]	[CDH] INV-NEW T5: localInner 88,42 by 4 
[2026-10-06 09:39:28]	[CDH] INV-NEW T5: localInner 87,42 by 4 
[2026-10-06 09:39:28]	[CDH] INV-NEW T5: district 80,40 URBAN by 4 
[2026-10-06 09:39:28]	[CDH] INV-NEW T5: localInner 86,19 by 3 
[2026-10-06 09:39:28]	[CDH] INV-NEW T5: localInner 86,17 by 3 
[2026-10-06 09:39:28]	[CDH] SEED T5: 400 frontier tiles seeded, state bytes=30915 
[2026-10-06 09:39:38]	[CulturalDiffusion] notify: (92,41) unowned -> player 0 
[2026-10-06 09:39:38]	[CulturalDiffusion] pending 92,41 claim confirmed on the live map 
[2026-10-06 09:39:38]	[CulturalDiffusion] notify: (81,32) player 3 -> player 0 
[2026-10-06 09:39:38]	[CulturalDiffusion] pending 81,32 claim confirmed on the live map 
[2026-10-06 09:39:38]	[CulturalDiffusion] notify: (81,31) player 3 -> player 0 
[2026-10-06 09:39:38]	[CulturalDiffusion] pending 81,31 claim confirmed on the live map 
[2026-10-06 09:39:38]	[CulturalDiffusion] notify: (87,18) player 0 -> player 3 
[2026-10-06 09:39:38]	[CulturalDiffusion] pending 87,18 claim confirmed on the live map 
[2026-10-06 09:39:38]	[CulturalDiffusion] notify: (87,40) unowned -> player 4 
[2026-10-06 09:39:38]	[CulturalDiffusion] pending 87,40 claim confirmed on the live map 
[2026-10-06 09:39:38]	[CulturalDiffusion] notify: (87,41) player 63 -> player 4 
[2026-10-06 09:39:38]	[CulturalDiffusion] pending 87,41 claim confirmed on the live map 
[2026-10-06 09:39:38]	[CulturalDiffusion] inject 92,32 civ=0 culture=33 vitality=47 strength=38.88 stock=4406.97 cap=77763.51 
[2026-10-06 09:39:38]	[CulturalDiffusion] inject 86,20 civ=0 culture=0 vitality=11.48 strength=0 stock=228.18 cap=0 
[2026-10-06 09:39:38]	[CulturalDiffusion] inject 93,26 civ=0 culture=0 vitality=15.1 strength=0 stock=37.73 cap=0 
[2026-10-06 09:39:38]	[CulturalDiffusion] inject 87,32 civ=0 culture=12 vitality=43.85 strength=19.66 stock=1366.71 cap=39324.64 
[2026-10-06 09:39:38]	[CulturalDiffusion] inject 84,35 civ=0 culture=1 vitality=27.8 strength=3.33 stock=686.94 cap=6666.89 
[2026-10-06 09:39:38]	[CulturalDiffusion] inject 89,42 civ=0 culture=0 vitality=12.45 strength=0 stock=196.02 cap=0 
[2026-10-06 09:39:38]	[CulturalDiffusion] inject 77,36 civ=2 culture=2.2 vitality=13.96 strength=4.34 stock=223.89 cap=8679.44 
[2026-10-06 09:39:38]	[CulturalDiffusion] inject 81,18 civ=3 culture=14.4 vitality=62.96 strength=25.17 stock=1034 cap=50339.84 
[2026-10-06 09:39:38]	[CulturalDiffusion] inject 82,23 civ=3 culture=9.9 vitality=24.95 strength=14.27 stock=2260.75 cap=28537.36 
[2026-10-06 09:39:38]	[CulturalDiffusion] inject 80,31 civ=3 culture=4.4 vitality=25.24 strength=8.46 stock=646.24 cap=16912.01 
[2026-10-06 09:39:38]	[CulturalDiffusion] inject 90,37 civ=3 culture=9.9 vitality=38.11 strength=16.55 stock=729.15 cap=33099.77 
[2026-10-06 09:39:38]	[CulturalDiffusion] inject 83,44 civ=4 culture=8.8 vitality=30.13 strength=13.85 stock=857.62 cap=27705.54 
[2026-10-06 09:39:38]	[CulturalDiffusion] inject 91,45 civ=4 culture=4.4 vitality=12.1 strength=6.42 stock=315.73 cap=12830.88 
[2026-10-06 09:39:38]	[CulturalDiffusion] inject 86,47 civ=4 culture=5.5 vitality=14.88 strength=7.98 stock=385.3 cap=15950.15 
[2026-10-06 09:39:38]	[CulturalDiffusion] inject 79,39 civ=5 culture=2.2 vitality=20.24 strength=3.84 stock=227.54 cap=7688.03 
[2026-10-06 09:39:38]	[CulturalDiffusion] frontier city=65536 ring=4 best=2386.92 bar=375 over=9/23 center=4406.97 
[2026-10-06 09:39:38]	[CulturalDiffusion] frontier city=131073 ring=4 best=3799 bar=375 over=17/24 center=228.18 
[2026-10-06 09:39:38]	[CulturalDiffusion] frontier city=196610 ring=4 best=2787.32 bar=375 over=11/19 center=37.73 
[2026-10-06 09:39:38]	[CulturalDiffusion] frontier city=262147 ring=4 best=3799 bar=375 over=19/24 center=1366.71 
[2026-10-06 09:39:38]	[CulturalDiffusion] frontier city=327684 ring=4 best=3799 bar=375 over=13/24 center=686.94 
[2026-10-06 09:39:38]	[CulturalDiffusion] frontier city=393221 ring=4 best=2787.32 bar=375 over=8/24 center=196.02 
[2026-10-06 09:39:38]	[CulturalDiffusion] flip 82,19 -> player 0 via purchasePlot sent; pending confirmation next pass (was owner 3) 
[2026-10-06 09:39:38]	[CulturalDiffusion] flip 82,21 -> player 0 via purchasePlot sent; pending confirmation next pass (was owner 3) 
[2026-10-06 09:39:38]	[CulturalDiffusion] skip flip 89,37: would strand a foreign unit 
[2026-10-06 09:39:38]	[CulturalDiffusion] flip 86,27 -> player 0 via purchasePlot sent; pending confirmation next pass (was owner -1) 
[2026-10-06 09:39:38]	[CulturalDiffusion] flip 84,25 -> player 0 via purchasePlot sent; pending confirmation next pass (was owner -1) 
[2026-10-06 09:39:38]	[CulturalDiffusion] flip 82,18 -> player 0 via purchasePlot sent; pending confirmation next pass (was owner 3) 
[2026-10-06 09:39:38]	[CulturalDiffusion] flip 82,17 -> player 0 via purchasePlot sent; pending confirmation next pass (was owner 3) 
[2026-10-06 09:39:38]	[CulturalDiffusion] flip 83,16 -> player 0 via purchasePlot sent; pending confirmation next pass (was owner -1) 
[2026-10-06 09:39:38]	[CulturalDiffusion] flip 83,25 -> player 0 via purchasePlot sent; pending confirmation next pass (was owner 3) 
[2026-10-06 09:39:38]	[CulturalDiffusion] flip 86,23 -> player 3 via purchasePlot sent; pending confirmation next pass (was owner 0) 
[2026-10-06 09:39:38]	[CulturalDiffusion] flip 79,33 -> player 2 via purchasePlot sent; pending confirmation next pass (was owner 3) 
[2026-10-06 09:39:38]	[CulturalDiffusion] flip 87,22 -> player 3 via purchasePlot sent; pending confirmation next pass (was owner 0) 
[2026-10-06 09:39:38]	[CulturalDiffusion] skip flip 86,18: would strand a foreign unit 
[2026-10-06 09:39:38]	[CulturalDiffusion] flip 80,32 -> player 2 via purchasePlot sent; pending confirmation next pass (was owner 3) 
[2026-10-06 09:39:38]	[CulturalDiffusion] flip 82,36 -> player 2 via purchasePlot sent; pending confirmation next pass (was owner 0) 
[2026-10-06 09:39:38]	[CulturalDiffusion] flip 81,34 -> player 2 via purchasePlot sent; pending confirmation next pass (was owner 3) 
[2026-10-06 09:39:38]	[CulturalDiffusion] flip 81,37 -> player 2 via purchasePlot sent; pending confirmation next pass (was owner -1) 
[2026-10-06 09:39:38]	[CulturalDiffusion] flip 81,38 -> player 2 via purchasePlot sent; pending confirmation next pass (was owner -1) 
[2026-10-06 09:39:38]	[CulturalDiffusion] state bytes=28194 field=540 claims=132 locked=132 passMs=47 
[2026-10-06 09:39:38]	[CulturalDiffusion] pass: 0 flip(s), 8 pending, 0 ceded (0 pending), 0 AI flip(s) (8 pending), 0 conquest(s) (0 pending), confirmed 6 claim/0 cede (0 dropped), 0 orphan(s) healed, 0 inner tile(s) released to base game, 540 active field tile(s) 
[2026-10-06 09:39:38]	[CulturalDiffusion] pass (turn 7): flips=0 field tiles=125 
[2026-10-06 09:39:48]	[CDH] TURN k=6 turn=7 age=AGE_EXPLORATION 
[2026-10-06 09:39:48]	[CDH] AGEREAD T6: {"countdown":false,"left":153,"over":false,"turn":7,"age":"AGE_EXPLORATION"} newClaims=6 newDistrictClaims=3 81,31(URBAN by 0) 87,18(RURAL by 3) 87,41(RURAL by 4) 
[2026-10-06 09:39:48]	[CDH] INV T6: claims=132 (ai 65) stale=0 localInner=22 anyInner=69 district=6 center=0 pending=16 locked=132 field=540 occupation=0 bytes=28179 
[2026-10-06 09:39:48]	[CDH] INV-NEW T6: district 81,31 URBAN by 0 
[2026-10-06 09:39:48]	[CDH] INV-NEW T6: localInner 87,18 by 3 
[2026-10-06 09:39:48]	[CDH] INV-NEW T6: localInner 87,40 by 4 
[2026-10-06 09:39:48]	[CDH] INV-NEW T6: localInner 87,41 by 4 
[2026-10-06 09:39:48]	[CDH] DONE harness soak finished, survived 6 turns 
