[09:40:08] autosaves backed up: 10
[09:40:08] registry before: 2335=0  (restoring Disabled=0 afterward)
[09:40:08] patched ui/cd-config.js: 'maxFlipsPerTurn: 8,' -> 'maxFlipsPerTurn: 40,' (1 hit(s))
[09:40:08] deployed mod: debug=1 affectsSaves0=1
[09:40:08] harness installed: cdh-game-soak159.js on CDH-Ant159.Civ7Save
[09:40:08] previous UI.log kept at /Users/USER/Library/Application Support/Civilization VII/cd-harness-backup/UI-before-soak159-guard40-20261006-094008.log (3285 lines)
[09:40:14] game pid 63721
[09:43:42] result=done after 192s
[09:43:42] collected AI_Behavior_Tree_Events.csv (10 lines)
[09:43:42] collected AI_Behavior_Trees.csv (6164 lines)
[09:43:42] collected AI_CityStrategy.csv (124 lines)
[09:43:42] collected AI_CombatPlanning.csv (583 lines)
[09:43:42] collected AI_Commander_Promotions.csv (5 lines)
[09:43:42] collected AI_Dedications.csv (69 lines)
[09:43:42] collected AI_DiplomaticActions.csv (449 lines)
[09:43:42] collected AI_Leader.csv (2 lines)
[09:43:42] collected AI_Market.csv (271 lines)
[09:43:42] collected AI_MayhemTracker.csv (66 lines)
[09:43:42] collected AI_MovementPlanning.csv (4815 lines)
[09:43:42] collected AI_Operation.csv (2392 lines)
[09:43:43] collected AI_Operation_Eval.csv (135 lines)
[09:43:43] collected AI_Recruiting.csv (20759 lines)
[09:43:43] collected AI_Tactical.csv (2180 lines)
[09:43:43] collected AI_Targets.csv (22982 lines)
[09:43:43] collected AI_UnitEfficiency.csv (256 lines)
[09:43:43] collected AI_Victories.csv (27 lines)
[09:43:51] restored: registry 2337=0  harness present: no debugPatched: 0
[09:43:51] autosaves changed during the run; putting the player's back
[09:43:51] FINISHED result=done  log: /Users/USER/Repos/civilization_mods/civilization_vii_mods/tower_mods/cultural_diffusion/devtools/harness/soak159-guard40-UI.log
