[09:36:27] autosaves backed up: 10
[09:36:27] registry before: 2333=0  (restoring Disabled=0 afterward)
[09:36:28] patched ui/cd-age-guard.js: 'TRANSITION_GUARD_TURNS = 2;' -> 'TRANSITION_GUARD_TURNS = -1' (1 hit(s))
[09:36:28] PATCH target ;ui/cd-config.js not found
[09:36:28] deployed mod: debug=1 affectsSaves0=1
[09:36:28] harness installed: cdh-game-soak159.js on CDH-Ant159.Civ7Save
[09:36:28] previous UI.log kept at /Users/USER/Library/Application Support/Civilization VII/cd-harness-backup/UI-before-soak159-noguard40-20261006-093628.log (3232 lines)
[09:36:30] game pid 60280
[09:39:58] result=done after 192s
[09:39:58] collected AI_Behavior_Tree_Events.csv (12 lines)
[09:39:58] collected AI_Behavior_Trees.csv (6304 lines)
[09:39:58] collected AI_CityStrategy.csv (127 lines)
[09:39:58] collected AI_CombatPlanning.csv (597 lines)
[09:39:58] collected AI_Commander_Promotions.csv (5 lines)
[09:39:58] collected AI_Dedications.csv (69 lines)
[09:39:58] collected AI_DiplomaticActions.csv (452 lines)
[09:39:58] collected AI_Leader.csv (2 lines)
[09:39:58] collected AI_Market.csv (286 lines)
[09:39:58] collected AI_MayhemTracker.csv (69 lines)
[09:39:59] collected AI_MovementPlanning.csv (4801 lines)
[09:39:59] collected AI_Operation.csv (2586 lines)
[09:39:59] collected AI_Operation_Eval.csv (135 lines)
[09:39:59] collected AI_Recruiting.csv (21316 lines)
[09:39:59] collected AI_Tactical.csv (2095 lines)
[09:39:59] collected AI_Targets.csv (23110 lines)
[09:39:59] collected AI_UnitEfficiency.csv (256 lines)
[09:39:59] collected AI_Victories.csv (27 lines)
[09:40:08] restored: registry 2335=0  harness present: no debugPatched: 0
[09:40:08] autosaves changed during the run; putting the player's back
[09:40:08] FINISHED result=done  log: /Users/USER/Repos/civilization_mods/civilization_vii_mods/tower_mods/cultural_diffusion/devtools/harness/soak159-noguard40-UI.log
