[2026-10-06 09:40:15]	[CDH] shell attached 
[2026-10-06 09:40:16]	[CDH] shell query complete 
[2026-10-06 09:40:17]	[CDH] shell found CDH-Ant159.Civ7Save turn 159 age AGE_ANTIQUITY missingMods=0 unowned=0 
[2026-10-06 09:40:17]	[CDH] shell handleLoadSave returned true 
[2026-10-06 09:40:34]	[CDH] attached soak 
[2026-10-06 09:40:35]	[CulturalDiffusion] boot (turnInterval 1, verb purchasePlot, enabled true) 
[2026-10-06 09:40:38]	[CulturalDiffusion] inject 92,32 civ=0 culture=35 vitality=57.52 strength=56.08 stock=10 cap=112157.85 
[2026-10-06 09:40:38]	[CulturalDiffusion] inject 87,32 civ=0 culture=13 vitality=32.92 strength=24.23 stock=10 cap=48467.36 
[2026-10-06 09:40:38]	[CulturalDiffusion] inject 89,42 civ=0 culture=0 vitality=14.4 strength=0 stock=1 cap=0 
[2026-10-06 09:40:38]	[CulturalDiffusion] inject 84,35 civ=0 culture=1 vitality=25.9 strength=4.21 stock=10 cap=8412.15 
[2026-10-06 09:40:38]	[CulturalDiffusion] inject 93,26 civ=0 culture=5 vitality=26.12 strength=12.01 stock=10 cap=24016.85 
[2026-10-06 09:40:38]	[CulturalDiffusion] inject 86,20 civ=0 culture=0 vitality=11.31 strength=0 stock=1 cap=0 
[2026-10-06 09:40:38]	[CulturalDiffusion] inject 77,36 civ=2 culture=2 vitality=10.9 strength=4.33 stock=10 cap=8669.23 
[2026-10-06 09:40:38]	[CulturalDiffusion] inject 82,23 civ=3 culture=6 vitality=26.55 strength=10.28 stock=10 cap=20562.85 
[2026-10-06 09:40:38]	[CulturalDiffusion] inject 81,18 civ=3 culture=8 vitality=37.9 strength=14.04 stock=10 cap=28079.83 
[2026-10-06 09:40:38]	[CulturalDiffusion] inject 80,31 civ=3 culture=5 vitality=25.6 strength=9.02 stock=10 cap=18033.37 
[2026-10-06 09:40:38]	[CulturalDiffusion] inject 90,37 civ=3 culture=5 vitality=22.15 strength=8.57 stock=10 cap=17142.48 
[2026-10-06 09:40:38]	[CulturalDiffusion] inject 83,44 civ=4 culture=8 vitality=21.9 strength=15.49 stock=10 cap=30974.49 
[2026-10-06 09:40:38]	[CulturalDiffusion] inject 86,47 civ=4 culture=4 vitality=10.95 strength=7.74 stock=10 cap=15487.24 
[2026-10-06 09:40:38]	[CulturalDiffusion] inject 91,45 civ=4 culture=3 vitality=6.65 strength=5.39 stock=10 cap=10788.39 
[2026-10-06 09:40:38]	[CulturalDiffusion] inject 79,39 civ=5 culture=0.75 vitality=14.62 strength=1.99 stock=10 cap=3984.78 
[2026-10-06 09:40:38]	[CulturalDiffusion] frontier city=65536 ring=4 best=1 bar=300 over=0/23 center=10 
[2026-10-06 09:40:38]	[CulturalDiffusion] frontier city=196609 ring=4 best=10 bar=300 over=0/24 center=10 
[2026-10-06 09:40:38]	[CulturalDiffusion] frontier city=524290 ring=4 best=0 bar=300 over=0/24 center=1 
[2026-10-06 09:40:38]	[CulturalDiffusion] frontier city=327683 ring=4 best=10 bar=300 over=0/24 center=10 
[2026-10-06 09:40:38]	[CulturalDiffusion] frontier city=393220 ring=4 best=1 bar=300 over=0/19 center=10 
[2026-10-06 09:40:38]	[CulturalDiffusion] frontier city=458757 ring=4 best=0 bar=300 over=0/24 center=1 
[2026-10-06 09:40:38]	[CulturalDiffusion] state bytes=5780 field=354 claims=0 locked=0 passMs=16 
[2026-10-06 09:40:38]	[CulturalDiffusion] pass: 0 flip(s), 0 pending, 0 ceded (0 pending), 0 AI flip(s) (0 pending), 0 conquest(s) (0 pending), confirmed 0 claim/0 cede (0 dropped), 0 orphan(s) healed, 0 inner tile(s) released to base game, 354 active field tile(s) 
[2026-10-06 09:40:38]	[CulturalDiffusion] pass (turn 159): flips=0 field tiles=111 
[2026-10-06 09:40:40]	[CDH] LOAD GameStarted 
[2026-10-06 09:40:50]	[CDH] SOAK start turn=159 age=AGE_ANTIQUITY local=0 majors=[0,1,2,3,4,5,6,7,8,9] config={"claimOnlyUnowned":false,"aiCultureFlips":true,"recedeBorders":false,"growthBuffer":false,"conquestFlip":false,"coreProtectRadius":0,"flipMaxDistance":6,"debug":true} 
[2026-10-06 09:40:50]	[CDH] AGEREAD T0-pre: {"countdown":true,"left":1,"over":false,"turn":159,"age":"AGE_ANTIQUITY"} newClaims=0 newDistrictClaims=0 
[2026-10-06 09:40:50]	[CDH] INV T0-pre: claims=0 (ai 0) stale=0 localInner=0 anyInner=0 district=0 center=0 pending=0 locked=0 field=354 occupation=0 bytes=5765 
[2026-10-06 09:40:50]	[CDH] SEED T0: 400 frontier tiles seeded, state bytes=11170 
[2026-10-06 09:40:50]	[CulturalDiffusion] inject 92,32 civ=0 culture=35 vitality=57.52 strength=56.08 stock=87.18 cap=112157.85 
[2026-10-06 09:40:50]	[CulturalDiffusion] inject 87,32 civ=0 culture=13 vitality=32.92 strength=24.23 stock=48.18 cap=48467.36 
[2026-10-06 09:40:50]	[CulturalDiffusion] inject 89,42 civ=0 culture=0 vitality=14.4 strength=0 stock=1 cap=0 
[2026-10-06 09:40:50]	[CulturalDiffusion] inject 84,35 civ=0 culture=1 vitality=25.9 strength=4.21 stock=23.65 cap=8412.15 
[2026-10-06 09:40:50]	[CulturalDiffusion] inject 93,26 civ=0 culture=5 vitality=26.12 strength=12.01 stock=33.21 cap=24016.85 
[2026-10-06 09:40:50]	[CulturalDiffusion] inject 86,20 civ=0 culture=0 vitality=11.31 strength=0 stock=1 cap=0 
[2026-10-06 09:40:50]	[CulturalDiffusion] inject 77,36 civ=2 culture=2 vitality=10.9 strength=4.33 stock=23.81 cap=8669.23 
[2026-10-06 09:40:50]	[CulturalDiffusion] inject 82,23 civ=3 culture=6 vitality=26.55 strength=10.28 stock=31.09 cap=20562.85 
[2026-10-06 09:40:50]	[CulturalDiffusion] inject 81,18 civ=3 culture=8 vitality=37.9 strength=14.04 stock=35.7 cap=28079.83 
[2026-10-06 09:40:50]	[CulturalDiffusion] inject 80,31 civ=3 culture=5 vitality=25.6 strength=9.02 stock=29.54 cap=18033.37 
[2026-10-06 09:40:50]	[CulturalDiffusion] inject 90,37 civ=3 culture=5 vitality=22.15 strength=8.57 stock=35.2 cap=17142.48 
[2026-10-06 09:40:50]	[CulturalDiffusion] inject 83,44 civ=4 culture=8 vitality=21.9 strength=15.49 stock=37.47 cap=30974.49 
[2026-10-06 09:40:50]	[CulturalDiffusion] inject 86,47 civ=4 culture=4 vitality=10.95 strength=7.74 stock=27.98 cap=15487.24 
[2026-10-06 09:40:50]	[CulturalDiffusion] inject 91,45 civ=4 culture=3 vitality=6.65 strength=5.39 stock=25.11 cap=10788.39 
[2026-10-06 09:40:50]	[CulturalDiffusion] inject 79,39 civ=5 culture=0.75 vitality=14.62 strength=1.99 stock=20.94 cap=3984.78 
[2026-10-06 09:40:50]	[CulturalDiffusion] frontier city=65536 ring=4 best=3799 bar=300 over=8/23 center=87.18 
[2026-10-06 09:40:50]	[CulturalDiffusion] frontier city=196609 ring=4 best=3799 bar=300 over=14/24 center=48.18 
[2026-10-06 09:40:50]	[CulturalDiffusion] frontier city=524290 ring=4 best=3799 bar=300 over=5/24 center=1 
[2026-10-06 09:40:50]	[CulturalDiffusion] frontier city=327683 ring=4 best=3799 bar=300 over=11/24 center=23.65 
[2026-10-06 09:40:50]	[CulturalDiffusion] frontier city=393220 ring=4 best=3799 bar=300 over=5/19 center=33.21 
[2026-10-06 09:40:50]	[CulturalDiffusion] frontier city=458757 ring=4 best=0 bar=300 over=0/24 center=1 
[2026-10-06 09:40:50]	[CulturalDiffusion] flip 92,36 -> player 0 via purchasePlot sent; pending confirmation next pass (was owner 3) 
[2026-10-06 09:40:50]	[CulturalDiffusion] flip 89,29 -> player 0 via purchasePlot sent; pending confirmation next pass (was owner -1) 
[2026-10-06 09:40:50]	[CulturalDiffusion] flip 90,28 -> player 0 via purchasePlot sent; pending confirmation next pass (was owner -1) 
[2026-10-06 09:40:50]	[CulturalDiffusion] flip 89,35 -> player 0 via purchasePlot sent; pending confirmation next pass (was owner 3) 
[2026-10-06 09:40:50]	[CulturalDiffusion] flip 89,28 -> player 0 via purchasePlot sent; pending confirmation next pass (was owner -1) 
[2026-10-06 09:40:50]	[CulturalDiffusion] flip 89,27 -> player 0 via purchasePlot sent; pending confirmation next pass (was owner -1) 
[2026-10-06 09:40:50]	[CulturalDiffusion] flip 88,28 -> player 0 via purchasePlot sent; pending confirmation next pass (was owner -1) 
[2026-10-06 09:40:50]	[CulturalDiffusion] flip 89,26 -> player 0 via purchasePlot sent; pending confirmation next pass (was owner -1) 
[2026-10-06 09:40:50]	[CulturalDiffusion] flip 88,36 -> player 0 via purchasePlot sent; pending confirmation next pass (was owner 3) 
[2026-10-06 09:40:50]	[CulturalDiffusion] flip 87,28 -> player 0 via purchasePlot sent; pending confirmation next pass (was owner -1) 
[2026-10-06 09:40:50]	[CulturalDiffusion] flip 89,25 -> player 0 via purchasePlot sent; pending confirmation next pass (was owner -1) 
[2026-10-06 09:40:50]	[CulturalDiffusion] flip 87,37 -> player 0 via purchasePlot sent; pending confirmation next pass (was owner 3) 
[2026-10-06 09:40:50]	[CulturalDiffusion] flip 87,38 -> player 0 via purchasePlot sent; pending confirmation next pass (was owner -1) 
[2026-10-06 09:40:50]	[CulturalDiffusion] flip 81,33 -> player 0 via purchasePlot sent; pending confirmation next pass (was owner 3) 
[2026-10-06 09:40:50]	[CulturalDiffusion] flip 83,29 -> player 3 via purchasePlot sent; pending confirmation next pass (was owner -1) 
[2026-10-06 09:40:50]	[CulturalDiffusion] flip 83,27 -> player 3 via purchasePlot sent; pending confirmation next pass (was owner -1) 
[2026-10-06 09:40:50]	[CulturalDiffusion] flip 82,27 -> player 3 via purchasePlot sent; pending confirmation next pass (was owner -1) 
[2026-10-06 09:40:50]	[CulturalDiffusion] flip 85,40 -> player 4 via purchasePlot sent; pending confirmation next pass (was owner -1) 
[2026-10-06 09:40:50]	[CulturalDiffusion] flip 84,40 -> player 4 via purchasePlot sent; pending confirmation next pass (was owner -1) 
[2026-10-06 09:40:50]	[CulturalDiffusion] flip 86,42 -> player 4 via purchasePlot sent; pending confirmation next pass (was owner -1) 
[2026-10-06 09:40:50]	[CulturalDiffusion] flip 85,41 -> player 4 via purchasePlot sent; pending confirmation next pass (was owner -1) 
[2026-10-06 09:40:50]	[CulturalDiffusion] flip 89,49 -> player 4 via purchasePlot sent; pending confirmation next pass (was owner -1) 
[2026-10-06 09:40:50]	[CulturalDiffusion] flip 90,50 -> player 4 via purchasePlot sent; pending confirmation next pass (was owner -1) 
[2026-10-06 09:40:50]	[CulturalDiffusion] flip 84,19 -> player 3 via purchasePlot sent; pending confirmation next pass (was owner -1) 
[2026-10-06 09:40:50]	[CulturalDiffusion] flip 82,14 -> player 3 via purchasePlot sent; pending confirmation next pass (was owner -1) 
[2026-10-06 09:40:50]	[CulturalDiffusion] flip 81,14 -> player 3 via purchasePlot sent; pending confirmation next pass (was owner -1) 
[2026-10-06 09:40:50]	[CulturalDiffusion] state bytes=11488 field=445 claims=0 locked=0 passMs=65 
[2026-10-06 09:40:50]	[CulturalDiffusion] pass: 0 flip(s), 14 pending, 0 ceded (0 pending), 0 AI flip(s) (12 pending), 0 conquest(s) (0 pending), confirmed 0 claim/0 cede (0 dropped), 0 orphan(s) healed, 0 inner tile(s) released to base game, 445 active field tile(s) 
[2026-10-06 09:40:50]	[CulturalDiffusion] pass (manual): flips=0 field tiles=158 
[2026-10-06 09:40:50]	[CDH] T0 runNow={"flips":0,"pending":14,"tiles":158,"healed":0,"released":0,"ceded":0,"cedePending":0,"aiFlips":0,"aiPending":12,"conquests":0,"conquestPending":0,"occupied":0,"confirmed":0,"confirmedCede":0} 
[2026-10-06 09:40:58]	[CDH] AGEREAD T0-post: {"countdown":true,"left":1,"over":false,"turn":159,"age":"AGE_ANTIQUITY"} newClaims=0 newDistrictClaims=0 
[2026-10-06 09:40:58]	[CDH] INV T0-post: claims=0 (ai 0) stale=0 localInner=0 anyInner=0 district=0 center=0 pending=26 locked=0 field=445 occupation=0 bytes=11473 
[2026-10-06 09:41:06]	[CulturalDiffusion] notify: (92,36) player 3 -> player 0 
[2026-10-06 09:41:06]	[CulturalDiffusion] pending 92,36 claim confirmed on the live map 
[2026-10-06 09:41:06]	[CulturalDiffusion] notify: (89,29) unowned -> player 0 
[2026-10-06 09:41:06]	[CulturalDiffusion] pending 89,29 claim confirmed on the live map 
[2026-10-06 09:41:06]	[CulturalDiffusion] notify: (90,28) unowned -> player 0 
[2026-10-06 09:41:06]	[CulturalDiffusion] pending 90,28 claim confirmed on the live map 
[2026-10-06 09:41:06]	[CulturalDiffusion] notify: (89,35) player 3 -> player 0 
[2026-10-06 09:41:06]	[CulturalDiffusion] pending 89,35 claim confirmed on the live map 
[2026-10-06 09:41:06]	[CulturalDiffusion] notify: (89,28) unowned -> player 0 
[2026-10-06 09:41:06]	[CulturalDiffusion] pending 89,28 claim confirmed on the live map 
[2026-10-06 09:41:06]	[CulturalDiffusion] notify: (89,27) unowned -> player 0 
[2026-10-06 09:41:06]	[CulturalDiffusion] pending 89,27 claim confirmed on the live map 
[2026-10-06 09:41:06]	[CulturalDiffusion] notify: (88,28) unowned -> player 0 
[2026-10-06 09:41:06]	[CulturalDiffusion] pending 88,28 claim confirmed on the live map 
[2026-10-06 09:41:06]	[CulturalDiffusion] notify: (89,26) unowned -> player 0 
[2026-10-06 09:41:06]	[CulturalDiffusion] pending 89,26 claim confirmed on the live map 
[2026-10-06 09:41:06]	[CulturalDiffusion] notify: (88,36) player 3 -> player 0 
[2026-10-06 09:41:06]	[CulturalDiffusion] pending 88,36 claim confirmed on the live map 
[2026-10-06 09:41:06]	[CulturalDiffusion] notify: (87,28) unowned -> player 0 
[2026-10-06 09:41:06]	[CulturalDiffusion] pending 87,28 claim confirmed on the live map 
[2026-10-06 09:41:06]	[CulturalDiffusion] notify: (89,25) unowned -> player 0 
[2026-10-06 09:41:06]	[CulturalDiffusion] pending 89,25 claim confirmed on the live map 
[2026-10-06 09:41:06]	[CulturalDiffusion] notify: (87,37) player 3 -> player 0 
[2026-10-06 09:41:06]	[CulturalDiffusion] pending 87,37 claim confirmed on the live map 
[2026-10-06 09:41:06]	[CulturalDiffusion] notify: (87,38) unowned -> player 0 
[2026-10-06 09:41:06]	[CulturalDiffusion] pending 87,38 claim confirmed on the live map 
[2026-10-06 09:41:06]	[CulturalDiffusion] notify: (81,33) player 3 -> player 0 
[2026-10-06 09:41:06]	[CulturalDiffusion] pending 81,33 claim confirmed on the live map 
[2026-10-06 09:41:06]	[CulturalDiffusion] notify: (83,29) unowned -> player 3 
[2026-10-06 09:41:06]	[CulturalDiffusion] pending 83,29 claim confirmed on the live map 
[2026-10-06 09:41:06]	[CulturalDiffusion] notify: (83,27) unowned -> player 3 
[2026-10-06 09:41:06]	[CulturalDiffusion] pending 83,27 claim confirmed on the live map 
[2026-10-06 09:41:06]	[CulturalDiffusion] notify: (82,27) unowned -> player 3 
[2026-10-06 09:41:06]	[CulturalDiffusion] pending 82,27 claim confirmed on the live map 
[2026-10-06 09:41:06]	[CulturalDiffusion] notify: (85,40) unowned -> player 4 
[2026-10-06 09:41:06]	[CulturalDiffusion] pending 85,40 claim confirmed on the live map 
[2026-10-06 09:41:06]	[CulturalDiffusion] notify: (84,40) unowned -> player 4 
[2026-10-06 09:41:06]	[CulturalDiffusion] pending 84,40 claim confirmed on the live map 
[2026-10-06 09:41:06]	[CulturalDiffusion] notify: (86,42) unowned -> player 4 
[2026-10-06 09:41:06]	[CulturalDiffusion] pending 86,42 claim confirmed on the live map 
[2026-10-06 09:41:06]	[CulturalDiffusion] notify: (85,41) unowned -> player 4 
[2026-10-06 09:41:06]	[CulturalDiffusion] pending 85,41 claim confirmed on the live map 
[2026-10-06 09:41:06]	[CulturalDiffusion] notify: (89,49) unowned -> player 4 
[2026-10-06 09:41:06]	[CulturalDiffusion] pending 89,49 claim confirmed on the live map 
[2026-10-06 09:41:06]	[CulturalDiffusion] notify: (90,50) unowned -> player 4 
[2026-10-06 09:41:06]	[CulturalDiffusion] pending 90,50 claim confirmed on the live map 
[2026-10-06 09:41:06]	[CulturalDiffusion] notify: (84,19) unowned -> player 3 
[2026-10-06 09:41:06]	[CulturalDiffusion] pending 84,19 claim confirmed on the live map 
[2026-10-06 09:41:06]	[CulturalDiffusion] notify: (82,14) unowned -> player 3 
[2026-10-06 09:41:06]	[CulturalDiffusion] pending 82,14 claim confirmed on the live map 
[2026-10-06 09:41:06]	[CulturalDiffusion] notify: (81,14) unowned -> player 3 
[2026-10-06 09:41:06]	[CulturalDiffusion] pending 81,14 claim confirmed on the live map 
[2026-10-06 09:41:06]	[CulturalDiffusion] inject 92,32 civ=0 culture=35 vitality=57.52 strength=55.38 stock=292.1 cap=110761.84 
[2026-10-06 09:41:06]	[CulturalDiffusion] inject 87,32 civ=0 culture=13 vitality=32.92 strength=23.93 stock=119.11 cap=47864.09 
[2026-10-06 09:41:06]	[CulturalDiffusion] inject 89,42 civ=0 culture=0 vitality=14.4 strength=0 stock=1 cap=0 
[2026-10-06 09:41:06]	[CulturalDiffusion] inject 84,35 civ=0 culture=1 vitality=25.9 strength=4.15 stock=39.29 cap=8307.45 
[2026-10-06 09:41:06]	[CulturalDiffusion] inject 93,26 civ=0 culture=5 vitality=26.12 strength=11.86 stock=67.01 cap=23717.91 
[2026-10-06 09:41:06]	[CulturalDiffusion] inject 86,20 civ=0 culture=0 vitality=11.31 strength=0 stock=1.33 cap=0 
[2026-10-06 09:41:06]	[CulturalDiffusion] inject 77,36 civ=2 culture=2 vitality=10.9 strength=4.3 stock=39.74 cap=8596.34 
[2026-10-06 09:41:06]	[CulturalDiffusion] inject 82,23 civ=3 culture=6 vitality=26.55 strength=9.61 stock=202.77 cap=19216.24 
[2026-10-06 09:41:06]	[CulturalDiffusion] inject 81,18 civ=3 culture=8 vitality=37.9 strength=13.12 stock=73.27 cap=26240.96 
[2026-10-06 09:41:06]	[CulturalDiffusion] inject 80,31 civ=3 culture=5 vitality=25.6 strength=8.43 stock=83.09 cap=16852.41 
[2026-10-06 09:41:06]	[CulturalDiffusion] inject 90,37 civ=3 culture=5 vitality=22.15 strength=8.01 stock=73.2 cap=16019.86 
[2026-10-06 09:41:06]	[CulturalDiffusion] inject 83,44 civ=4 culture=8 vitality=21.9 strength=15.48 stock=81.29 cap=30960.1 
[2026-10-06 09:41:06]	[CulturalDiffusion] inject 86,47 civ=4 culture=4 vitality=10.95 strength=7.74 stock=51.44 cap=15480.05 
[2026-10-06 09:41:06]	[CulturalDiffusion] inject 91,45 civ=4 culture=3 vitality=6.65 strength=5.39 stock=43.31 cap=10783.38 
[2026-10-06 09:41:06]	[CulturalDiffusion] inject 79,39 civ=5 culture=2 vitality=19.6 strength=4.63 stock=37.1 cap=9255.72 
[2026-10-06 09:41:06]	[CulturalDiffusion] frontier city=65536 ring=4 best=3608.05 bar=300 over=9/23 center=292.1 
[2026-10-06 09:41:06]	[CulturalDiffusion] frontier city=196609 ring=4 best=3608.05 bar=300 over=17/24 center=119.11 
[2026-10-06 09:41:06]	[CulturalDiffusion] frontier city=524290 ring=4 best=3608.05 bar=300 over=5/24 center=1 
[2026-10-06 09:41:06]	[CulturalDiffusion] frontier city=327683 ring=4 best=3608.05 bar=300 over=11/24 center=39.29 
[2026-10-06 09:41:06]	[CulturalDiffusion] frontier city=393220 ring=4 best=3608.05 bar=300 over=5/19 center=67.01 
[2026-10-06 09:41:06]	[CulturalDiffusion] frontier city=458757 ring=4 best=33.24 bar=300 over=0/24 center=1.33 
[2026-10-06 09:41:06]	[CulturalDiffusion] flip 93,36 -> player 0 via purchasePlot sent; pending confirmation next pass (was owner -1) 
[2026-10-06 09:41:06]	[CulturalDiffusion] flip 89,36 -> player 0 via purchasePlot sent; pending confirmation next pass (was owner 3) 
[2026-10-06 09:41:06]	[CulturalDiffusion] flip 88,38 -> player 0 via purchasePlot sent; pending confirmation next pass (was owner 3) 
[2026-10-06 09:41:06]	[CulturalDiffusion] flip 92,37 -> player 0 via purchasePlot sent; pending confirmation next pass (was owner 3) 
[2026-10-06 09:41:06]	[CulturalDiffusion] flip 88,27 -> player 0 via purchasePlot sent; pending confirmation next pass (was owner -1) 
[2026-10-06 09:41:06]	[CulturalDiffusion] flip 87,27 -> player 0 via purchasePlot sent; pending confirmation next pass (was owner -1) 
[2026-10-06 09:41:06]	[CulturalDiffusion] skip flip 88,26: would strand a foreign unit 
[2026-10-06 09:41:06]	[CulturalDiffusion] flip 88,25 -> player 0 via purchasePlot sent; pending confirmation next pass (was owner -1) 
[2026-10-06 09:41:06]	[CulturalDiffusion] flip 81,32 -> player 0 via purchasePlot sent; pending confirmation next pass (was owner 3) 
[2026-10-06 09:41:06]	[CulturalDiffusion] flip 83,40 -> player 4 via purchasePlot sent; pending confirmation next pass (was owner -1) 
[2026-10-06 09:41:06]	[CulturalDiffusion] flip 85,20 -> player 3 via purchasePlot sent; pending confirmation next pass (was owner 0) 
[2026-10-06 09:41:06]	[CulturalDiffusion] flip 83,14 -> player 3 via purchasePlot sent; pending confirmation next pass (was owner -1) 
[2026-10-06 09:41:06]	[CulturalDiffusion] flip 86,41 -> player 4 via purchasePlot sent; pending confirmation next pass (was owner -1) 
[2026-10-06 09:41:06]	[CulturalDiffusion] flip 91,50 -> player 4 via purchasePlot sent; pending confirmation next pass (was owner -1) 
[2026-10-06 09:41:06]	[CulturalDiffusion] flip 85,19 -> player 3 via purchasePlot sent; pending confirmation next pass (was owner 0) 
[2026-10-06 09:41:06]	[CulturalDiffusion] flip 81,13 -> player 3 via purchasePlot sent; pending confirmation next pass (was owner -1) 
[2026-10-06 09:41:06]	[CulturalDiffusion] state bytes=14285 field=463 claims=26 locked=26 passMs=47 
[2026-10-06 09:41:06]	[CulturalDiffusion] pass: 0 flip(s), 8 pending, 0 ceded (0 pending), 0 AI flip(s) (7 pending), 0 conquest(s) (0 pending), confirmed 26 claim/0 cede (0 dropped), 0 orphan(s) healed, 0 inner tile(s) released to base game, 463 active field tile(s) 
[2026-10-06 09:41:06]	[CulturalDiffusion] pass (turn 160): flips=0 field tiles=182 
[2026-10-06 09:41:32]	[CDH] attached soak 
[2026-10-06 09:41:33]	[CulturalDiffusion] boot (turnInterval 1, verb purchasePlot, enabled true) 
[2026-10-06 09:41:37]	[CDH] LOAD GameStarted 
[2026-10-06 09:41:38]	[CulturalDiffusion] notify: (93,36) unowned -> player 0 
[2026-10-06 09:41:38]	[CulturalDiffusion] pending 93,36 claim confirmed on the live map 
[2026-10-06 09:41:38]	[CulturalDiffusion] notify: (89,36) player 3 -> player 0 
[2026-10-06 09:41:38]	[CulturalDiffusion] pending 89,36 claim confirmed on the live map 
[2026-10-06 09:41:38]	[CulturalDiffusion] notify: (88,38) player 3 -> player 0 
[2026-10-06 09:41:38]	[CulturalDiffusion] pending 88,38 claim confirmed on the live map 
[2026-10-06 09:41:38]	[CulturalDiffusion] notify: (92,37) player 3 -> player 0 
[2026-10-06 09:41:38]	[CulturalDiffusion] pending 92,37 claim confirmed on the live map 
[2026-10-06 09:41:38]	[CulturalDiffusion] notify: (88,27) unowned -> player 0 
[2026-10-06 09:41:38]	[CulturalDiffusion] pending 88,27 claim confirmed on the live map 
[2026-10-06 09:41:38]	[CulturalDiffusion] notify: (87,27) unowned -> player 0 
[2026-10-06 09:41:38]	[CulturalDiffusion] pending 87,27 claim confirmed on the live map 
[2026-10-06 09:41:38]	[CulturalDiffusion] notify: (88,25) unowned -> player 0 
[2026-10-06 09:41:38]	[CulturalDiffusion] pending 88,25 claim confirmed on the live map 
[2026-10-06 09:41:38]	[CulturalDiffusion] notify: (81,32) player 3 -> player 0 
[2026-10-06 09:41:38]	[CulturalDiffusion] pending 81,32 claim confirmed on the live map 
[2026-10-06 09:41:38]	[CulturalDiffusion] notify: (83,40) unowned -> player 4 
[2026-10-06 09:41:38]	[CulturalDiffusion] pending 83,40 claim confirmed on the live map 
[2026-10-06 09:41:38]	[CulturalDiffusion] notify: (85,20) player 0 -> player 3 
[2026-10-06 09:41:38]	[CulturalDiffusion] pending 85,20 claim confirmed on the live map 
[2026-10-06 09:41:38]	[CulturalDiffusion] notify: (83,14) unowned -> player 3 
[2026-10-06 09:41:38]	[CulturalDiffusion] pending 83,14 claim confirmed on the live map 
[2026-10-06 09:41:38]	[CulturalDiffusion] notify: (86,41) unowned -> player 4 
[2026-10-06 09:41:38]	[CulturalDiffusion] pending 86,41 claim confirmed on the live map 
[2026-10-06 09:41:38]	[CulturalDiffusion] notify: (91,50) unowned -> player 4 
[2026-10-06 09:41:38]	[CulturalDiffusion] pending 91,50 claim confirmed on the live map 
[2026-10-06 09:41:38]	[CulturalDiffusion] notify: (85,19) player 0 -> player 3 
[2026-10-06 09:41:38]	[CulturalDiffusion] pending 85,19 claim confirmed on the live map 
[2026-10-06 09:41:38]	[CulturalDiffusion] notify: (81,13) unowned -> player 3 
[2026-10-06 09:41:38]	[CulturalDiffusion] pending 81,13 claim confirmed on the live map 
[2026-10-06 09:41:38]	[CulturalDiffusion] inject 92,32 civ=0 culture=30.8 vitality=49.75 strength=40.03 stock=551.47 cap=80064.59 
[2026-10-06 09:41:38]	[CulturalDiffusion] inject 86,20 civ=0 culture=0 vitality=9.59 strength=0 stock=1.09 cap=0 
[2026-10-06 09:41:38]	[CulturalDiffusion] inject 93,26 civ=0 culture=0 vitality=17 strength=0 stock=62.66 cap=0 
[2026-10-06 09:41:38]	[CulturalDiffusion] inject 87,32 civ=0 culture=12 vitality=43.85 strength=20.76 stock=209.89 cap=41513.64 
[2026-10-06 09:41:38]	[CulturalDiffusion] inject 84,35 civ=0 culture=1 vitality=27.8 strength=3.52 stock=54.87 cap=7038 
[2026-10-06 09:41:38]	[CulturalDiffusion] inject 89,42 civ=0 culture=0 vitality=12.45 strength=0 stock=1 cap=0 
[2026-10-06 09:41:38]	[CulturalDiffusion] inject 77,36 civ=2 culture=2.2 vitality=13.96 strength=4.69 stock=58.21 cap=9386.46 
[2026-10-06 09:41:38]	[CulturalDiffusion] inject 81,18 civ=3 culture=9.9 vitality=33.93 strength=12.72 stock=120.79 cap=25449.5 
[2026-10-06 09:41:38]	[CulturalDiffusion] inject 82,23 civ=3 culture=9.9 vitality=21.29 strength=10.81 stock=420.66 cap=21619.62 
[2026-10-06 09:41:38]	[CulturalDiffusion] inject 80,31 civ=3 culture=4.4 vitality=25.49 strength=6.8 stock=162.28 cap=13590.54 
[2026-10-06 09:41:38]	[CulturalDiffusion] inject 90,37 civ=3 culture=7.7 vitality=21.65 strength=9.23 stock=121.64 cap=18468.3 
[2026-10-06 09:41:38]	[CulturalDiffusion] inject 83,44 civ=4 culture=8.8 vitality=23.62 strength=13.2 stock=133.53 cap=26397.31 
[2026-10-06 09:41:38]	[CulturalDiffusion] inject 91,45 civ=4 culture=4.4 vitality=12.1 strength=6.66 stock=67.11 cap=13312.02 
[2026-10-06 09:41:38]	[CulturalDiffusion] inject 86,47 civ=4 culture=5.5 vitality=16.21 strength=8.53 stock=81.55 cap=17051.44 
[2026-10-06 09:41:38]	[CulturalDiffusion] inject 79,39 civ=5 culture=2.2 vitality=19.66 strength=4.01 stock=53.69 cap=8011.04 
[2026-10-06 09:41:38]	[CulturalDiffusion] frontier city=65536 ring=4 best=3426.65 bar=375 over=8/23 center=551.47 
[2026-10-06 09:41:38]	[CulturalDiffusion] frontier city=131073 ring=4 best=133.71 bar=375 over=0/24 center=1.09 
[2026-10-06 09:41:38]	[CulturalDiffusion] frontier city=196610 ring=4 best=3426.65 bar=375 over=5/19 center=62.66 
[2026-10-06 09:41:38]	[CulturalDiffusion] frontier city=262147 ring=4 best=3426.65 bar=375 over=17/24 center=209.89 
[2026-10-06 09:41:38]	[CulturalDiffusion] frontier city=327684 ring=4 best=3426.65 bar=375 over=10/24 center=54.87 
[2026-10-06 09:41:38]	[CulturalDiffusion] frontier city=393221 ring=4 best=3426.65 bar=375 over=6/24 center=1 
[2026-10-06 09:41:38]	[CulturalDiffusion] flip 86,28 -> player 0 via purchasePlot sent; pending confirmation next pass (was owner 20) 
[2026-10-06 09:41:38]	[CulturalDiffusion] flip 85,28 -> player 0 via purchasePlot sent; pending confirmation next pass (was owner 20) 
[2026-10-06 09:41:38]	[CulturalDiffusion] flip 84,30 -> player 0 via purchasePlot sent; pending confirmation next pass (was owner -1) 
[2026-10-06 09:41:38]	[CulturalDiffusion] flip 84,29 -> player 0 via purchasePlot sent; pending confirmation next pass (was owner -1) 
[2026-10-06 09:41:38]	[CulturalDiffusion] flip 83,15 -> player 3 via purchasePlot sent; pending confirmation next pass (was owner -1) 
[2026-10-06 09:41:38]	[CulturalDiffusion] flip 84,27 -> player 3 via purchasePlot sent; pending confirmation next pass (was owner 20) 
[2026-10-06 09:41:38]	[CulturalDiffusion] flip 83,28 -> player 3 via purchasePlot sent; pending confirmation next pass (was owner -1) 
[2026-10-06 09:41:38]	[CulturalDiffusion] flip 82,40 -> player 4 via purchasePlot sent; pending confirmation next pass (was owner -1) 
[2026-10-06 09:41:38]	[CulturalDiffusion] flip 86,43 -> player 4 via purchasePlot sent; pending confirmation next pass (was owner -1) 
[2026-10-06 09:41:38]	[CulturalDiffusion] flip 90,49 -> player 4 via purchasePlot sent; pending confirmation next pass (was owner -1) 
[2026-10-06 09:41:38]	[CulturalDiffusion] flip 82,13 -> player 3 via purchasePlot sent; pending confirmation next pass (was owner -1) 
[2026-10-06 09:41:38]	[CulturalDiffusion] flip 87,42 -> player 4 via purchasePlot sent; pending confirmation next pass (was owner -1) 
[2026-10-06 09:41:38]	[CulturalDiffusion] state bytes=16329 field=476 claims=41 locked=41 passMs=48 
[2026-10-06 09:41:38]	[CulturalDiffusion] pass: 0 flip(s), 4 pending, 0 ceded (0 pending), 0 AI flip(s) (8 pending), 0 conquest(s) (0 pending), confirmed 15 claim/0 cede (0 dropped), 0 orphan(s) healed, 0 inner tile(s) released to base game, 476 active field tile(s) 
[2026-10-06 09:41:38]	[CulturalDiffusion] pass (turn 1): flips=0 field tiles=183 
[2026-10-06 09:41:47]	[CDH] SOAK start turn=1 age=AGE_EXPLORATION local=0 majors=[0,1,2,3,4,5,6,7,8,9] config={"claimOnlyUnowned":false,"aiCultureFlips":true,"recedeBorders":false,"growthBuffer":false,"conquestFlip":false,"coreProtectRadius":0,"flipMaxDistance":6,"debug":true} 
[2026-10-06 09:41:47]	[CDH] AGEREAD T0-pre: {"countdown":false,"left":159,"over":false,"turn":1,"age":"AGE_EXPLORATION"} newClaims=0 newDistrictClaims=0 
[2026-10-06 09:41:47]	[CDH] INV T0-pre: claims=41 (ai 19) stale=0 localInner=5 anyInner=17 district=0 center=0 pending=12 locked=41 field=476 occupation=0 bytes=16314 
[2026-10-06 09:41:47]	[CDH] INV-NEW T0-pre: localInner 86,42 by 4 
[2026-10-06 09:41:47]	[CDH] INV-NEW T0-pre: localInner 84,19 by 3 
[2026-10-06 09:41:47]	[CDH] INV-NEW T0-pre: localInner 85,20 by 3 
[2026-10-06 09:41:47]	[CDH] INV-NEW T0-pre: localInner 86,41 by 4 
[2026-10-06 09:41:47]	[CDH] INV-NEW T0-pre: localInner 85,19 by 3 
[2026-10-06 09:41:47]	[CDH] SEED T0: 400 frontier tiles seeded, state bytes=20450 
[2026-10-06 09:41:48]	[CulturalDiffusion] notify: (86,28) player 20 -> player 0 
[2026-10-06 09:41:48]	[CulturalDiffusion] pending 86,28 claim confirmed on the live map 
[2026-10-06 09:41:48]	[CulturalDiffusion] notify: (85,28) player 20 -> player 0 
[2026-10-06 09:41:48]	[CulturalDiffusion] pending 85,28 claim confirmed on the live map 
[2026-10-06 09:41:48]	[CulturalDiffusion] notify: (84,30) unowned -> player 0 
[2026-10-06 09:41:48]	[CulturalDiffusion] pending 84,30 claim confirmed on the live map 
[2026-10-06 09:41:48]	[CulturalDiffusion] notify: (84,29) unowned -> player 0 
[2026-10-06 09:41:48]	[CulturalDiffusion] pending 84,29 claim confirmed on the live map 
[2026-10-06 09:41:48]	[CulturalDiffusion] notify: (83,15) unowned -> player 3 
[2026-10-06 09:41:48]	[CulturalDiffusion] pending 83,15 claim confirmed on the live map 
[2026-10-06 09:41:48]	[CulturalDiffusion] notify: (84,27) player 20 -> player 3 
[2026-10-06 09:41:48]	[CulturalDiffusion] pending 84,27 claim confirmed on the live map 
[2026-10-06 09:41:48]	[CulturalDiffusion] notify: (83,28) unowned -> player 3 
[2026-10-06 09:41:48]	[CulturalDiffusion] pending 83,28 claim confirmed on the live map 
[2026-10-06 09:41:48]	[CulturalDiffusion] notify: (82,40) unowned -> player 4 
[2026-10-06 09:41:48]	[CulturalDiffusion] pending 82,40 claim confirmed on the live map 
[2026-10-06 09:41:48]	[CulturalDiffusion] notify: (86,43) unowned -> player 4 
[2026-10-06 09:41:48]	[CulturalDiffusion] pending 86,43 claim confirmed on the live map 
[2026-10-06 09:41:48]	[CulturalDiffusion] notify: (90,49) unowned -> player 4 
[2026-10-06 09:41:48]	[CulturalDiffusion] pending 90,49 claim confirmed on the live map 
[2026-10-06 09:41:48]	[CulturalDiffusion] notify: (82,13) unowned -> player 3 
[2026-10-06 09:41:48]	[CulturalDiffusion] pending 82,13 claim confirmed on the live map 
[2026-10-06 09:41:48]	[CulturalDiffusion] notify: (87,42) unowned -> player 4 
[2026-10-06 09:41:48]	[CulturalDiffusion] pending 87,42 claim confirmed on the live map 
[2026-10-06 09:41:48]	[CulturalDiffusion] inject 92,32 civ=0 culture=30.8 vitality=49.75 strength=40.03 stock=897 cap=80064.59 
[2026-10-06 09:41:48]	[CulturalDiffusion] inject 86,20 civ=0 culture=0 vitality=9.59 strength=0 stock=28.53 cap=0 
[2026-10-06 09:41:48]	[CulturalDiffusion] inject 93,26 civ=0 culture=0 vitality=17 strength=0 stock=58.53 cap=0 
[2026-10-06 09:41:48]	[CulturalDiffusion] inject 87,32 civ=0 culture=12 vitality=43.85 strength=20.76 stock=324.86 cap=41513.64 
[2026-10-06 09:41:48]	[CulturalDiffusion] inject 84,35 civ=0 culture=1 vitality=27.8 strength=3.52 stock=71.22 cap=7038 
[2026-10-06 09:41:48]	[CulturalDiffusion] inject 89,42 civ=0 culture=0 vitality=12.45 strength=0 stock=31.15 cap=0 
[2026-10-06 09:41:48]	[CulturalDiffusion] inject 77,36 civ=2 culture=2.2 vitality=13.96 strength=4.69 stock=78.17 cap=9384.22 
[2026-10-06 09:41:48]	[CulturalDiffusion] inject 81,18 civ=3 culture=9.9 vitality=33.93 strength=12.72 stock=177.92 cap=25449.5 
[2026-10-06 09:41:48]	[CulturalDiffusion] inject 82,23 civ=3 culture=9.9 vitality=21.29 strength=10.81 stock=496.4 cap=21619.62 
[2026-10-06 09:41:48]	[CulturalDiffusion] inject 80,31 civ=3 culture=4.4 vitality=25.49 strength=6.8 stock=200.24 cap=13590.54 
[2026-10-06 09:41:48]	[CulturalDiffusion] inject 90,37 civ=3 culture=7.7 vitality=21.65 strength=9.23 stock=179.73 cap=18468.3 
[2026-10-06 09:41:48]	[CulturalDiffusion] inject 83,44 civ=4 culture=8.8 vitality=23.62 strength=13.2 stock=249.3 cap=26397.31 
[2026-10-06 09:41:48]	[CulturalDiffusion] inject 91,45 civ=4 culture=4.4 vitality=12.1 strength=6.66 stock=93.88 cap=13312.02 
[2026-10-06 09:41:48]	[CulturalDiffusion] inject 86,47 civ=4 culture=5.5 vitality=16.21 strength=8.53 stock=116.3 cap=17051.44 
[2026-10-06 09:41:48]	[CulturalDiffusion] inject 79,39 civ=5 culture=2.2 vitality=19.66 strength=4.01 stock=73.19 cap=8011.04 
[2026-10-06 09:41:48]	[CulturalDiffusion] frontier city=65536 ring=4 best=3799 bar=375 over=8/23 center=897 
[2026-10-06 09:41:48]	[CulturalDiffusion] frontier city=131073 ring=4 best=3799 bar=375 over=12/24 center=28.53 
[2026-10-06 09:41:48]	[CulturalDiffusion] frontier city=196610 ring=4 best=3799 bar=375 over=9/19 center=58.53 
[2026-10-06 09:41:48]	[CulturalDiffusion] frontier city=262147 ring=4 best=3799 bar=375 over=17/24 center=324.86 
[2026-10-06 09:41:48]	[CulturalDiffusion] frontier city=327684 ring=4 best=3799 bar=375 over=10/24 center=71.22 
[2026-10-06 09:41:48]	[CulturalDiffusion] frontier city=393221 ring=4 best=3799 bar=375 over=8/24 center=31.15 
[2026-10-06 09:41:48]	[CulturalDiffusion] flip 89,38 -> player 0 via purchasePlot sent; pending confirmation next pass (was owner 3) 
[2026-10-06 09:41:48]	[CulturalDiffusion] flip 88,24 -> player 0 via purchasePlot sent; pending confirmation next pass (was owner -1) 
[2026-10-06 09:41:48]	[CulturalDiffusion] flip 90,24 -> player 0 via purchasePlot sent; pending confirmation next pass (was owner -1) 
[2026-10-06 09:41:48]	[CulturalDiffusion] flip 87,24 -> player 0 via purchasePlot sent; pending confirmation next pass (was owner -1) 
[2026-10-06 09:41:48]	[CulturalDiffusion] flip 86,24 -> player 0 via purchasePlot sent; pending confirmation next pass (was owner -1) 
[2026-10-06 09:41:48]	[CulturalDiffusion] flip 85,24 -> player 0 via purchasePlot sent; pending confirmation next pass (was owner -1) 
[2026-10-06 09:41:48]	[CulturalDiffusion] flip 83,18 -> player 0 via purchasePlot sent; pending confirmation next pass (was owner -1) 
[2026-10-06 09:41:48]	[CulturalDiffusion] flip 83,17 -> player 0 via purchasePlot sent; pending confirmation next pass (was owner -1) 
[2026-10-06 09:41:48]	[CulturalDiffusion] flip 89,22 -> player 0 via purchasePlot sent; pending confirmation next pass (was owner -1) 
[2026-10-06 09:41:48]	[CulturalDiffusion] flip 88,23 -> player 0 via purchasePlot sent; pending confirmation next pass (was owner -1) 
[2026-10-06 09:41:48]	[CulturalDiffusion] flip 84,24 -> player 0 via purchasePlot sent; pending confirmation next pass (was owner 3) 
[2026-10-06 09:41:48]	[CulturalDiffusion] flip 83,22 -> player 0 via purchasePlot sent; pending confirmation next pass (was owner 3) 
[2026-10-06 09:41:48]	[CulturalDiffusion] flip 91,22 -> player 0 via purchasePlot sent; pending confirmation next pass (was owner -1) 
[2026-10-06 09:41:48]	[CulturalDiffusion] flip 90,23 -> player 0 via purchasePlot sent; pending confirmation next pass (was owner -1) 
[2026-10-06 09:41:48]	[CulturalDiffusion] flip 88,26 -> player 0 via purchasePlot sent; pending confirmation next pass (was owner -1) 
[2026-10-06 09:41:48]	[CulturalDiffusion] flip 87,25 -> player 0 via purchasePlot sent; pending confirmation next pass (was owner -1) 
[2026-10-06 09:41:48]	[CulturalDiffusion] flip 89,24 -> player 0 via purchasePlot sent; pending confirmation next pass (was owner -1) 
[2026-10-06 09:41:48]	[CulturalDiffusion] flip 87,26 -> player 0 via purchasePlot sent; pending confirmation next pass (was owner -1) 
[2026-10-06 09:41:48]	[CulturalDiffusion] flip 84,16 -> player 3 via purchasePlot sent; pending confirmation next pass (was owner -1) 
[2026-10-06 09:41:48]	[CulturalDiffusion] flip 85,26 -> player 3 via purchasePlot sent; pending confirmation next pass (was owner -1) 
[2026-10-06 09:41:48]	[CulturalDiffusion] flip 80,35 -> player 2 via purchasePlot sent; pending confirmation next pass (was owner -1) 
[2026-10-06 09:41:48]	[CulturalDiffusion] flip 81,40 -> player 4 via purchasePlot sent; pending confirmation next pass (was owner 5) 
[2026-10-06 09:41:48]	[CulturalDiffusion] flip 87,43 -> player 4 via purchasePlot sent; pending confirmation next pass (was owner -1) 
[2026-10-06 09:41:48]	[CulturalDiffusion] flip 86,18 -> player 3 via purchasePlot sent; pending confirmation next pass (was owner 0) 
[2026-10-06 09:41:48]	[CulturalDiffusion] flip 84,28 -> player 3 via purchasePlot sent; pending confirmation next pass (was owner -1) 
[2026-10-06 09:41:48]	[CulturalDiffusion] flip 85,39 -> player 4 via purchasePlot sent; pending confirmation next pass (was owner -1) 
[2026-10-06 09:41:48]	[CulturalDiffusion] flip 84,39 -> player 4 via purchasePlot sent; pending confirmation next pass (was owner -1) 
[2026-10-06 09:41:48]	[CulturalDiffusion] flip 83,39 -> player 4 via purchasePlot sent; pending confirmation next pass (was owner -1) 
[2026-10-06 09:41:48]	[CulturalDiffusion] flip 86,40 -> player 4 via purchasePlot sent; pending confirmation next pass (was owner -1) 
[2026-10-06 09:41:48]	[CulturalDiffusion] flip 82,39 -> player 4 via purchasePlot sent; pending confirmation next pass (was owner -1) 
[2026-10-06 09:41:48]	[CulturalDiffusion] flip 81,39 -> player 4 via purchasePlot sent; pending confirmation next pass (was owner -1) 
[2026-10-06 09:41:48]	[CulturalDiffusion] flip 88,42 -> player 4 via purchasePlot sent; pending confirmation next pass (was owner 0) 
[2026-10-06 09:41:48]	[CulturalDiffusion] flip 87,40 -> player 4 via purchasePlot sent; pending confirmation next pass (was owner -1) 
[2026-10-06 09:41:48]	[CulturalDiffusion] state bytes=19997 field=500 claims=53 locked=53 passMs=72 
[2026-10-06 09:41:48]	[CulturalDiffusion] pass: 0 flip(s), 18 pending, 0 ceded (0 pending), 0 AI flip(s) (15 pending), 0 conquest(s) (0 pending), confirmed 12 claim/0 cede (0 dropped), 0 orphan(s) healed, 0 inner tile(s) released to base game, 500 active field tile(s) 
[2026-10-06 09:41:48]	[CulturalDiffusion] pass (manual): flips=0 field tiles=199 
[2026-10-06 09:41:48]	[CDH] T0 runNow={"flips":0,"pending":18,"tiles":199,"healed":0,"released":0,"ceded":0,"cedePending":0,"aiFlips":0,"aiPending":15,"conquests":0,"conquestPending":0,"occupied":0,"confirmed":12,"confirmedCede":0} 
[2026-10-06 09:41:56]	[CDH] AGEREAD T0-post: {"countdown":false,"left":159,"over":false,"turn":1,"age":"AGE_EXPLORATION"} newClaims=12 newDistrictClaims=0 
[2026-10-06 09:41:56]	[CDH] INV T0-post: claims=53 (ai 27) stale=0 localInner=7 anyInner=20 district=0 center=0 pending=33 locked=53 field=500 occupation=0 bytes=19982 
[2026-10-06 09:41:56]	[CDH] INV-NEW T0-post: localInner 86,43 by 4 
[2026-10-06 09:41:56]	[CDH] INV-NEW T0-post: localInner 87,42 by 4 
[2026-10-06 09:42:03]	[CulturalDiffusion] notify: (89,38) player 3 -> player 0 
[2026-10-06 09:42:03]	[CulturalDiffusion] pending 89,38 claim confirmed on the live map 
[2026-10-06 09:42:03]	[CulturalDiffusion] notify: (88,24) unowned -> player 0 
[2026-10-06 09:42:03]	[CulturalDiffusion] pending 88,24 claim confirmed on the live map 
[2026-10-06 09:42:03]	[CulturalDiffusion] notify: (90,24) unowned -> player 0 
[2026-10-06 09:42:03]	[CulturalDiffusion] pending 90,24 claim confirmed on the live map 
[2026-10-06 09:42:03]	[CulturalDiffusion] notify: (87,24) unowned -> player 0 
[2026-10-06 09:42:03]	[CulturalDiffusion] pending 87,24 claim confirmed on the live map 
[2026-10-06 09:42:03]	[CulturalDiffusion] notify: (86,24) unowned -> player 0 
[2026-10-06 09:42:03]	[CulturalDiffusion] pending 86,24 claim confirmed on the live map 
[2026-10-06 09:42:03]	[CulturalDiffusion] notify: (85,24) unowned -> player 0 
[2026-10-06 09:42:03]	[CulturalDiffusion] pending 85,24 claim confirmed on the live map 
[2026-10-06 09:42:03]	[CulturalDiffusion] notify: (83,18) unowned -> player 0 
[2026-10-06 09:42:03]	[CulturalDiffusion] pending 83,18 claim confirmed on the live map 
[2026-10-06 09:42:03]	[CulturalDiffusion] notify: (83,17) unowned -> player 0 
[2026-10-06 09:42:03]	[CulturalDiffusion] pending 83,17 claim confirmed on the live map 
[2026-10-06 09:42:03]	[CulturalDiffusion] notify: (89,22) unowned -> player 0 
[2026-10-06 09:42:03]	[CulturalDiffusion] pending 89,22 claim confirmed on the live map 
[2026-10-06 09:42:03]	[CulturalDiffusion] notify: (88,23) unowned -> player 0 
[2026-10-06 09:42:03]	[CulturalDiffusion] pending 88,23 claim confirmed on the live map 
[2026-10-06 09:42:03]	[CulturalDiffusion] notify: (84,24) player 3 -> player 0 
[2026-10-06 09:42:03]	[CulturalDiffusion] pending 84,24 claim confirmed on the live map 
[2026-10-06 09:42:03]	[CulturalDiffusion] notify: (83,22) player 3 -> player 0 
[2026-10-06 09:42:03]	[CulturalDiffusion] pending 83,22 claim confirmed on the live map 
[2026-10-06 09:42:03]	[CulturalDiffusion] notify: (91,22) unowned -> player 0 
[2026-10-06 09:42:03]	[CulturalDiffusion] pending 91,22 claim confirmed on the live map 
[2026-10-06 09:42:03]	[CulturalDiffusion] notify: (90,23) unowned -> player 0 
[2026-10-06 09:42:03]	[CulturalDiffusion] pending 90,23 claim confirmed on the live map 
[2026-10-06 09:42:03]	[CulturalDiffusion] notify: (88,26) unowned -> player 0 
[2026-10-06 09:42:03]	[CulturalDiffusion] pending 88,26 claim confirmed on the live map 
[2026-10-06 09:42:03]	[CulturalDiffusion] notify: (87,25) unowned -> player 0 
[2026-10-06 09:42:03]	[CulturalDiffusion] pending 87,25 claim confirmed on the live map 
[2026-10-06 09:42:03]	[CulturalDiffusion] notify: (89,24) unowned -> player 0 
[2026-10-06 09:42:03]	[CulturalDiffusion] pending 89,24 claim confirmed on the live map 
[2026-10-06 09:42:03]	[CulturalDiffusion] notify: (87,26) unowned -> player 0 
[2026-10-06 09:42:03]	[CulturalDiffusion] pending 87,26 claim confirmed on the live map 
[2026-10-06 09:42:03]	[CulturalDiffusion] notify: (84,16) unowned -> player 3 
[2026-10-06 09:42:03]	[CulturalDiffusion] pending 84,16 claim confirmed on the live map 
[2026-10-06 09:42:03]	[CulturalDiffusion] notify: (85,26) unowned -> player 3 
[2026-10-06 09:42:03]	[CulturalDiffusion] pending 85,26 claim confirmed on the live map 
[2026-10-06 09:42:03]	[CulturalDiffusion] notify: (80,35) unowned -> player 2 
[2026-10-06 09:42:03]	[CulturalDiffusion] pending 80,35 claim confirmed on the live map 
[2026-10-06 09:42:03]	[CulturalDiffusion] notify: (81,40) player 5 -> player 4 
[2026-10-06 09:42:03]	[CulturalDiffusion] pending 81,40 claim confirmed on the live map 
[2026-10-06 09:42:03]	[CulturalDiffusion] notify: (87,43) unowned -> player 4 
[2026-10-06 09:42:03]	[CulturalDiffusion] pending 87,43 claim confirmed on the live map 
[2026-10-06 09:42:03]	[CulturalDiffusion] notify: (86,18) player 0 -> player 3 
[2026-10-06 09:42:03]	[CulturalDiffusion] pending 86,18 claim confirmed on the live map 
[2026-10-06 09:42:03]	[CulturalDiffusion] notify: (84,28) unowned -> player 3 
[2026-10-06 09:42:03]	[CulturalDiffusion] pending 84,28 claim confirmed on the live map 
[2026-10-06 09:42:03]	[CulturalDiffusion] notify: (85,39) unowned -> player 4 
[2026-10-06 09:42:03]	[CulturalDiffusion] pending 85,39 claim confirmed on the live map 
[2026-10-06 09:42:03]	[CulturalDiffusion] notify: (84,39) unowned -> player 4 
[2026-10-06 09:42:03]	[CulturalDiffusion] pending 84,39 claim confirmed on the live map 
[2026-10-06 09:42:03]	[CulturalDiffusion] notify: (83,39) unowned -> player 4 
[2026-10-06 09:42:03]	[CulturalDiffusion] pending 83,39 claim confirmed on the live map 
[2026-10-06 09:42:03]	[CulturalDiffusion] notify: (86,40) unowned -> player 4 
[2026-10-06 09:42:03]	[CulturalDiffusion] pending 86,40 claim confirmed on the live map 
[2026-10-06 09:42:03]	[CulturalDiffusion] notify: (82,39) unowned -> player 4 
[2026-10-06 09:42:03]	[CulturalDiffusion] pending 82,39 claim confirmed on the live map 
[2026-10-06 09:42:03]	[CulturalDiffusion] notify: (81,39) unowned -> player 4 
[2026-10-06 09:42:03]	[CulturalDiffusion] pending 81,39 claim confirmed on the live map 
[2026-10-06 09:42:03]	[CulturalDiffusion] notify: (88,42) player 0 -> player 4 
[2026-10-06 09:42:03]	[CulturalDiffusion] pending 88,42 claim confirmed on the live map 
[2026-10-06 09:42:03]	[CulturalDiffusion] notify: (87,40) unowned -> player 4 
[2026-10-06 09:42:03]	[CulturalDiffusion] pending 87,40 claim confirmed on the live map 
[2026-10-06 09:42:03]	[CulturalDiffusion] inject 92,32 civ=0 culture=33 vitality=49.75 strength=40.21 stock=1327.52 cap=80412.49 
[2026-10-06 09:42:03]	[CulturalDiffusion] inject 86,20 civ=0 culture=0 vitality=9.59 strength=0 stock=52.96 cap=0 
[2026-10-06 09:42:03]	[CulturalDiffusion] inject 93,26 civ=0 culture=0 vitality=17 strength=0 stock=54.6 cap=0 
[2026-10-06 09:42:03]	[CulturalDiffusion] inject 87,32 civ=0 culture=12 vitality=43.85 strength=19.93 stock=456.75 cap=39862.91 
[2026-10-06 09:42:03]	[CulturalDiffusion] inject 84,35 civ=0 culture=1 vitality=27.8 strength=3.38 stock=109.84 cap=6758.15 
[2026-10-06 09:42:03]	[CulturalDiffusion] inject 89,42 civ=0 culture=0 vitality=12.45 strength=0 stock=81.68 cap=0 
[2026-10-06 09:42:03]	[CulturalDiffusion] inject 77,36 civ=2 culture=2.2 vitality=13.96 strength=4.55 stock=98.83 cap=9092.63 
[2026-10-06 09:42:03]	[CulturalDiffusion] inject 81,18 civ=3 culture=10.8 vitality=76.13 strength=17.7 stock=269.44 cap=35391.77 
[2026-10-06 09:42:03]	[CulturalDiffusion] inject 82,23 civ=3 culture=9.9 vitality=24.78 strength=11.29 stock=581.64 cap=22583.07 
[2026-10-06 09:42:03]	[CulturalDiffusion] inject 80,31 civ=3 culture=4.4 vitality=28.28 strength=6.98 stock=304.56 cap=13960.19 
[2026-10-06 09:42:03]	[CulturalDiffusion] inject 90,37 civ=3 culture=7.7 vitality=21.46 strength=9.12 stock=242.87 cap=18236.97 
[2026-10-06 09:42:03]	[CulturalDiffusion] inject 83,44 civ=4 culture=8.8 vitality=30.13 strength=14.04 stock=331.66 cap=28071.51 
[2026-10-06 09:42:03]	[CulturalDiffusion] inject 91,45 civ=4 culture=4.4 vitality=12.1 strength=6.5 stock=122.58 cap=13000.37 
[2026-10-06 09:42:03]	[CulturalDiffusion] inject 86,47 civ=4 culture=5.5 vitality=19 strength=8.8 stock=156.24 cap=17603.75 
[2026-10-06 09:42:03]	[CulturalDiffusion] inject 79,39 civ=5 culture=2.2 vitality=26.38 strength=4.32 stock=96.32 cap=8633.64 
[2026-10-06 09:42:03]	[CulturalDiffusion] frontier city=65536 ring=4 best=3608.05 bar=375 over=8/23 center=1327.52 
[2026-10-06 09:42:03]	[CulturalDiffusion] frontier city=131073 ring=4 best=3608.05 bar=375 over=14/24 center=52.96 
[2026-10-06 09:42:03]	[CulturalDiffusion] frontier city=196610 ring=4 best=3608.05 bar=375 over=10/19 center=54.6 
[2026-10-06 09:42:03]	[CulturalDiffusion] frontier city=262147 ring=4 best=3608.05 bar=375 over=17/24 center=456.75 
[2026-10-06 09:42:03]	[CulturalDiffusion] frontier city=327684 ring=4 best=3608.05 bar=375 over=11/24 center=109.84 
[2026-10-06 09:42:03]	[CulturalDiffusion] frontier city=393221 ring=4 best=3608.05 bar=375 over=8/24 center=81.68 
[2026-10-06 09:42:03]	[CulturalDiffusion] flip 90,38 -> player 0 via purchasePlot sent; pending confirmation next pass (was owner 3) 
[2026-10-06 09:42:03]	[CulturalDiffusion] flip 89,21 -> player 0 via purchasePlot sent; pending confirmation next pass (was owner -1) 
[2026-10-06 09:42:03]	[CulturalDiffusion] flip 92,22 -> player 0 via purchasePlot sent; pending confirmation next pass (was owner -1) 
[2026-10-06 09:42:03]	[CulturalDiffusion] flip 86,25 -> player 0 via purchasePlot sent; pending confirmation next pass (was owner -1) 
[2026-10-06 09:42:03]	[CulturalDiffusion] flip 90,21 -> player 0 via purchasePlot sent; pending confirmation next pass (was owner -1) 
[2026-10-06 09:42:03]	[CulturalDiffusion] flip 90,22 -> player 0 via purchasePlot sent; pending confirmation next pass (was owner -1) 
[2026-10-06 09:42:03]	[CulturalDiffusion] flip 89,23 -> player 0 via purchasePlot sent; pending confirmation next pass (was owner -1) 
[2026-10-06 09:42:03]	[CulturalDiffusion] flip 83,24 -> player 0 via purchasePlot sent; pending confirmation next pass (was owner 3) 
[2026-10-06 09:42:03]	[CulturalDiffusion] flip 91,21 -> player 0 via purchasePlot sent; pending confirmation next pass (was owner -1) 
[2026-10-06 09:42:03]	[CulturalDiffusion] flip 85,25 -> player 3 via purchasePlot sent; pending confirmation next pass (was owner -1) 
[2026-10-06 09:42:03]	[CulturalDiffusion] flip 81,36 -> player 2 via purchasePlot sent; pending confirmation next pass (was owner -1) 
[2026-10-06 09:42:03]	[CulturalDiffusion] flip 80,41 -> player 4 via purchasePlot sent; pending confirmation next pass (was owner 5) 
[2026-10-06 09:42:03]	[CulturalDiffusion] flip 88,43 -> player 4 via purchasePlot sent; pending confirmation next pass (was owner 0) 
[2026-10-06 09:42:03]	[CulturalDiffusion] flip 85,17 -> player 3 via purchasePlot sent; pending confirmation next pass (was owner 0) 
[2026-10-06 09:42:03]	[CulturalDiffusion] flip 86,26 -> player 3 via purchasePlot sent; pending confirmation next pass (was owner -1) 
[2026-10-06 09:42:03]	[CulturalDiffusion] flip 80,39 -> player 4 via purchasePlot sent; pending confirmation next pass (was owner 5) 
[2026-10-06 09:42:03]	[CulturalDiffusion] flip 88,41 -> player 4 via purchasePlot sent; pending confirmation next pass (was owner 0) 
[2026-10-06 09:42:03]	[CulturalDiffusion] flip 88,40 -> player 4 via purchasePlot sent; pending confirmation next pass (was owner -1) 
[2026-10-06 09:42:03]	[CulturalDiffusion] state bytes=23153 field=516 claims=86 locked=86 passMs=59 
[2026-10-06 09:42:03]	[CulturalDiffusion] pass: 0 flip(s), 9 pending, 0 ceded (0 pending), 0 AI flip(s) (9 pending), 0 conquest(s) (0 pending), confirmed 33 claim/0 cede (0 dropped), 0 orphan(s) healed, 0 inner tile(s) released to base game, 516 active field tile(s) 
[2026-10-06 09:42:03]	[CulturalDiffusion] pass (turn 2): flips=0 field tiles=214 
[2026-10-06 09:42:10]	[CulturalDiffusion] notify: (90,38) player 3 -> player 0 
[2026-10-06 09:42:10]	[CulturalDiffusion] pending 90,38 claim confirmed on the live map 
[2026-10-06 09:42:10]	[CulturalDiffusion] notify: (89,21) unowned -> player 0 
[2026-10-06 09:42:10]	[CulturalDiffusion] pending 89,21 claim confirmed on the live map 
[2026-10-06 09:42:10]	[CulturalDiffusion] notify: (92,22) unowned -> player 0 
[2026-10-06 09:42:10]	[CulturalDiffusion] pending 92,22 claim confirmed on the live map 
[2026-10-06 09:42:10]	[CulturalDiffusion] notify: (86,25) unowned -> player 0 
[2026-10-06 09:42:10]	[CulturalDiffusion] pending 86,25 claim confirmed on the live map 
[2026-10-06 09:42:10]	[CulturalDiffusion] notify: (90,21) unowned -> player 0 
[2026-10-06 09:42:10]	[CulturalDiffusion] pending 90,21 claim confirmed on the live map 
[2026-10-06 09:42:10]	[CulturalDiffusion] notify: (90,22) unowned -> player 0 
[2026-10-06 09:42:10]	[CulturalDiffusion] pending 90,22 claim confirmed on the live map 
[2026-10-06 09:42:10]	[CulturalDiffusion] notify: (89,23) unowned -> player 0 
[2026-10-06 09:42:10]	[CulturalDiffusion] pending 89,23 claim confirmed on the live map 
[2026-10-06 09:42:10]	[CulturalDiffusion] notify: (83,24) player 3 -> player 0 
[2026-10-06 09:42:10]	[CulturalDiffusion] pending 83,24 claim confirmed on the live map 
[2026-10-06 09:42:10]	[CulturalDiffusion] notify: (91,21) unowned -> player 0 
[2026-10-06 09:42:10]	[CulturalDiffusion] pending 91,21 claim confirmed on the live map 
[2026-10-06 09:42:10]	[CulturalDiffusion] notify: (85,25) unowned -> player 3 
[2026-10-06 09:42:10]	[CulturalDiffusion] pending 85,25 claim confirmed on the live map 
[2026-10-06 09:42:10]	[CulturalDiffusion] notify: (81,36) unowned -> player 2 
[2026-10-06 09:42:10]	[CulturalDiffusion] pending 81,36 claim confirmed on the live map 
[2026-10-06 09:42:10]	[CulturalDiffusion] notify: (80,41) player 5 -> player 4 
[2026-10-06 09:42:10]	[CulturalDiffusion] pending 80,41 claim confirmed on the live map 
[2026-10-06 09:42:10]	[CulturalDiffusion] notify: (88,43) player 0 -> player 4 
[2026-10-06 09:42:10]	[CulturalDiffusion] pending 88,43 claim confirmed on the live map 
[2026-10-06 09:42:10]	[CulturalDiffusion] notify: (85,17) player 0 -> player 3 
[2026-10-06 09:42:10]	[CulturalDiffusion] pending 85,17 claim confirmed on the live map 
[2026-10-06 09:42:10]	[CulturalDiffusion] notify: (86,26) unowned -> player 3 
[2026-10-06 09:42:10]	[CulturalDiffusion] pending 86,26 claim confirmed on the live map 
[2026-10-06 09:42:10]	[CulturalDiffusion] notify: (80,39) player 5 -> player 4 
[2026-10-06 09:42:10]	[CulturalDiffusion] pending 80,39 claim confirmed on the live map 
[2026-10-06 09:42:10]	[CulturalDiffusion] notify: (88,41) player 0 -> player 4 
[2026-10-06 09:42:10]	[CulturalDiffusion] pending 88,41 claim confirmed on the live map 
[2026-10-06 09:42:10]	[CulturalDiffusion] notify: (88,40) unowned -> player 4 
[2026-10-06 09:42:10]	[CulturalDiffusion] pending 88,40 claim confirmed on the live map 
[2026-10-06 09:42:10]	[CulturalDiffusion] inject 92,32 civ=0 culture=33 vitality=49.75 strength=40.21 stock=1837.51 cap=80412.49 
[2026-10-06 09:42:10]	[CulturalDiffusion] inject 86,20 civ=0 culture=0 vitality=9.59 strength=0 stock=74.63 cap=0 
[2026-10-06 09:42:10]	[CulturalDiffusion] inject 93,26 civ=0 culture=0 vitality=17 strength=0 stock=50.87 cap=0 
[2026-10-06 09:42:10]	[CulturalDiffusion] inject 87,32 civ=0 culture=12 vitality=43.85 strength=19.93 stock=607.89 cap=39862.91 
[2026-10-06 09:42:10]	[CulturalDiffusion] inject 84,35 civ=0 culture=1 vitality=27.8 strength=3.38 stock=168.02 cap=6758.15 
[2026-10-06 09:42:10]	[CulturalDiffusion] inject 89,42 civ=0 culture=0 vitality=12.45 strength=0 stock=126.69 cap=0 
[2026-10-06 09:42:10]	[CulturalDiffusion] inject 77,36 civ=2 culture=2.2 vitality=13.96 strength=4.53 stock=120.34 cap=9069.33 
[2026-10-06 09:42:10]	[CulturalDiffusion] inject 81,18 civ=3 culture=10.8 vitality=76.13 strength=17.7 stock=377.46 cap=35391.77 
[2026-10-06 09:42:10]	[CulturalDiffusion] inject 82,23 civ=3 culture=9.9 vitality=24.78 strength=11.29 stock=671.36 cap=22583.07 
[2026-10-06 09:42:10]	[CulturalDiffusion] inject 80,31 civ=3 culture=4.4 vitality=28.28 strength=6.98 stock=442.48 cap=13960.19 
[2026-10-06 09:42:10]	[CulturalDiffusion] inject 90,37 civ=3 culture=7.7 vitality=21.46 strength=9.12 stock=310.6 cap=18236.97 
[2026-10-06 09:42:10]	[CulturalDiffusion] inject 83,44 civ=4 culture=8.8 vitality=30.13 strength=14.04 stock=423.08 cap=28071.51 
[2026-10-06 09:42:10]	[CulturalDiffusion] inject 91,45 civ=4 culture=4.4 vitality=12.1 strength=6.5 stock=153.32 cap=13000.37 
[2026-10-06 09:42:10]	[CulturalDiffusion] inject 86,47 civ=4 culture=5.5 vitality=19 strength=8.8 stock=200.04 cap=17603.75 
[2026-10-06 09:42:10]	[CulturalDiffusion] inject 79,39 civ=5 culture=2.2 vitality=26.38 strength=4.32 stock=122.02 cap=8633.64 
[2026-10-06 09:42:10]	[CulturalDiffusion] frontier city=65536 ring=4 best=3426.65 bar=375 over=8/23 center=1837.51 
[2026-10-06 09:42:10]	[CulturalDiffusion] frontier city=131073 ring=4 best=3426.65 bar=375 over=15/24 center=74.63 
[2026-10-06 09:42:10]	[CulturalDiffusion] frontier city=196610 ring=4 best=3426.65 bar=375 over=10/19 center=50.87 
[2026-10-06 09:42:10]	[CulturalDiffusion] frontier city=262147 ring=4 best=3426.65 bar=375 over=18/24 center=607.89 
[2026-10-06 09:42:10]	[CulturalDiffusion] frontier city=327684 ring=4 best=3426.65 bar=375 over=11/24 center=168.02 
[2026-10-06 09:42:10]	[CulturalDiffusion] frontier city=393221 ring=4 best=3426.65 bar=375 over=8/24 center=126.69 
[2026-10-06 09:42:10]	[CulturalDiffusion] flip 91,36 -> player 0 via purchasePlot sent; pending confirmation next pass (was owner 3) 
[2026-10-06 09:42:10]	[CulturalDiffusion] flip 90,36 -> player 0 via purchasePlot sent; pending confirmation next pass (was owner 3) 
[2026-10-06 09:42:10]	[CulturalDiffusion] flip 91,38 -> player 0 via purchasePlot sent; pending confirmation next pass (was owner 3) 
[2026-10-06 09:42:10]	[CulturalDiffusion] flip 83,23 -> player 0 via purchasePlot sent; pending confirmation next pass (was owner 3) 
[2026-10-06 09:42:10]	[CulturalDiffusion] flip 83,31 -> player 0 via purchasePlot sent; pending confirmation next pass (was owner 3) 
[2026-10-06 09:42:10]	[CulturalDiffusion] flip 82,32 -> player 0 via purchasePlot sent; pending confirmation next pass (was owner 3) 
[2026-10-06 09:42:10]	[CulturalDiffusion] flip 91,37 -> player 0 via purchasePlot sent; pending confirmation next pass (was owner 3) 
[2026-10-06 09:42:10]	[CulturalDiffusion] skip flip 89,37: would strand a foreign unit 
[2026-10-06 09:42:10]	[CulturalDiffusion] flip 92,38 -> player 0 via purchasePlot sent; pending confirmation next pass (was owner 3) 
[2026-10-06 09:42:10]	[CulturalDiffusion] flip 88,37 -> player 0 via purchasePlot sent; pending confirmation next pass (was owner 3) 
[2026-10-06 09:42:10]	[CulturalDiffusion] flip 81,31 -> player 0 via purchasePlot sent; pending confirmation next pass (was owner 3) 
[2026-10-06 09:42:10]	[CulturalDiffusion] flip 80,33 -> player 0 via purchasePlot sent; pending confirmation next pass (was owner 3) 
[2026-10-06 09:42:10]	[CulturalDiffusion] flip 85,21 -> player 3 via purchasePlot sent; pending confirmation next pass (was owner 0) 
[2026-10-06 09:42:10]	[CulturalDiffusion] flip 85,18 -> player 3 via purchasePlot sent; pending confirmation next pass (was owner 0) 
[2026-10-06 09:42:10]	[CulturalDiffusion] flip 80,34 -> player 2 via purchasePlot sent; pending confirmation next pass (was owner 3) 
[2026-10-06 09:42:10]	[CulturalDiffusion] flip 80,37 -> player 2 via purchasePlot sent; pending confirmation next pass (was owner 5) 
[2026-10-06 09:42:10]	[CulturalDiffusion] flip 80,42 -> player 4 via purchasePlot sent; pending confirmation next pass (was owner -1) 
[2026-10-06 09:42:10]	[CulturalDiffusion] flip 85,27 -> player 3 via purchasePlot sent; pending confirmation next pass (was owner 20) 
[2026-10-06 09:42:10]	[CulturalDiffusion] flip 81,35 -> player 2 via purchasePlot sent; pending confirmation next pass (was owner 0) 
[2026-10-06 09:42:10]	[CulturalDiffusion] flip 80,40 -> player 4 via purchasePlot sent; pending confirmation next pass (was owner 5) 
[2026-10-06 09:42:10]	[CulturalDiffusion] flip 86,19 -> player 3 via purchasePlot sent; pending confirmation next pass (was owner 0) 
[2026-10-06 09:42:10]	[CulturalDiffusion] flip 87,18 -> player 3 via purchasePlot sent; pending confirmation next pass (was owner 0) 
[2026-10-06 09:42:10]	[CulturalDiffusion] flip 87,41 -> player 4 via purchasePlot sent; pending confirmation next pass (was owner 63) 
[2026-10-06 09:42:10]	[CulturalDiffusion] state bytes=25624 field=521 claims=104 locked=104 passMs=58 
[2026-10-06 09:42:10]	[CulturalDiffusion] pass: 0 flip(s), 11 pending, 0 ceded (0 pending), 0 AI flip(s) (11 pending), 0 conquest(s) (0 pending), confirmed 18 claim/0 cede (0 dropped), 0 orphan(s) healed, 0 inner tile(s) released to base game, 521 active field tile(s) 
[2026-10-06 09:42:10]	[CulturalDiffusion] pass (turn 3): flips=0 field tiles=215 
[2026-10-06 09:42:13]	[CDH] TURN k=1 turn=2 age=AGE_EXPLORATION 
[2026-10-06 09:42:13]	[CDH] AGEREAD T1: {"countdown":false,"left":157,"over":false,"turn":3,"age":"AGE_EXPLORATION"} newClaims=51 newDistrictClaims=0 
[2026-10-06 09:42:13]	[CDH] INV T1: claims=104 (ai 51) stale=0 localInner=15 anyInner=42 district=0 center=0 pending=22 locked=104 field=521 occupation=0 bytes=25609 
[2026-10-06 09:42:13]	[CDH] INV-NEW T1: localInner 87,43 by 4 
[2026-10-06 09:42:13]	[CDH] INV-NEW T1: localInner 86,18 by 3 
[2026-10-06 09:42:13]	[CDH] INV-NEW T1: localInner 88,42 by 4 
[2026-10-06 09:42:13]	[CDH] INV-NEW T1: localInner 87,40 by 4 
[2026-10-06 09:42:13]	[CDH] INV-NEW T1: localInner 88,43 by 4 
[2026-10-06 09:42:13]	[CDH] INV-NEW T1: localInner 85,17 by 3 
[2026-10-06 09:42:13]	[CDH] INV-NEW T1: localInner 88,41 by 4 
[2026-10-06 09:42:13]	[CDH] INV-NEW T1: localInner 88,40 by 4 
[2026-10-06 09:42:24]	[CDH] TURN k=2 turn=3 age=AGE_EXPLORATION 
[2026-10-06 09:42:24]	[CDH] AGEREAD T2: {"countdown":false,"left":157,"over":false,"turn":3,"age":"AGE_EXPLORATION"} newClaims=0 newDistrictClaims=0 
[2026-10-06 09:42:24]	[CDH] INV T2: claims=104 (ai 51) stale=0 localInner=15 anyInner=42 district=0 center=0 pending=22 locked=104 field=521 occupation=0 bytes=25609 
[2026-10-06 09:42:30]	[CulturalDiffusion] notify: (91,36) player 3 -> player 0 
[2026-10-06 09:42:30]	[CulturalDiffusion] pending 91,36 claim confirmed on the live map 
[2026-10-06 09:42:30]	[CulturalDiffusion] notify: (90,36) player 3 -> player 0 
[2026-10-06 09:42:30]	[CulturalDiffusion] pending 90,36 claim confirmed on the live map 
[2026-10-06 09:42:30]	[CulturalDiffusion] notify: (91,38) player 3 -> player 0 
[2026-10-06 09:42:30]	[CulturalDiffusion] pending 91,38 claim confirmed on the live map 
[2026-10-06 09:42:30]	[CulturalDiffusion] notify: (83,23) player 3 -> player 0 
[2026-10-06 09:42:30]	[CulturalDiffusion] pending 83,23 claim confirmed on the live map 
[2026-10-06 09:42:30]	[CulturalDiffusion] notify: (83,31) player 3 -> player 0 
[2026-10-06 09:42:30]	[CulturalDiffusion] pending 83,31 claim confirmed on the live map 
[2026-10-06 09:42:30]	[CulturalDiffusion] notify: (82,32) player 3 -> player 0 
[2026-10-06 09:42:30]	[CulturalDiffusion] pending 82,32 claim confirmed on the live map 
[2026-10-06 09:42:30]	[CulturalDiffusion] notify: (91,37) player 3 -> player 0 
[2026-10-06 09:42:30]	[CulturalDiffusion] pending 91,37 claim confirmed on the live map 
[2026-10-06 09:42:30]	[CulturalDiffusion] notify: (92,38) player 3 -> player 0 
[2026-10-06 09:42:30]	[CulturalDiffusion] pending 92,38 claim confirmed on the live map 
[2026-10-06 09:42:30]	[CulturalDiffusion] notify: (88,37) player 3 -> player 0 
[2026-10-06 09:42:30]	[CulturalDiffusion] pending 88,37 claim confirmed on the live map 
[2026-10-06 09:42:30]	[CulturalDiffusion] notify: (81,31) player 3 -> player 0 
[2026-10-06 09:42:30]	[CulturalDiffusion] pending 81,31 claim confirmed on the live map 
[2026-10-06 09:42:30]	[CulturalDiffusion] notify: (80,33) player 3 -> player 0 
[2026-10-06 09:42:30]	[CulturalDiffusion] pending 80,33 claim confirmed on the live map 
[2026-10-06 09:42:30]	[CulturalDiffusion] notify: (85,21) player 0 -> player 3 
[2026-10-06 09:42:30]	[CulturalDiffusion] pending 85,21 claim confirmed on the live map 
[2026-10-06 09:42:30]	[CulturalDiffusion] notify: (85,18) player 0 -> player 3 
[2026-10-06 09:42:30]	[CulturalDiffusion] pending 85,18 claim confirmed on the live map 
[2026-10-06 09:42:30]	[CulturalDiffusion] notify: (80,34) player 3 -> player 2 
[2026-10-06 09:42:30]	[CulturalDiffusion] pending 80,34 claim confirmed on the live map 
[2026-10-06 09:42:30]	[CulturalDiffusion] notify: (80,37) player 5 -> player 2 
[2026-10-06 09:42:30]	[CulturalDiffusion] pending 80,37 claim confirmed on the live map 
[2026-10-06 09:42:30]	[CulturalDiffusion] notify: (80,42) unowned -> player 4 
[2026-10-06 09:42:30]	[CulturalDiffusion] pending 80,42 claim confirmed on the live map 
[2026-10-06 09:42:30]	[CulturalDiffusion] notify: (85,27) player 20 -> player 3 
[2026-10-06 09:42:30]	[CulturalDiffusion] pending 85,27 claim confirmed on the live map 
[2026-10-06 09:42:30]	[CulturalDiffusion] notify: (81,35) player 0 -> player 2 
[2026-10-06 09:42:30]	[CulturalDiffusion] pending 81,35 claim confirmed on the live map 
[2026-10-06 09:42:30]	[CulturalDiffusion] notify: (80,40) player 5 -> player 4 
[2026-10-06 09:42:30]	[CulturalDiffusion] pending 80,40 claim confirmed on the live map 
[2026-10-06 09:42:30]	[CulturalDiffusion] notify: (86,19) player 0 -> player 3 
[2026-10-06 09:42:30]	[CulturalDiffusion] pending 86,19 claim confirmed on the live map 
[2026-10-06 09:42:30]	[CulturalDiffusion] notify: (87,18) player 0 -> player 3 
[2026-10-06 09:42:30]	[CulturalDiffusion] pending 87,18 claim confirmed on the live map 
[2026-10-06 09:42:30]	[CulturalDiffusion] notify: (87,41) player 63 -> player 4 
[2026-10-06 09:42:30]	[CulturalDiffusion] pending 87,41 claim confirmed on the live map 
[2026-10-06 09:42:30]	[CulturalDiffusion] inject 92,32 civ=0 culture=33 vitality=49.75 strength=40.24 stock=2422.68 cap=80477.87 
[2026-10-06 09:42:30]	[CulturalDiffusion] inject 86,20 civ=0 culture=0 vitality=10.29 strength=0 stock=93.76 cap=0 
[2026-10-06 09:42:30]	[CulturalDiffusion] inject 93,26 civ=0 culture=0 vitality=17 strength=0 stock=47.33 cap=0 
[2026-10-06 09:42:30]	[CulturalDiffusion] inject 87,32 civ=0 culture=12 vitality=43.85 strength=19.95 stock=776.98 cap=39895.32 
[2026-10-06 09:42:30]	[CulturalDiffusion] inject 84,35 civ=0 culture=1 vitality=27.8 strength=3.38 stock=252.02 cap=6763.64 
[2026-10-06 09:42:30]	[CulturalDiffusion] inject 89,42 civ=0 culture=0 vitality=12.45 strength=0 stock=168.56 cap=0 
[2026-10-06 09:42:30]	[CulturalDiffusion] inject 77,36 civ=2 culture=2.2 vitality=13.96 strength=4.54 stock=149.48 cap=9073.51 
[2026-10-06 09:42:30]	[CulturalDiffusion] inject 81,18 civ=3 culture=10.8 vitality=75.78 strength=17.81 stock=501.68 cap=35611.9 
[2026-10-06 09:42:30]	[CulturalDiffusion] inject 82,23 civ=3 culture=9.9 vitality=24.78 strength=11.38 stock=765.1 cap=22760.21 
[2026-10-06 09:42:30]	[CulturalDiffusion] inject 80,31 civ=3 culture=4.4 vitality=28.28 strength=7.03 stock=490.37 cap=14069.69 
[2026-10-06 09:42:30]	[CulturalDiffusion] inject 90,37 civ=3 culture=7.7 vitality=21.11 strength=9.14 stock=382.32 cap=18274.53 
[2026-10-06 09:42:30]	[CulturalDiffusion] inject 83,44 civ=4 culture=8.8 vitality=30.13 strength=14.04 stock=522.79 cap=28083.97 
[2026-10-06 09:42:30]	[CulturalDiffusion] inject 91,45 civ=4 culture=4.4 vitality=12.1 strength=6.5 stock=185.84 cap=13006.15 
[2026-10-06 09:42:30]	[CulturalDiffusion] inject 86,47 civ=4 culture=5.5 vitality=19 strength=8.81 stock=247.28 cap=17611.56 
[2026-10-06 09:42:30]	[CulturalDiffusion] inject 79,39 civ=5 culture=2.2 vitality=26.38 strength=4.34 stock=150.08 cap=8677.62 
[2026-10-06 09:42:30]	[CulturalDiffusion] frontier city=65536 ring=4 best=3254.32 bar=375 over=8/23 center=2422.68 
[2026-10-06 09:42:30]	[CulturalDiffusion] frontier city=131073 ring=4 best=3254.32 bar=375 over=15/24 center=93.76 
[2026-10-06 09:42:30]	[CulturalDiffusion] frontier city=196610 ring=4 best=3254.32 bar=375 over=10/19 center=47.33 
[2026-10-06 09:42:30]	[CulturalDiffusion] frontier city=262147 ring=4 best=3254.32 bar=375 over=19/24 center=776.98 
[2026-10-06 09:42:30]	[CulturalDiffusion] frontier city=327684 ring=4 best=3254.32 bar=375 over=11/24 center=252.02 
[2026-10-06 09:42:30]	[CulturalDiffusion] frontier city=393221 ring=4 best=3254.32 bar=375 over=8/24 center=168.56 
[2026-10-06 09:42:30]	[CulturalDiffusion] flip 91,39 -> player 0 via purchasePlot sent; pending confirmation next pass (was owner 3) 
[2026-10-06 09:42:30]	[CulturalDiffusion] flip 82,31 -> player 0 via purchasePlot sent; pending confirmation next pass (was owner 3) 
[2026-10-06 09:42:30]	[CulturalDiffusion] skip flip 89,37: would strand a foreign unit 
[2026-10-06 09:42:30]	[CulturalDiffusion] flip 80,38 -> player 2 via purchasePlot sent; pending confirmation next pass (was owner 5) 
[2026-10-06 09:42:30]	[CulturalDiffusion] flip 86,21 -> player 3 via purchasePlot sent; pending confirmation next pass (was owner 0) 
[2026-10-06 09:42:30]	[CulturalDiffusion] skip flip 87,20: would strand a foreign unit 
[2026-10-06 09:42:30]	[CulturalDiffusion] state bytes=25842 field=524 claims=126 locked=126 passMs=41 
[2026-10-06 09:42:30]	[CulturalDiffusion] pass: 0 flip(s), 2 pending, 0 ceded (0 pending), 0 AI flip(s) (2 pending), 0 conquest(s) (0 pending), confirmed 22 claim/0 cede (0 dropped), 0 orphan(s) healed, 0 inner tile(s) released to base game, 524 active field tile(s) 
[2026-10-06 09:42:30]	[CulturalDiffusion] pass (turn 4): flips=0 field tiles=222 
[2026-10-06 09:42:40]	[CDH] TURN k=3 turn=4 age=AGE_EXPLORATION 
[2026-10-06 09:42:40]	[CDH] AGEREAD T3: {"countdown":false,"left":156,"over":false,"turn":4,"age":"AGE_EXPLORATION"} newClaims=22 newDistrictClaims=16 91,36(WONDER by 0) 90,36(URBAN by 0) 83,23(RURAL by 0) 82,32(URBAN by 0) 91,37(URBAN by 0) 92,38(URBAN by 0) 
[2026-10-06 09:42:40]	[CDH] INV T3: claims=126 (ai 62) stale=0 localInner=21 anyInner=63 district=7 center=0 pending=4 locked=126 field=524 occupation=0 bytes=25827 
[2026-10-06 09:42:40]	[CDH] INV-NEW T3: district 90,36 URBAN by 0 
[2026-10-06 09:42:40]	[CDH] INV-NEW T3: district 82,32 URBAN by 0 
[2026-10-06 09:42:40]	[CDH] INV-NEW T3: district 91,37 URBAN by 0 
[2026-10-06 09:42:40]	[CDH] INV-NEW T3: district 92,38 URBAN by 0 
[2026-10-06 09:42:40]	[CDH] INV-NEW T3: district 81,31 URBAN by 0 
[2026-10-06 09:42:40]	[CDH] INV-NEW T3: localInner 85,21 by 3 
[2026-10-06 09:42:40]	[CDH] INV-NEW T3: localInner 85,18 by 3 
[2026-10-06 09:42:40]	[CDH] INV-NEW T3: district 85,27 CITY_CENTER by 3 
[2026-10-06 09:42:40]	[CDH] INV-NEW T3: localInner 81,35 by 2 
[2026-10-06 09:42:40]	[CDH] INV-NEW T3: district 80,40 URBAN by 4 
[2026-10-06 09:42:40]	[CDH] INV-NEW T3: localInner 86,19 by 3 
[2026-10-06 09:42:40]	[CDH] INV-NEW T3: localInner 87,18 by 3 
[2026-10-06 09:42:46]	[CulturalDiffusion] notify: (91,39) player 3 -> player 0 
[2026-10-06 09:42:46]	[CulturalDiffusion] pending 91,39 claim confirmed on the live map 
[2026-10-06 09:42:46]	[CulturalDiffusion] notify: (82,31) player 3 -> player 0 
[2026-10-06 09:42:46]	[CulturalDiffusion] pending 82,31 claim confirmed on the live map 
[2026-10-06 09:42:46]	[CulturalDiffusion] notify: (80,38) player 5 -> player 2 
[2026-10-06 09:42:46]	[CulturalDiffusion] pending 80,38 claim confirmed on the live map 
[2026-10-06 09:42:46]	[CulturalDiffusion] notify: (86,21) player 0 -> player 3 
[2026-10-06 09:42:46]	[CulturalDiffusion] pending 86,21 claim confirmed on the live map 
[2026-10-06 09:42:46]	[CulturalDiffusion] inject 92,32 civ=0 culture=33 vitality=49.75 strength=40.27 stock=3078.23 cap=80541.82 
[2026-10-06 09:42:46]	[CulturalDiffusion] inject 86,20 civ=0 culture=0 vitality=10.29 strength=0 stock=110.56 cap=0 
[2026-10-06 09:42:46]	[CulturalDiffusion] inject 93,26 civ=0 culture=0 vitality=17 strength=0 stock=43.96 cap=0 
[2026-10-06 09:42:46]	[CulturalDiffusion] inject 87,32 civ=0 culture=12 vitality=43.85 strength=19.96 stock=962.65 cap=39927.03 
[2026-10-06 09:42:46]	[CulturalDiffusion] inject 84,35 civ=0 culture=1 vitality=27.8 strength=3.38 stock=366.54 cap=6769.01 
[2026-10-06 09:42:46]	[CulturalDiffusion] inject 89,42 civ=0 culture=0 vitality=12.45 strength=0 stock=205.9 cap=0 
[2026-10-06 09:42:46]	[CulturalDiffusion] inject 77,36 civ=2 culture=2.2 vitality=13.96 strength=4.45 stock=178.2 cap=8901.02 
[2026-10-06 09:42:46]	[CulturalDiffusion] inject 81,18 civ=3 culture=10.8 vitality=75.78 strength=17.82 stock=640.35 cap=35633.31 
[2026-10-06 09:42:46]	[CulturalDiffusion] inject 82,23 civ=3 culture=9.9 vitality=24.78 strength=11.39 stock=861.74 cap=22773.9 
[2026-10-06 09:42:46]	[CulturalDiffusion] inject 80,31 civ=3 culture=4.4 vitality=28.28 strength=7.04 stock=539.77 cap=14078.15 
[2026-10-06 09:42:46]	[CulturalDiffusion] inject 90,37 civ=3 culture=7.7 vitality=21.11 strength=9.14 stock=457.35 cap=18285.51 
[2026-10-06 09:42:46]	[CulturalDiffusion] inject 83,44 civ=4 culture=8.8 vitality=30.13 strength=14.05 stock=630.09 cap=28105.92 
[2026-10-06 09:42:46]	[CulturalDiffusion] inject 91,45 civ=4 culture=4.4 vitality=12.1 strength=6.51 stock=230.97 cap=13016.31 
[2026-10-06 09:42:46]	[CulturalDiffusion] inject 86,47 civ=4 culture=5.5 vitality=19 strength=8.81 stock=297.58 cap=17625.32 
[2026-10-06 09:42:46]	[CulturalDiffusion] inject 79,39 civ=5 culture=2.2 vitality=26.38 strength=4.34 stock=180.02 cap=8680.34 
[2026-10-06 09:42:46]	[CulturalDiffusion] frontier city=65536 ring=4 best=3090.6 bar=375 over=8/23 center=3078.23 
[2026-10-06 09:42:46]	[CulturalDiffusion] frontier city=131073 ring=4 best=3090.6 bar=375 over=15/24 center=110.56 
[2026-10-06 09:42:46]	[CulturalDiffusion] frontier city=196610 ring=4 best=3090.6 bar=375 over=11/19 center=43.96 
[2026-10-06 09:42:46]	[CulturalDiffusion] frontier city=262147 ring=4 best=3090.6 bar=375 over=19/24 center=962.65 
[2026-10-06 09:42:46]	[CulturalDiffusion] frontier city=327684 ring=4 best=3090.6 bar=375 over=11/24 center=366.54 
[2026-10-06 09:42:46]	[CulturalDiffusion] frontier city=393221 ring=4 best=3090.6 bar=375 over=8/24 center=205.9 
[2026-10-06 09:42:46]	[CulturalDiffusion] flip 92,40 -> player 0 via purchasePlot sent; pending confirmation next pass (was owner 3) 
[2026-10-06 09:42:46]	[CulturalDiffusion] skip flip 89,37: would strand a foreign unit 
[2026-10-06 09:42:46]	[CulturalDiffusion] flip 82,22 -> player 0 via purchasePlot sent; pending confirmation next pass (was owner 3) 
[2026-10-06 09:42:46]	[CulturalDiffusion] skip flip 87,20: would strand a foreign unit 
[2026-10-06 09:42:46]	[CulturalDiffusion] state bytes=27535 field=530 claims=130 locked=130 passMs=37 
[2026-10-06 09:42:46]	[CulturalDiffusion] pass: 0 flip(s), 2 pending, 0 ceded (0 pending), 0 AI flip(s) (0 pending), 0 conquest(s) (0 pending), confirmed 4 claim/0 cede (0 dropped), 0 orphan(s) healed, 0 inner tile(s) released to base game, 530 active field tile(s) 
[2026-10-06 09:42:46]	[CulturalDiffusion] pass (turn 5): flips=0 field tiles=225 
[2026-10-06 09:42:56]	[CDH] TURN k=4 turn=5 age=AGE_EXPLORATION 
[2026-10-06 09:42:56]	[CDH] AGEREAD T4: {"countdown":false,"left":155,"over":false,"turn":5,"age":"AGE_EXPLORATION"} newClaims=4 newDistrictClaims=1 82,31(RURAL by 0) 
[2026-10-06 09:42:56]	[CDH] INV T4: claims=130 (ai 64) stale=0 localInner=22 anyInner=67 district=7 center=0 pending=2 locked=130 field=530 occupation=0 bytes=27520 
[2026-10-06 09:42:56]	[CDH] INV-NEW T4: localInner 86,21 by 3 
[2026-10-06 09:43:02]	[CulturalDiffusion] notify: (92,40) player 3 -> player 0 
[2026-10-06 09:43:02]	[CulturalDiffusion] pending 92,40 claim confirmed on the live map 
[2026-10-06 09:43:02]	[CulturalDiffusion] notify: (82,22) player 3 -> player 0 
[2026-10-06 09:43:02]	[CulturalDiffusion] pending 82,22 claim confirmed on the live map 
[2026-10-06 09:43:02]	[CulturalDiffusion] inject 92,32 civ=0 culture=33 vitality=49.75 strength=40.37 stock=3800.83 cap=80743.28 
[2026-10-06 09:43:02]	[CulturalDiffusion] inject 86,20 civ=0 culture=0 vitality=13.66 strength=0 stock=155.06 cap=0 
[2026-10-06 09:43:02]	[CulturalDiffusion] inject 93,26 civ=0 culture=0 vitality=17 strength=0 stock=40.77 cap=0 
[2026-10-06 09:43:02]	[CulturalDiffusion] inject 87,32 civ=0 culture=12 vitality=43.85 strength=20.01 stock=1164.01 cap=40026.89 
[2026-10-06 09:43:02]	[CulturalDiffusion] inject 84,35 civ=0 culture=1 vitality=27.8 strength=3.39 stock=513.54 cap=6785.95 
[2026-10-06 09:43:02]	[CulturalDiffusion] inject 89,42 civ=0 culture=0 vitality=12.45 strength=0 stock=202.75 cap=0 
[2026-10-06 09:43:02]	[CulturalDiffusion] inject 77,36 civ=2 culture=2.2 vitality=13.96 strength=4.33 stock=200.69 cap=8664.18 
[2026-10-06 09:43:02]	[CulturalDiffusion] inject 81,18 civ=3 culture=10.8 vitality=76.13 strength=17.98 stock=793.8 cap=35955.47 
[2026-10-06 09:43:02]	[CulturalDiffusion] inject 82,23 civ=3 culture=9.9 vitality=24.78 strength=11.47 stock=961.78 cap=22942.77 
[2026-10-06 09:43:02]	[CulturalDiffusion] inject 80,31 civ=3 culture=4.4 vitality=28.28 strength=7.09 stock=590.87 cap=14182.54 
[2026-10-06 09:43:02]	[CulturalDiffusion] inject 90,37 civ=3 culture=11 vitality=24.67 strength=12.27 stock=561.11 cap=24533.14 
[2026-10-06 09:43:02]	[CulturalDiffusion] inject 83,44 civ=4 culture=8.8 vitality=30.13 strength=14.06 stock=744.25 cap=28115.14 
[2026-10-06 09:43:02]	[CulturalDiffusion] inject 91,45 civ=4 culture=4.4 vitality=12.1 strength=6.51 stock=279.62 cap=13020.58 
[2026-10-06 09:43:02]	[CulturalDiffusion] inject 86,47 civ=4 culture=5.5 vitality=19 strength=8.82 stock=350.6 cap=17631.11 
[2026-10-06 09:43:02]	[CulturalDiffusion] inject 79,39 civ=5 culture=2.2 vitality=26.68 strength=4.35 stock=211.59 cap=8700.6 
[2026-10-06 09:43:02]	[CulturalDiffusion] frontier city=65536 ring=4 best=2935.07 bar=375 over=8/23 center=3800.83 
[2026-10-06 09:43:02]	[CulturalDiffusion] frontier city=131073 ring=4 best=2935.07 bar=375 over=14/24 center=155.06 
[2026-10-06 09:43:02]	[CulturalDiffusion] frontier city=196610 ring=4 best=2935.07 bar=375 over=11/19 center=40.77 
[2026-10-06 09:43:02]	[CulturalDiffusion] frontier city=262147 ring=4 best=2935.07 bar=375 over=19/24 center=1164.01 
[2026-10-06 09:43:02]	[CulturalDiffusion] frontier city=327684 ring=4 best=2935.07 bar=375 over=11/24 center=513.54 
[2026-10-06 09:43:02]	[CulturalDiffusion] frontier city=393221 ring=4 best=2935.07 bar=375 over=8/24 center=202.75 
[2026-10-06 09:43:02]	[CulturalDiffusion] flip 92,41 -> player 0 via purchasePlot sent; pending confirmation next pass (was owner -1) 
[2026-10-06 09:43:02]	[CulturalDiffusion] skip flip 89,37: would strand a foreign unit 
[2026-10-06 09:43:02]	[CulturalDiffusion] flip 86,22 -> player 3 via purchasePlot sent; pending confirmation next pass (was owner 0) 
[2026-10-06 09:43:02]	[CulturalDiffusion] state bytes=27643 field=534 claims=132 locked=132 passMs=35 
[2026-10-06 09:43:02]	[CulturalDiffusion] pass: 0 flip(s), 1 pending, 0 ceded (0 pending), 0 AI flip(s) (1 pending), 0 conquest(s) (0 pending), confirmed 2 claim/0 cede (0 dropped), 0 orphan(s) healed, 0 inner tile(s) released to base game, 534 active field tile(s) 
[2026-10-06 09:43:02]	[CulturalDiffusion] pass (turn 6): flips=0 field tiles=227 
[2026-10-06 09:43:12]	[CDH] TURN k=5 turn=6 age=AGE_EXPLORATION 
[2026-10-06 09:43:12]	[CDH] AGEREAD T5: {"countdown":false,"left":154,"over":false,"turn":6,"age":"AGE_EXPLORATION"} newClaims=2 newDistrictClaims=0 
[2026-10-06 09:43:12]	[CDH] INV T5: claims=132 (ai 64) stale=0 localInner=22 anyInner=69 district=7 center=0 pending=2 locked=132 field=534 occupation=0 bytes=27628 
[2026-10-06 09:43:12]	[CDH] SEED T5: 400 frontier tiles seeded, state bytes=30908 
[2026-10-06 09:43:22]	[CulturalDiffusion] notify: (92,41) unowned -> player 0 
[2026-10-06 09:43:22]	[CulturalDiffusion] pending 92,41 claim confirmed on the live map 
[2026-10-06 09:43:22]	[CulturalDiffusion] notify: (86,22) player 0 -> player 3 
[2026-10-06 09:43:22]	[CulturalDiffusion] pending 86,22 claim confirmed on the live map 
[2026-10-06 09:43:22]	[CulturalDiffusion] inject 92,32 civ=0 culture=33 vitality=49.75 strength=40.08 stock=4576.69 cap=80151.95 
[2026-10-06 09:43:22]	[CulturalDiffusion] inject 86,20 civ=0 culture=0 vitality=13.66 strength=0 stock=226.26 cap=0 
[2026-10-06 09:43:22]	[CulturalDiffusion] inject 93,26 civ=0 culture=0 vitality=17 strength=0 stock=37.73 cap=0 
[2026-10-06 09:43:22]	[CulturalDiffusion] inject 87,32 civ=0 culture=12 vitality=43.85 strength=19.87 stock=1377.32 cap=39733.76 
[2026-10-06 09:43:22]	[CulturalDiffusion] inject 84,35 civ=0 culture=1 vitality=27.8 strength=3.37 stock=687.87 cap=6736.25 
[2026-10-06 09:43:22]	[CulturalDiffusion] inject 89,42 civ=0 culture=0 vitality=12.45 strength=0 stock=196.02 cap=0 
[2026-10-06 09:43:22]	[CulturalDiffusion] inject 77,36 civ=2 culture=2.2 vitality=13.96 strength=4.3 stock=223.25 cap=8602.3 
[2026-10-06 09:43:22]	[CulturalDiffusion] inject 81,18 civ=3 culture=10.8 vitality=77.44 strength=17.97 stock=960.57 cap=35947.99 
[2026-10-06 09:43:22]	[CulturalDiffusion] inject 82,23 civ=3 culture=9.9 vitality=24.78 strength=11.4 stock=2226.45 cap=22801.92 
[2026-10-06 09:43:22]	[CulturalDiffusion] inject 80,31 civ=3 culture=4.4 vitality=28.28 strength=7.05 stock=642.62 cap=14095.48 
[2026-10-06 09:43:22]	[CulturalDiffusion] inject 90,37 civ=3 culture=11 vitality=24.67 strength=12.19 stock=673.89 cap=24382.54 
[2026-10-06 09:43:22]	[CulturalDiffusion] inject 83,44 civ=4 culture=8.8 vitality=30.13 strength=13.96 stock=863.5 cap=27913.04 
[2026-10-06 09:43:22]	[CulturalDiffusion] inject 91,45 civ=4 culture=4.4 vitality=12.1 strength=6.46 stock=316.5 cap=12926.98 
[2026-10-06 09:43:22]	[CulturalDiffusion] inject 86,47 civ=4 culture=5.5 vitality=19 strength=8.75 stock=405.54 cap=17504.36 
[2026-10-06 09:43:22]	[CulturalDiffusion] inject 79,39 civ=5 culture=2.2 vitality=23.8 strength=5.37 stock=278.23 cap=10733.31 
[2026-10-06 09:43:22]	[CulturalDiffusion] frontier city=65536 ring=4 best=2787.32 bar=375 over=9/23 center=4576.69 
[2026-10-06 09:43:22]	[CulturalDiffusion] frontier city=131073 ring=4 best=3799 bar=375 over=17/24 center=226.26 
[2026-10-06 09:43:22]	[CulturalDiffusion] frontier city=196610 ring=4 best=2787.32 bar=375 over=11/19 center=37.73 
[2026-10-06 09:43:22]	[CulturalDiffusion] frontier city=262147 ring=4 best=3799 bar=375 over=19/24 center=1377.32 
[2026-10-06 09:43:22]	[CulturalDiffusion] frontier city=327684 ring=4 best=3799 bar=375 over=13/24 center=687.87 
[2026-10-06 09:43:22]	[CulturalDiffusion] frontier city=393221 ring=4 best=2787.32 bar=375 over=8/24 center=196.02 
[2026-10-06 09:43:22]	[CulturalDiffusion] flip 82,19 -> player 0 via purchasePlot sent; pending confirmation next pass (was owner 3) 
[2026-10-06 09:43:22]	[CulturalDiffusion] flip 85,16 -> player 0 via purchasePlot sent; pending confirmation next pass (was owner -1) 
[2026-10-06 09:43:22]	[CulturalDiffusion] flip 82,21 -> player 0 via purchasePlot sent; pending confirmation next pass (was owner 3) 
[2026-10-06 09:43:22]	[CulturalDiffusion] skip flip 89,37: would strand a foreign unit 
[2026-10-06 09:43:22]	[CulturalDiffusion] flip 86,27 -> player 0 via purchasePlot sent; pending confirmation next pass (was owner -1) 
[2026-10-06 09:43:22]	[CulturalDiffusion] flip 84,25 -> player 0 via purchasePlot sent; pending confirmation next pass (was owner -1) 
[2026-10-06 09:43:22]	[CulturalDiffusion] flip 82,18 -> player 0 via purchasePlot sent; pending confirmation next pass (was owner 3) 
[2026-10-06 09:43:22]	[CulturalDiffusion] flip 82,17 -> player 0 via purchasePlot sent; pending confirmation next pass (was owner 3) 
[2026-10-06 09:43:22]	[CulturalDiffusion] flip 83,16 -> player 0 via purchasePlot sent; pending confirmation next pass (was owner -1) 
[2026-10-06 09:43:22]	[CulturalDiffusion] flip 83,25 -> player 0 via purchasePlot sent; pending confirmation next pass (was owner 3) 
[2026-10-06 09:43:22]	[CulturalDiffusion] flip 81,21 -> player 0 via purchasePlot sent; pending confirmation next pass (was owner 3) 
[2026-10-06 09:43:22]	[CulturalDiffusion] flip 83,30 -> player 0 via purchasePlot sent; pending confirmation next pass (was owner 3) 
[2026-10-06 09:43:22]	[CulturalDiffusion] flip 82,30 -> player 0 via purchasePlot sent; pending confirmation next pass (was owner 3) 
[2026-10-06 09:43:22]	[CulturalDiffusion] flip 93,41 -> player 0 via purchasePlot sent; pending confirmation next pass (was owner -1) 
[2026-10-06 09:43:22]	[CulturalDiffusion] flip 82,25 -> player 0 via purchasePlot sent; pending confirmation next pass (was owner 3) 
[2026-10-06 09:43:22]	[CulturalDiffusion] skip flip 81,23: would strand a foreign unit 
[2026-10-06 09:43:22]	[CulturalDiffusion] flip 81,22 -> player 0 via purchasePlot sent; pending confirmation next pass (was owner 3) 
[2026-10-06 09:43:22]	[CulturalDiffusion] flip 86,23 -> player 3 via purchasePlot sent; pending confirmation next pass (was owner 0) 
[2026-10-06 09:43:22]	[CulturalDiffusion] flip 84,17 -> player 3 via purchasePlot sent; pending confirmation next pass (was owner 0) 
[2026-10-06 09:43:22]	[CulturalDiffusion] flip 79,33 -> player 2 via purchasePlot sent; pending confirmation next pass (was owner 3) 
[2026-10-06 09:43:22]	[CulturalDiffusion] flip 82,36 -> player 2 via purchasePlot sent; pending confirmation next pass (was owner 0) 
[2026-10-06 09:43:22]	[CulturalDiffusion] flip 81,34 -> player 2 via purchasePlot sent; pending confirmation next pass (was owner 3) 
[2026-10-06 09:43:22]	[CulturalDiffusion] flip 81,37 -> player 2 via purchasePlot sent; pending confirmation next pass (was owner -1) 
[2026-10-06 09:43:22]	[CulturalDiffusion] flip 81,38 -> player 2 via purchasePlot sent; pending confirmation next pass (was owner -1) 
[2026-10-06 09:43:22]	[CulturalDiffusion] flip 79,41 -> player 4 via purchasePlot sent; pending confirmation next pass (was owner 5) 
[2026-10-06 09:43:22]	[CulturalDiffusion] skip flip 87,20: would strand a foreign unit 
[2026-10-06 09:43:22]	[CulturalDiffusion] flip 82,35 -> player 2 via purchasePlot sent; pending confirmation next pass (was owner 0) 
[2026-10-06 09:43:22]	[CulturalDiffusion] flip 82,34 -> player 2 via purchasePlot sent; pending confirmation next pass (was owner 0) 
[2026-10-06 09:43:22]	[CulturalDiffusion] flip 86,39 -> player 4 via purchasePlot sent; pending confirmation next pass (was owner -1) 
[2026-10-06 09:43:22]	[CulturalDiffusion] flip 83,38 -> player 4 via purchasePlot sent; pending confirmation next pass (was owner -1) 
[2026-10-06 09:43:22]	[CulturalDiffusion] flip 82,38 -> player 4 via purchasePlot sent; pending confirmation next pass (was owner -1) 
[2026-10-06 09:43:22]	[CulturalDiffusion] flip 79,40 -> player 4 via purchasePlot sent; pending confirmation next pass (was owner 5) 
[2026-10-06 09:43:22]	[CulturalDiffusion] state bytes=29121 field=538 claims=134 locked=134 passMs=56 
[2026-10-06 09:43:22]	[CulturalDiffusion] pass: 0 flip(s), 15 pending, 0 ceded (0 pending), 0 AI flip(s) (14 pending), 0 conquest(s) (0 pending), confirmed 2 claim/0 cede (0 dropped), 0 orphan(s) healed, 0 inner tile(s) released to base game, 538 active field tile(s) 
[2026-10-06 09:43:22]	[CulturalDiffusion] pass (turn 7): flips=0 field tiles=229 
[2026-10-06 09:43:32]	[CDH] TURN k=6 turn=7 age=AGE_EXPLORATION 
[2026-10-06 09:43:32]	[CDH] AGEREAD T6: {"countdown":false,"left":153,"over":false,"turn":7,"age":"AGE_EXPLORATION"} newClaims=2 newDistrictClaims=0 
[2026-10-06 09:43:32]	[CDH] INV T6: claims=134 (ai 65) stale=0 localInner=23 anyInner=70 district=7 center=0 pending=29 locked=134 field=538 occupation=0 bytes=29106 
[2026-10-06 09:43:32]	[CDH] INV-NEW T6: localInner 86,22 by 3 
[2026-10-06 09:43:32]	[CDH] DONE harness soak finished, survived 6 turns 
