[14:32:07] autosaves backed up: 3
[14:32:07] registry before: 1077=1  (restoring Disabled=1 afterwards)
[14:32:07] deployed mod: debug=1 affectsSaves0=1
[14:32:07] harness installed: cdh-game-suite.js on AugustusAnt136.Civ7Save
[14:32:07] previous UI.log kept at /Users/tylermiller/Library/Application Support/Civilization VII/cd-harness-backup/UI-before-suite-20260924-143207.log (463 lines)
[14:32:10] game pid 14141
[14:33:05] shot 01-hero-borders -> 11605993 bytes
[14:33:21] shot 02-lens-contested -> 11699514 bytes
[14:33:29] shot 03-lens-panel -> 11795939 bytes
[14:33:41] shot 04-frontier-rival -> 11673977 bytes
[14:33:48] shot 05-options -> 11678002 bytes
[14:34:04] shot 06-lens-wide -> 11521511 bytes
[14:34:10] result=done after 88s
[14:34:10] collected AI_Market.csv (1 lines)
[14:34:10] collected AI_MovementPlanning.csv (27 lines)
[14:34:10] collected AI_Targets.csv (287 lines)
[14:34:10] collected AI_UnitEfficiency.csv (115 lines)
[14:34:18] restored: registry 1084=1  harness present: no debugPatched: 0
[14:34:18] autosaves changed during the run; putting the player's back
[14:34:19] FINISHED result=done  log: /Users/tylermiller/Repos/civilization_mods/civilization_vii_mods/tower_mods/cultural_diffusion/devtools/harness/suite-UI.log
