[15:38:35] autosaves backed up: 10
[15:38:35] registry before: 1460=0  (restoring Disabled=0 afterward)
[15:38:35] deployed mod: debug=1 affectsSaves0=1
[15:38:35] NO_MOD=1: Cultural Diffusion left DISABLED for this run (control)
[15:38:35] harness installed: cdh-game-trade.js on AugustusAnt136.Civ7Save
[15:38:35] previous UI.log kept at /Users/USER/Library/Application Support/Civilization VII/cd-harness-backup/UI-before-trade-on-20261005-153835.log (705 lines)
[15:38:37] game pid 66935
[15:39:29] shot flipped -> 9484638 bytes
[15:40:52] result=done after 116s
[15:40:52] collected AI_Behavior_Tree_Events.csv (12 lines)
[15:40:52] collected AI_Behavior_Trees.csv (10145 lines)
[15:40:52] collected AI_CityStrategy.csv (21 lines)
[15:40:52] collected AI_CombatPlanning.csv (2536 lines)
[15:40:52] collected AI_Commander_Promotions.csv (18 lines)
[15:40:52] collected AI_DiplomaticActions.csv (536 lines)
[15:40:52] collected AI_Leader.csv (3 lines)
[15:40:52] collected AI_Market.csv (325 lines)
[15:40:53] collected AI_MayhemTracker.csv (248 lines)
[15:40:53] collected AI_MovementPlanning.csv (5619 lines)
[15:40:53] collected AI_Operation.csv (4371 lines)
[15:40:53] collected AI_Operation_Eval.csv (446 lines)
[15:40:53] collected AI_Recruiting.csv (19038 lines)
[15:40:53] collected AI_Tactical.csv (1526 lines)
[15:40:53] collected AI_Targets.csv (26202 lines)
[15:40:53] collected AI_UnitEfficiency.csv (115 lines)
[15:40:53] collected AI_Victories.csv (7 lines)
[15:41:01] restored: registry 2271=0  harness present: no debugPatched: 0
[15:41:01] autosaves changed during the run; putting the player's back
[15:41:01] FINISHED result=done  log: /Users/USER/Repos/civilization_mods/civilization_vii_mods/tower_mods/cultural_diffusion/devtools/harness/trade-on-UI.log
RUN_EXIT=0
