[19:50:49] autosaves backed up: 10
[19:50:49] registry before: 2281=0  (restoring Disabled=0 afterward)
[19:50:49] deployed mod: debug=1 affectsSaves0=1
[19:50:49] NO_MOD=1: Cultural Diffusion left DISABLED for this run (control)
[19:50:49] harness installed: cdh-game-trade-merchant.js on AugustusAnt136.Civ7Save
[19:50:49] previous UI.log kept at /Users/USER/Library/Application Support/Civilization VII/cd-harness-backup/UI-before-trade-merch3-20261005-195049.log (7107 lines)
[19:50:52] game pid 29346
[19:53:05] result=done after 120s
[19:53:05] collected AI_Behavior_Tree_Events.csv (19 lines)
[19:53:05] collected AI_Behavior_Trees.csv (15309 lines)
[19:53:05] collected AI_CityStrategy.csv (38 lines)
[19:53:05] collected AI_CombatPlanning.csv (4328 lines)
[19:53:05] collected AI_Commander_Promotions.csv (24 lines)
[19:53:06] collected AI_DiplomaticActions.csv (790 lines)
[19:53:06] collected AI_Leader.csv (5 lines)
[19:53:06] collected AI_Market.csv (384 lines)
[19:53:06] collected AI_MayhemTracker.csv (392 lines)
[19:53:06] collected AI_MovementPlanning.csv (8155 lines)
[19:53:06] collected AI_Operation.csv (6769 lines)
[19:53:06] collected AI_Operation_Eval.csv (599 lines)
[19:53:06] collected AI_Recruiting.csv (28613 lines)
[19:53:06] collected AI_Tactical.csv (2171 lines)
[19:53:06] collected AI_Targets.csv (38781 lines)
[19:53:06] collected AI_UnitEfficiency.csv (115 lines)
[19:53:06] collected AI_Victories.csv (13 lines)
[19:53:14] restored: registry 2283=0  harness present: no debugPatched: 0
[19:53:15] autosaves changed during the run; putting the player's back
[19:53:15] FINISHED result=done  log: /Users/USER/Repos/civilization_mods/civilization_vii_mods/tower_mods/cultural_diffusion/devtools/harness/trade-merch3-UI.log
RUN_EXIT=0
