[2026-10-05 19:41:28]	[CDH] shell attached 
[2026-10-05 19:41:29]	[CDH] shell query complete 
[2026-10-05 19:41:30]	[CDH] shell found AugustusAnt136.Civ7Save turn 136 age AGE_ANTIQUITY missingMods=0 unowned=0 
[2026-10-05 19:41:30]	[CDH] shell handleLoadSave returned true 
[2026-10-05 19:41:47]	[CDH] attached trade-stress 
[2026-10-05 19:41:52]	[CDH] LOAD GameStarted 
[2026-10-05 19:42:02]	[CDH] STRESS start turn=136 age=AGE_ANTIQUITY majors=[0,1,2,3,4,5,6,7,8,9] 
[2026-10-05 19:42:02]	[CDH] ROUTE shape p0: targetCityId:object nearestCityId:object pathPlots:object domain:number status:object id:undefined fromCityId:undefined toCityId:undefined owner:undefined keys=["status","domain","targetCityId","nearestCityId","importPayloads","exportYields","pathPlots"] 
[2026-10-05 19:42:02]	[CDH] ROUTES T0 p0: count=1 current=1 
[2026-10-05 19:42:02]	[CDH] ROUTE p0#0 4->0 dom=0 len=26 owners=[0,0,-1,0,0,0,-1,-1,-1,-1,-1,-1,-1,-1,-1,-1,-1,-1,-1,-1,-1,-1,4,4,4,4] 
[2026-10-05 19:42:02]	[CDH] ROUTE shape p1: targetCityId:object nearestCityId:object pathPlots:object domain:number status:object id:undefined fromCityId:undefined toCityId:undefined owner:undefined keys=["status","domain","targetCityId","nearestCityId","importPayloads","exportYields","pathPlots"] 
[2026-10-05 19:42:02]	[CDH] ROUTES T0 p1: count=2 current=2 
[2026-10-05 19:42:02]	[CDH] ROUTE p1#0 22->1 dom=0 len=26 owners=[1,1,1,1,1,-1,1,1,1,1,1,-1,-1,-1,-1,-1,-1,-1,-1,-1,-1,-1,-1,-1,-1,22] 
[2026-10-05 19:42:02]	[CDH] ROUTE p1#1 0->1 dom=0 len=23 owners=[1,1,1,-1,-1,-1,-1,-1,-1,-1,-1,-1,0,0,0,0,0,-1,-1,-1,-1,0,0] 
[2026-10-05 19:42:02]	[CDH] ROUTE shape p2: targetCityId:object nearestCityId:object pathPlots:object domain:number status:object id:undefined fromCityId:undefined toCityId:undefined owner:undefined keys=["status","domain","targetCityId","nearestCityId","importPayloads","exportYields","pathPlots"] 
[2026-10-05 19:42:02]	[CDH] ROUTES T0 p2: count=5 current=5 
[2026-10-05 19:42:02]	[CDH] ROUTE p2#0 27->2 dom=0 len=25 owners=[2,2,2,-1,-1,2,-1,-1,-1,-1,-1,-1,-1,-1,-1,-1,-1,-1,-1,-1,5,5,5,5,27] 
[2026-10-05 19:42:02]	[CDH] ROUTE p2#1 39->2 dom=0 len=9 owners=[2,2,-1,-1,2,-1,-1,-1,39] 
[2026-10-05 19:42:02]	[CDH] ROUTE p2#2 5->2 dom=2 len=9 owners=[2,2,2,2,-1,5,5,5,5] 
[2026-10-05 19:42:02]	[CDH] ROUTE p2#3 4->2 dom=0 len=6 owners=[2,2,4,4,4,4] 
[2026-10-05 19:42:02]	[CDH] ROUTE p2#4 22->2 dom=0 len=30 owners=[2,-1,27,27,5,5,5,5,5,5,-1,-1,-1,-1,-1,-1,-1,-1,-1,-1,-1,-1,-1,-1,-1,-1,-1,-1,-1,22] 
[2026-10-05 19:42:02]	[CDH] ROUTE shape p3: targetCityId:object nearestCityId:object pathPlots:object domain:number status:object id:undefined fromCityId:undefined toCityId:undefined owner:undefined keys=["status","domain","targetCityId","nearestCityId","importPayloads","exportYields","pathPlots"] 
[2026-10-05 19:42:02]	[CDH] ROUTES T0 p3: count=2 current=2 
[2026-10-05 19:42:02]	[CDH] ROUTE p3#0 5->3 dom=0 len=16 owners=[3,3,-1,-1,-1,-1,-1,-1,-1,37,37,-1,-1,-1,5,5] 
[2026-10-05 19:42:02]	[CDH] ROUTE p3#1 23->3 dom=2 len=9 owners=[3,3,3,3,-1,-1,1,23,23] 
[2026-10-05 19:42:02]	[CDH] ROUTE shape p4: targetCityId:object nearestCityId:object pathPlots:object domain:number status:object id:undefined fromCityId:undefined toCityId:undefined owner:undefined keys=["status","domain","targetCityId","nearestCityId","importPayloads","exportYields","pathPlots"] 
[2026-10-05 19:42:02]	[CDH] ROUTES T0 p4: count=2 current=2 
[2026-10-05 19:42:02]	[CDH] ROUTE p4#0 39->4 dom=0 len=15 owners=[4,2,4,4,2,-1,-1,-1,-1,-1,2,-1,-1,-1,39] 
[2026-10-05 19:42:02]	[CDH] ROUTE p4#1 2->4 dom=0 len=6 owners=[4,2,4,4,2,2] 
[2026-10-05 19:42:02]	[CDH] ROUTE shape p5: targetCityId:object nearestCityId:object pathPlots:object domain:number status:object id:undefined fromCityId:undefined toCityId:undefined owner:undefined keys=["status","domain","targetCityId","nearestCityId","importPayloads","exportYields","pathPlots"] 
[2026-10-05 19:42:02]	[CDH] ROUTES T0 p5: count=4 current=4 
[2026-10-05 19:42:02]	[CDH] ROUTE p5#0 22->5 dom=0 len=17 owners=[5,-1,-1,-1,-1,-1,-1,-1,-1,-1,-1,-1,-1,-1,-1,-1,22] 
[2026-10-05 19:42:02]	[CDH] ROUTE p5#1 1->5 dom=2 len=16 owners=[5,5,5,5,-1,-1,-1,-1,-1,-1,-1,-1,-1,1,1,1] 
[2026-10-05 19:42:02]	[CDH] ROUTE p5#2 2->5 dom=0 len=22 owners=[5,5,-1,-1,-1,-1,-1,-1,-1,-1,-1,-1,-1,-1,-1,-1,2,-1,-1,2,2,2] 
[2026-10-05 19:42:02]	[CDH] ROUTE p5#3 27->5 dom=0 len=3 owners=[5,5,27] 
[2026-10-05 19:42:02]	[CDH] ROUTE shape p6: targetCityId:object nearestCityId:object pathPlots:object domain:number status:object id:undefined fromCityId:undefined toCityId:undefined owner:undefined keys=["status","domain","targetCityId","nearestCityId","importPayloads","exportYields","pathPlots"] 
[2026-10-05 19:42:02]	[CDH] ROUTES T0 p6: count=1 current=1 
[2026-10-05 19:42:02]	[CDH] ROUTE p6#0 9->6 dom=0 len=26 owners=[6,6,6,-1,-1,-1,-1,-1,-1,-1,-1,-1,-1,-1,-1,-1,-1,-1,-1,-1,-1,-1,-1,-1,-1,9] 
[2026-10-05 19:42:02]	[CDH] ROUTE shape p7: targetCityId:object nearestCityId:object pathPlots:object domain:number status:object id:undefined fromCityId:undefined toCityId:undefined owner:undefined keys=["status","domain","targetCityId","nearestCityId","importPayloads","exportYields","pathPlots"] 
[2026-10-05 19:42:02]	[CDH] ROUTES T0 p7: count=3 current=3 
[2026-10-05 19:42:02]	[CDH] ROUTE p7#0 28->7 dom=0 len=6 owners=[7,7,7,-1,-1,28] 
[2026-10-05 19:42:02]	[CDH] ROUTE p7#1 8->7 dom=0 len=13 owners=[7,7,7,-1,-1,28,28,28,-1,-1,-1,8,8] 
[2026-10-05 19:42:02]	[CDH] ROUTE p7#2 6->7 dom=0 len=10 owners=[7,7,7,-1,-1,-1,-1,6,6,6] 
[2026-10-05 19:42:02]	[CDH] ROUTE shape p8: targetCityId:object nearestCityId:object pathPlots:object domain:number status:object id:undefined fromCityId:undefined toCityId:undefined owner:undefined keys=["status","domain","targetCityId","nearestCityId","importPayloads","exportYields","pathPlots"] 
[2026-10-05 19:42:02]	[CDH] ROUTES T0 p8: count=4 current=4 
[2026-10-05 19:42:02]	[CDH] ROUTE p8#0 36->8 dom=2 len=9 owners=[8,8,8,8,8,-1,-1,36,36] 
[2026-10-05 19:42:02]	[CDH] ROUTE p8#1 31->8 dom=2 len=11 owners=[8,8,8,9,9,9,9,9,9,31,31] 
[2026-10-05 19:42:02]	[CDH] ROUTE p8#2 9->8 dom=2 len=6 owners=[8,8,8,9,9,9] 
[2026-10-05 19:42:02]	[CDH] ROUTE p8#3 28->8 dom=0 len=6 owners=[8,8,-1,-1,-1,28] 
[2026-10-05 19:42:02]	[CDH] ROUTE shape p9: targetCityId:object nearestCityId:object pathPlots:object domain:number status:object id:undefined fromCityId:undefined toCityId:undefined owner:undefined keys=["status","domain","targetCityId","nearestCityId","importPayloads","exportYields","pathPlots"] 
[2026-10-05 19:42:02]	[CDH] ROUTES T0 p9: count=3 current=3 
[2026-10-05 19:42:02]	[CDH] ROUTE p9#0 31->9 dom=0 len=3 owners=[9,9,31] 
[2026-10-05 19:42:02]	[CDH] ROUTE p9#1 35->9 dom=2 len=7 owners=[9,9,9,-1,-1,35,35] 
[2026-10-05 19:42:02]	[CDH] ROUTE p9#2 8->9 dom=2 len=8 owners=[9,9,-1,-1,8,8,8,8] 
[2026-10-05 19:42:02]	[CDH] ROUTES T0 total=27 pathPlots=287 
[2026-10-05 19:42:03]	[CDH] PROJECT T0-baseline: routes=139 success=23 successWithEmptyPath=0 threw=0 
[2026-10-05 19:42:03]	[CDH] WAVE T0: sent 60 flips (total 60) 
[2026-10-05 19:42:09]	[CDH] PROJECT T0-after: routes=139 success=23 successWithEmptyPath=0 threw=0 
[2026-10-05 19:42:09]	[CDH] ROUTES T0-after p0: count=1 current=1 
[2026-10-05 19:42:09]	[CDH] ROUTES T0-after p1: count=2 current=2 
[2026-10-05 19:42:09]	[CDH] ROUTES T0-after p2: count=5 current=5 
[2026-10-05 19:42:09]	[CDH] ROUTES T0-after p3: count=2 current=2 
[2026-10-05 19:42:09]	[CDH] ROUTES T0-after p4: count=2 current=2 
[2026-10-05 19:42:09]	[CDH] ROUTES T0-after p5: count=4 current=4 
[2026-10-05 19:42:09]	[CDH] ROUTES T0-after p6: count=1 current=1 
[2026-10-05 19:42:09]	[CDH] ROUTES T0-after p7: count=3 current=3 
[2026-10-05 19:42:09]	[CDH] ROUTES T0-after p8: count=4 current=4 
[2026-10-05 19:42:09]	[CDH] ROUTES T0-after p9: count=3 current=3 
[2026-10-05 19:42:09]	[CDH] ROUTES T0-after total=27 pathPlots=287 
[2026-10-05 19:42:19]	[CDH] TURN k=1 turn=137 
[2026-10-05 19:42:19]	[CDH] ROUTES T1 p0: count=1 current=1 
[2026-10-05 19:42:19]	[CDH] ROUTES T1 p1: count=2 current=2 
[2026-10-05 19:42:19]	[CDH] ROUTES T1 p2: count=5 current=5 
[2026-10-05 19:42:19]	[CDH] ROUTES T1 p3: count=2 current=2 
[2026-10-05 19:42:19]	[CDH] ROUTES T1 p4: count=2 current=2 
[2026-10-05 19:42:19]	[CDH] ROUTES T1 p5: count=4 current=4 
[2026-10-05 19:42:19]	[CDH] ROUTES T1 p6: count=1 current=1 
[2026-10-05 19:42:19]	[CDH] ROUTES T1 p7: count=3 current=3 
[2026-10-05 19:42:19]	[CDH] ROUTES T1 p8: count=5 current=5 
[2026-10-05 19:42:19]	[CDH] ROUTES T1 p9: count=3 current=3 
[2026-10-05 19:42:19]	[CDH] ROUTES T1 total=28 pathPlots=287 
[2026-10-05 19:42:19]	[CDH] PROJECT T1-before: routes=139 success=20 successWithEmptyPath=0 threw=0 
[2026-10-05 19:42:19]	[CDH] WAVE T1: sent 20 flips (total 80) 
[2026-10-05 19:42:25]	[CDH] PROJECT T1-after: routes=137 success=20 successWithEmptyPath=0 threw=0 
[2026-10-05 19:42:28]	[CDH] TURN k=2 turn=138 
[2026-10-05 19:42:28]	[CDH] ROUTES T2 p0: count=1 current=1 
[2026-10-05 19:42:28]	[CDH] ROUTES T2 p1: count=2 current=2 
[2026-10-05 19:42:28]	[CDH] ROUTES T2 p2: count=5 current=5 
[2026-10-05 19:42:28]	[CDH] ROUTES T2 p3: count=2 current=2 
[2026-10-05 19:42:28]	[CDH] ROUTES T2 p4: count=2 current=2 
[2026-10-05 19:42:28]	[CDH] ROUTES T2 p5: count=4 current=4 
[2026-10-05 19:42:28]	[CDH] ROUTES T2 p6: count=1 current=1 
[2026-10-05 19:42:28]	[CDH] ROUTES T2 p7: count=3 current=3 
[2026-10-05 19:42:28]	[CDH] ROUTES T2 p8: count=5 current=5 
[2026-10-05 19:42:28]	[CDH] ROUTES T2 p9: count=3 current=3 
[2026-10-05 19:42:28]	[CDH] ROUTES T2 total=28 pathPlots=287 
[2026-10-05 19:42:28]	[CDH] PROJECT T2-before: routes=137 success=20 successWithEmptyPath=0 threw=0 
[2026-10-05 19:42:28]	[CDH] WAVE T2: sent 20 flips (total 100) 
[2026-10-05 19:42:34]	[CDH] PROJECT T2-after: routes=137 success=19 successWithEmptyPath=0 threw=0 
[2026-10-05 19:42:53]	[CDH] TURN k=4 turn=140 
[2026-10-05 19:42:53]	[CDH] ROUTES T4 p0: count=1 current=1 
[2026-10-05 19:42:53]	[CDH] ROUTES T4 p1: count=2 current=2 
[2026-10-05 19:42:53]	[CDH] ROUTES T4 p2: count=5 current=5 
[2026-10-05 19:42:53]	[CDH] ROUTES T4 p3: count=2 current=2 
[2026-10-05 19:42:53]	[CDH] ROUTES T4 p4: count=2 current=2 
[2026-10-05 19:42:53]	[CDH] ROUTES T4 p5: count=4 current=4 
[2026-10-05 19:42:53]	[CDH] ROUTES T4 p6: count=1 current=1 
[2026-10-05 19:42:53]	[CDH] ROUTES T4 p7: count=3 current=3 
[2026-10-05 19:42:53]	[CDH] ROUTES T4 p8: count=5 current=5 
[2026-10-05 19:42:53]	[CDH] ROUTES T4 p9: count=3 current=3 
[2026-10-05 19:42:53]	[CDH] ROUTES T4 total=28 pathPlots=287 
[2026-10-05 19:42:53]	[CDH] PROJECT T4-before: routes=138 success=20 successWithEmptyPath=0 threw=0 
[2026-10-05 19:42:53]	[CDH] WAVE T4: sent 20 flips (total 120) 
[2026-10-05 19:43:00]	[CDH] PROJECT T4-after: routes=140 success=21 successWithEmptyPath=0 threw=0 
[2026-10-05 19:43:04]	[CDH] TURN k=5 turn=141 
[2026-10-05 19:43:04]	[CDH] ROUTES T5 p0: count=1 current=1 
[2026-10-05 19:43:04]	[CDH] ROUTES T5 p1: count=2 current=2 
[2026-10-05 19:43:04]	[CDH] ROUTES T5 p2: count=5 current=5 
[2026-10-05 19:43:04]	[CDH] ROUTES T5 p3: count=2 current=2 
[2026-10-05 19:43:04]	[CDH] ROUTES T5 p4: count=2 current=2 
[2026-10-05 19:43:04]	[CDH] ROUTES T5 p5: count=4 current=4 
[2026-10-05 19:43:04]	[CDH] ROUTES T5 p6: count=1 current=1 
[2026-10-05 19:43:04]	[CDH] ROUTES T5 p7: count=3 current=3 
[2026-10-05 19:43:04]	[CDH] ROUTES T5 p8: count=5 current=5 
[2026-10-05 19:43:04]	[CDH] ROUTES T5 p9: count=3 current=3 
[2026-10-05 19:43:04]	[CDH] ROUTES T5 total=28 pathPlots=287 
[2026-10-05 19:43:04]	[CDH] PROJECT T5-before: routes=140 success=21 successWithEmptyPath=0 threw=0 
[2026-10-05 19:43:04]	[CDH] WAVE T5: sent 20 flips (total 140) 
[2026-10-05 19:43:10]	[CDH] PROJECT T5-after: routes=142 success=22 successWithEmptyPath=0 threw=0 
[2026-10-05 19:43:14]	[CDH] TURN k=6 turn=142 
[2026-10-05 19:43:14]	[CDH] ROUTES T6 p0: count=1 current=1 
[2026-10-05 19:43:14]	[CDH] ROUTES T6 p1: count=2 current=2 
[2026-10-05 19:43:14]	[CDH] ROUTES T6 p2: count=5 current=5 
[2026-10-05 19:43:14]	[CDH] ROUTES T6 p3: count=2 current=2 
[2026-10-05 19:43:14]	[CDH] ROUTES T6 p4: count=2 current=2 
[2026-10-05 19:43:14]	[CDH] ROUTES T6 p5: count=4 current=4 
[2026-10-05 19:43:14]	[CDH] ROUTES T6 p6: count=1 current=1 
[2026-10-05 19:43:14]	[CDH] ROUTES T6 p7: count=3 current=3 
[2026-10-05 19:43:14]	[CDH] ROUTES T6 p8: count=5 current=5 
[2026-10-05 19:43:14]	[CDH] ROUTES T6 p9: count=3 current=3 
[2026-10-05 19:43:14]	[CDH] ROUTES T6 total=28 pathPlots=287 
[2026-10-05 19:43:14]	[CDH] PROJECT T6-before: routes=142 success=22 successWithEmptyPath=0 threw=0 
[2026-10-05 19:43:14]	[CDH] WAVE T6: sent 20 flips (total 160) 
[2026-10-05 19:43:20]	[CDH] PROJECT T6-after: routes=145 success=22 successWithEmptyPath=0 threw=0 
[2026-10-05 19:43:27]	[CDH] TURN k=7 turn=143 
[2026-10-05 19:43:27]	[CDH] ROUTES T7 p0: count=1 current=1 
[2026-10-05 19:43:27]	[CDH] ROUTES T7 p1: count=2 current=2 
[2026-10-05 19:43:27]	[CDH] ROUTES T7 p2: count=5 current=5 
[2026-10-05 19:43:27]	[CDH] ROUTES T7 p3: count=2 current=2 
[2026-10-05 19:43:27]	[CDH] ROUTES T7 p4: count=2 current=2 
[2026-10-05 19:43:27]	[CDH] ROUTES T7 p5: count=4 current=4 
[2026-10-05 19:43:27]	[CDH] ROUTES T7 p6: count=1 current=1 
[2026-10-05 19:43:27]	[CDH] ROUTES T7 p7: count=3 current=3 
[2026-10-05 19:43:27]	[CDH] ROUTES T7 p8: count=5 current=5 
[2026-10-05 19:43:27]	[CDH] ROUTES T7 p9: count=3 current=3 
[2026-10-05 19:43:27]	[CDH] ROUTES T7 total=28 pathPlots=287 
[2026-10-05 19:43:27]	[CDH] PROJECT T7-before: routes=145 success=22 successWithEmptyPath=0 threw=0 
[2026-10-05 19:43:27]	[CDH] WAVE T7: sent 20 flips (total 180) 
[2026-10-05 19:43:33]	[CDH] PROJECT T7-after: routes=146 success=22 successWithEmptyPath=0 threw=0 
[2026-10-05 19:43:42]	[CDH] TURN k=8 turn=144 
[2026-10-05 19:43:42]	[CDH] ROUTES T8 p0: count=1 current=1 
[2026-10-05 19:43:42]	[CDH] ROUTES T8 p1: count=2 current=2 
[2026-10-05 19:43:42]	[CDH] ROUTES T8 p2: count=5 current=5 
[2026-10-05 19:43:42]	[CDH] ROUTES T8 p3: count=2 current=2 
[2026-10-05 19:43:42]	[CDH] ROUTES T8 p4: count=2 current=2 
[2026-10-05 19:43:42]	[CDH] ROUTES T8 p5: count=4 current=4 
[2026-10-05 19:43:42]	[CDH] ROUTES T8 p6: count=1 current=1 
[2026-10-05 19:43:42]	[CDH] ROUTES T8 p7: count=3 current=3 
[2026-10-05 19:43:42]	[CDH] ROUTES T8 p8: count=5 current=5 
[2026-10-05 19:43:42]	[CDH] ROUTES T8 p9: count=3 current=3 
[2026-10-05 19:43:42]	[CDH] ROUTES T8 total=28 pathPlots=287 
[2026-10-05 19:43:42]	[CDH] PROJECT T8-before: routes=147 success=22 successWithEmptyPath=0 threw=0 
[2026-10-05 19:43:42]	[CDH] DONE harness trade-stress finished, survived 8 turns, 180 flips 
