[00:08:14] autosaves backed up: 10
[00:08:14] registry before: 2303=0  (restoring Disabled=0 afterward)
[00:08:14] deployed mod: debug=1 affectsSaves0=1
[00:08:14] NO_MOD=1: Cultural Diffusion left DISABLED for this run (control)
[00:08:14] harness installed: cdh-game-transition-bare.js on AugustusAnt136.Civ7Save
[00:08:14] previous UI.log kept at /Users/USER/Library/Application Support/Civilization VII/cd-harness-backup/UI-before-trans-bare1-20261006-000814.log (10200 lines)
[00:08:16] game pid 44874
[00:21:00] result=done after 696s
[00:21:00] collected AI_Behavior_Tree_Events.csv (157 lines)
[00:21:00] collected AI_Behavior_Trees.csv (90657 lines)
[00:21:00] collected AI_CityStrategy.csv (270 lines)
[00:21:00] collected AI_CombatPlanning.csv (19175 lines)
[00:21:00] collected AI_Commander_Promotions.csv (159 lines)
[00:21:00] collected AI_Dedications.csv (68 lines)
[00:21:00] collected AI_DiplomaticActions.csv (4721 lines)
[00:21:00] collected AI_Leader.csv (13 lines)
[00:21:00] collected AI_Market.csv (2254 lines)
[00:21:00] collected AI_MayhemTracker.csv (1795 lines)
[00:21:00] collected AI_MovementPlanning.csv (47877 lines)
[00:21:01] collected AI_Operation.csv (38232 lines)
[00:21:01] collected AI_Operation_Eval.csv (2410 lines)
[00:21:01] collected AI_Recruiting.csv (208799 lines)
[00:21:01] collected AI_Tactical.csv (13459 lines)
[00:21:01] collected AI_Targets.csv (224705 lines)
[00:21:01] collected AI_UnitEfficiency.csv (256 lines)
[00:21:01] collected AI_Victories.csv (71 lines)
[00:21:09] restored: registry 2305=0  harness present: no debugPatched: 0
[00:21:09] autosaves changed during the run; putting the player's back
[00:21:09] FINISHED result=done  log: /Users/USER/Repos/civilization_mods/civilization_vii_mods/tower_mods/cultural_diffusion/devtools/harness/trans-bare1-UI.log
RUN_EXIT=0
