[23:59:10] autosaves backed up: 10
[23:59:10] registry before: 2301=0  (restoring Disabled=0 afterward)
[23:59:10] deployed mod: debug=1 affectsSaves0=1
[23:59:10] NO_MOD=1: Cultural Diffusion left DISABLED for this run (control)
[23:59:10] harness installed: cdh-game-transition.js on AugustusAnt136.Civ7Save
[23:59:10] previous UI.log kept at /Users/USER/Library/Application Support/Civilization VII/cd-harness-backup/UI-before-trans-district1-20261005-235910.log (10635 lines)
[23:59:12] game pid 37672
[00:06:34] result=crashed after 408s
[00:06:34] collected AI_Behavior_Tree_Events.csv (50 lines)
[00:06:34] collected AI_Behavior_Trees.csv (41581 lines)
[00:06:34] collected AI_CityStrategy.csv (103 lines)
[00:06:34] collected AI_CombatPlanning.csv (15241 lines)
[00:06:34] collected AI_Commander_Promotions.csv (141 lines)
[00:06:34] collected AI_Dedications.csv (6 lines)
[00:06:34] collected AI_DiplomaticActions.csv (2133 lines)
[00:06:34] collected AI_Leader.csv (11 lines)
[00:06:34] collected AI_Market.csv (684 lines)
[00:06:34] collected AI_MayhemTracker.csv (1209 lines)
[00:06:34] collected AI_MovementPlanning.csv (23699 lines)
[00:06:34] collected AI_Operation.csv (17936 lines)
[00:06:34] collected AI_Operation_Eval.csv (1680 lines)
[00:06:34] collected AI_Recruiting.csv (75338 lines)
[00:06:34] collected AI_Tactical.csv (6416 lines)
[00:06:34] collected AI_Targets.csv (116861 lines)
[00:06:34] collected AI_UnitEfficiency.csv (256 lines)
[00:06:34] collected AI_Victories.csv (31 lines)
[00:06:34] waiting 60s for the crash report to land
[00:07:34] crash report: CivilizationVII-2026-10-06-000656.ips
[00:07:42] restored: registry 2303=0  harness present: no debugPatched: 0
[00:07:42] autosaves changed during the run; putting the player's back
[00:07:42] FINISHED result=crashed  log: /Users/USER/Repos/civilization_mods/civilization_vii_mods/tower_mods/cultural_diffusion/devtools/harness/trans-district1-UI.log
RUN_EXIT=0
