[2026-10-06 00:08:18]	[CDH] shell attached 
[2026-10-06 00:08:19]	[CDH] shell query complete 
[2026-10-06 00:08:20]	[CDH] shell found AugustusAnt136.Civ7Save turn 136 age AGE_ANTIQUITY missingMods=0 unowned=0 
[2026-10-06 00:08:20]	[CDH] shell handleLoadSave returned true 
[2026-10-06 00:08:38]	[CDH] attached transition-bare 
[2026-10-06 00:08:43]	[CDH] LOAD GameStarted 
[2026-10-06 00:08:53]	[CDH] VALUABLE start turn=136 age=AGE_ANTIQUITY majors=[0,1,2,3,4,5,6,7,8,9] 
[2026-10-06 00:08:53]	[CDH] DISTRICT READ check: 92,32 probe=DISTRICT_CITY_CENTER mod=null(getDistrictType undefined) | 64,14 probe=DISTRICT_CITY_CENTER mod=null(getDistrictType undefined) | 70,54 probe=DISTRICT_CITY_CENTER mod=null(getDistrictType undefined) 
[2026-10-06 00:08:53]	[CDH] FLIP T0 bare 80,14 1->3 dist=none cons=[] 
[2026-10-06 00:08:53]	[CDH] FLIP T0 bare 79,15 3->1 dist=none cons=[] 
[2026-10-06 00:08:53]	[CDH] FLIP T0 bare 83,20 3->0 dist=none cons=[] 
[2026-10-06 00:08:53]	[CDH] FLIP T0 bare 84,20 0->3 dist=none cons=[] 
[2026-10-06 00:08:53]	[CDH] FLIP T0 bare 84,22 0->3 dist=none cons=[] 
[2026-10-06 00:08:53]	[CDH] FLIP T0 bare 84,23 0->3 dist=none cons=[] 
[2026-10-06 00:08:53]	[CDH] FLIP T0 bare 82,32 3->0 dist=none cons=[] 
[2026-10-06 00:08:53]	[CDH] FLIP T0 bare 83,32 3->0 dist=none cons=[] 
[2026-10-06 00:08:53]	[CDH] FLIP T0 bare 84,32 0->3 dist=none cons=[] 
[2026-10-06 00:08:53]	[CDH] FLIP T0 bare 82,33 0->3 dist=none cons=[] 
[2026-10-06 00:08:53]	[CDH] FLIP T0 bare 83,33 0->3 dist=none cons=[] 
[2026-10-06 00:08:53]	[CDH] FLIP T0 bare 66,47 5->2 dist=none cons=[] 
[2026-10-06 00:08:59]	[CDH] LANDED T0: 12/12 mode=bare 
[2026-10-06 00:09:07]	[CDH] TURN k=1 turn=137 
[2026-10-06 00:09:07]	[CDH] AGE T1 AGE_ANTIQUITY 
[2026-10-06 00:09:19]	[CDH] TURN k=2 turn=138 
[2026-10-06 00:09:19]	[CDH] AGE T2 AGE_ANTIQUITY 
[2026-10-06 00:09:31]	[CDH] TURN k=3 turn=139 
[2026-10-06 00:09:31]	[CDH] AGE T3 AGE_ANTIQUITY 
[2026-10-06 00:09:44]	[CDH] TURN k=4 turn=140 
[2026-10-06 00:09:44]	[CDH] AGE T4 AGE_ANTIQUITY 
[2026-10-06 00:09:54]	[CDH] TURN k=5 turn=141 
[2026-10-06 00:09:54]	[CDH] AGE T5 AGE_ANTIQUITY 
[2026-10-06 00:10:04]	[CDH] TURN k=6 turn=142 
[2026-10-06 00:10:04]	[CDH] AGE T6 AGE_ANTIQUITY 
[2026-10-06 00:10:14]	[CDH] TURN k=7 turn=143 
[2026-10-06 00:10:14]	[CDH] AGE T7 AGE_ANTIQUITY 
[2026-10-06 00:10:23]	[CDH] TURN k=8 turn=144 
[2026-10-06 00:10:23]	[CDH] AGE T8 AGE_ANTIQUITY 
[2026-10-06 00:10:39]	[CDH] TURN k=9 turn=145 
[2026-10-06 00:10:39]	[CDH] AGE T9 AGE_ANTIQUITY 
[2026-10-06 00:10:51]	[CDH] TURN k=10 turn=146 
[2026-10-06 00:10:51]	[CDH] AGE T10 AGE_ANTIQUITY 
[2026-10-06 00:11:06]	[CDH] TURN k=11 turn=147 
[2026-10-06 00:11:06]	[CDH] AGE T11 AGE_ANTIQUITY 
[2026-10-06 00:12:10]	[CDH] ENDTURN stuck on turn 147 blocker=NEW_POPULATION: one Autoplay turn 
[2026-10-06 00:12:22]	[CDH] TURN k=12 turn=148 
[2026-10-06 00:12:22]	[CDH] AGE T12 AGE_ANTIQUITY 
[2026-10-06 00:12:44]	[CDH] TURN k=13 turn=149 
[2026-10-06 00:12:44]	[CDH] AGE T13 AGE_ANTIQUITY 
[2026-10-06 00:12:55]	[CDH] TURN k=14 turn=150 
[2026-10-06 00:12:55]	[CDH] AGE T14 AGE_ANTIQUITY 
[2026-10-06 00:13:14]	[CDH] TURN k=15 turn=151 
[2026-10-06 00:13:14]	[CDH] AGE T15 AGE_ANTIQUITY 
[2026-10-06 00:13:35]	[CDH] TURN k=16 turn=153 
[2026-10-06 00:13:35]	[CDH] AGE T16 AGE_ANTIQUITY 
[2026-10-06 00:13:45]	[CDH] TURN k=17 turn=154 
[2026-10-06 00:13:45]	[CDH] AGE T17 AGE_ANTIQUITY 
[2026-10-06 00:13:55]	[CDH] TURN k=18 turn=155 
[2026-10-06 00:13:55]	[CDH] AGE T18 AGE_ANTIQUITY 
[2026-10-06 00:14:09]	[CDH] TURN k=19 turn=156 
[2026-10-06 00:14:09]	[CDH] AGE T19 AGE_ANTIQUITY 
[2026-10-06 00:14:25]	[CDH] TURN k=20 turn=157 
[2026-10-06 00:14:25]	[CDH] AGE T20 AGE_ANTIQUITY 
[2026-10-06 00:14:45]	[CDH] TURN k=21 turn=159 
[2026-10-06 00:14:45]	[CDH] AGE T21 AGE_ANTIQUITY 
[2026-10-06 00:14:56]	[CDH] TURN k=22 turn=160 
[2026-10-06 00:14:56]	[CDH] AGE T22 AGE_ANTIQUITY 
[2026-10-06 00:15:22]	[CDH] attached transition-bare 
[2026-10-06 00:15:27]	[CDH] LOAD GameStarted 
[2026-10-06 00:15:37]	[CDH] VALUABLE start turn=1 age=AGE_EXPLORATION majors=[0,1,2,3,4,5,6,7,8,9] 
[2026-10-06 00:15:37]	[CDH] DISTRICT READ check: 92,32 probe=DISTRICT_CITY_CENTER mod=null(getDistrictType undefined) | 64,14 probe=DISTRICT_CITY_CENTER mod=null(getDistrictType undefined) | 70,54 probe=DISTRICT_CITY_CENTER mod=null(getDistrictType undefined) 
[2026-10-06 00:15:37]	[CDH] FLIP T0 bare 80,13 1->3 dist=none cons=[] 
[2026-10-06 00:15:37]	[CDH] FLIP T0 bare 80,14 3->1 dist=none cons=[] 
[2026-10-06 00:15:37]	[CDH] FLIP T0 bare 79,15 1->3 dist=none cons=[] 
[2026-10-06 00:15:37]	[CDH] FLIP T0 bare 80,16 3->1 dist=none cons=[] 
[2026-10-06 00:15:37]	[CDH] FLIP T0 bare 82,19 3->0 dist=none cons=[] 
[2026-10-06 00:15:37]	[CDH] FLIP T0 bare 83,20 0->3 dist=none cons=[] 
[2026-10-06 00:15:37]	[CDH] FLIP T0 bare 84,20 3->0 dist=none cons=[] 
[2026-10-06 00:15:37]	[CDH] FLIP T0 bare 84,23 3->0 dist=none cons=[] 
[2026-10-06 00:15:37]	[CDH] FLIP T0 bare 85,23 0->3 dist=none cons=[] 
[2026-10-06 00:15:37]	[CDH] FLIP T0 bare 20,25 7->8 dist=none cons=[] 
[2026-10-06 00:15:37]	[CDH] FLIP T0 bare 21,25 7->8 dist=none cons=[] 
[2026-10-06 00:15:37]	[CDH] FLIP T0 bare 23,25 7->8 dist=none cons=[] 
[2026-10-06 00:15:43]	[CDH] LANDED T0: 12/12 mode=bare 
[2026-10-06 00:15:51]	[CDH] TURN k=1 turn=2 
[2026-10-06 00:15:51]	[CDH] AGE T1 AGE_EXPLORATION 
[2026-10-06 00:15:59]	[CDH] TURN k=2 turn=3 
[2026-10-06 00:15:59]	[CDH] AGE T2 AGE_EXPLORATION 
[2026-10-06 00:16:16]	[CDH] TURN k=3 turn=5 
[2026-10-06 00:16:16]	[CDH] AGE T3 AGE_EXPLORATION 
[2026-10-06 00:16:32]	[CDH] TURN k=4 turn=7 
[2026-10-06 00:16:32]	[CDH] AGE T4 AGE_EXPLORATION 
[2026-10-06 00:16:40]	[CDH] TURN k=5 turn=8 
[2026-10-06 00:16:40]	[CDH] AGE T5 AGE_EXPLORATION 
[2026-10-06 00:16:50]	[CDH] TURN k=6 turn=9 
[2026-10-06 00:16:50]	[CDH] AGE T6 AGE_EXPLORATION 
[2026-10-06 00:17:00]	[CDH] TURN k=7 turn=10 
[2026-10-06 00:17:00]	[CDH] AGE T7 AGE_EXPLORATION 
[2026-10-06 00:17:10]	[CDH] TURN k=8 turn=11 
[2026-10-06 00:17:10]	[CDH] AGE T8 AGE_EXPLORATION 
[2026-10-06 00:17:20]	[CDH] TURN k=9 turn=12 
[2026-10-06 00:17:20]	[CDH] AGE T9 AGE_EXPLORATION 
[2026-10-06 00:17:30]	[CDH] TURN k=10 turn=13 
[2026-10-06 00:17:30]	[CDH] AGE T10 AGE_EXPLORATION 
[2026-10-06 00:17:40]	[CDH] TURN k=11 turn=14 
[2026-10-06 00:17:40]	[CDH] AGE T11 AGE_EXPLORATION 
[2026-10-06 00:17:50]	[CDH] TURN k=12 turn=15 
[2026-10-06 00:17:50]	[CDH] AGE T12 AGE_EXPLORATION 
[2026-10-06 00:18:00]	[CDH] TURN k=13 turn=16 
[2026-10-06 00:18:00]	[CDH] AGE T13 AGE_EXPLORATION 
[2026-10-06 00:18:10]	[CDH] TURN k=14 turn=17 
[2026-10-06 00:18:10]	[CDH] AGE T14 AGE_EXPLORATION 
[2026-10-06 00:18:22]	[CDH] TURN k=15 turn=18 
[2026-10-06 00:18:22]	[CDH] AGE T15 AGE_EXPLORATION 
[2026-10-06 00:18:30]	[CDH] TURN k=16 turn=19 
[2026-10-06 00:18:30]	[CDH] AGE T16 AGE_EXPLORATION 
[2026-10-06 00:18:41]	[CDH] TURN k=17 turn=20 
[2026-10-06 00:18:41]	[CDH] AGE T17 AGE_EXPLORATION 
[2026-10-06 00:18:51]	[CDH] TURN k=18 turn=21 
[2026-10-06 00:18:51]	[CDH] AGE T18 AGE_EXPLORATION 
[2026-10-06 00:19:01]	[CDH] TURN k=19 turn=22 
[2026-10-06 00:19:01]	[CDH] AGE T19 AGE_EXPLORATION 
[2026-10-06 00:19:11]	[CDH] TURN k=20 turn=23 
[2026-10-06 00:19:11]	[CDH] AGE T20 AGE_EXPLORATION 
[2026-10-06 00:19:21]	[CDH] TURN k=21 turn=24 
[2026-10-06 00:19:21]	[CDH] AGE T21 AGE_EXPLORATION 
[2026-10-06 00:19:31]	[CDH] TURN k=22 turn=25 
[2026-10-06 00:19:31]	[CDH] AGE T22 AGE_EXPLORATION 
[2026-10-06 00:19:41]	[CDH] TURN k=23 turn=26 
[2026-10-06 00:19:41]	[CDH] AGE T23 AGE_EXPLORATION 
[2026-10-06 00:19:49]	[CDH] TURN k=24 turn=27 
[2026-10-06 00:19:49]	[CDH] AGE T24 AGE_EXPLORATION 
[2026-10-06 00:20:01]	[CDH] TURN k=25 turn=28 
[2026-10-06 00:20:01]	[CDH] AGE T25 AGE_EXPLORATION 
[2026-10-06 00:20:12]	[CDH] TURN k=26 turn=29 
[2026-10-06 00:20:12]	[CDH] AGE T26 AGE_EXPLORATION 
[2026-10-06 00:20:21]	[CDH] TURN k=27 turn=30 
[2026-10-06 00:20:21]	[CDH] AGE T27 AGE_EXPLORATION 
[2026-10-06 00:20:31]	[CDH] TURN k=28 turn=31 
[2026-10-06 00:20:31]	[CDH] AGE T28 AGE_EXPLORATION 
[2026-10-06 00:20:41]	[CDH] TURN k=29 turn=32 
[2026-10-06 00:20:41]	[CDH] AGE T29 AGE_EXPLORATION 
[2026-10-06 00:20:52]	[CDH] TURN k=30 turn=33 
[2026-10-06 00:20:52]	[CDH] DONE harness transition finished, survived 30 turns, 0 flips 
