[2026-10-05 23:59:14]	[CDH] shell attached 
[2026-10-05 23:59:15]	[CDH] shell query complete 
[2026-10-05 23:59:16]	[CDH] shell found AugustusAnt136.Civ7Save turn 136 age AGE_ANTIQUITY missingMods=0 unowned=0 
[2026-10-05 23:59:16]	[CDH] shell handleLoadSave returned true 
[2026-10-05 23:59:34]	[CDH] attached transition-district 
[2026-10-05 23:59:39]	[CDH] LOAD GameStarted 
[2026-10-05 23:59:49]	[CDH] VALUABLE start turn=136 age=AGE_ANTIQUITY majors=[0,1,2,3,4,5,6,7,8,9] 
[2026-10-05 23:59:49]	[CDH] DISTRICT READ check: 92,32 probe=DISTRICT_CITY_CENTER mod=null(getDistrictType undefined) | 64,14 probe=DISTRICT_CITY_CENTER mod=null(getDistrictType undefined) | 70,54 probe=DISTRICT_CITY_CENTER mod=null(getDistrictType undefined) 
[2026-10-05 23:59:49]	[CDH] FLIP T0 district 80,15 3->1 dist=DISTRICT_RURAL cons=["IMPROVEMENT_MINE_RESOURCE"] 
[2026-10-05 23:59:49]	[CDH] FLIP T0 district 83,21 3->0 dist=DISTRICT_RURAL cons=["IMPROVEMENT_CLAY_PIT"] 
[2026-10-05 23:59:49]	[CDH] FLIP T0 district 83,31 3->0 dist=DISTRICT_RURAL cons=["IMPROVEMENT_FARM"] 
[2026-10-05 23:59:49]	[CDH] FLIP T0 district 84,31 0->3 dist=DISTRICT_RURAL cons=["IMPROVEMENT_WOODCUTTER"] 
[2026-10-05 23:59:49]	[CDH] FLIP T0 district 78,49 4->2 dist=DISTRICT_RURAL cons=["IMPROVEMENT_MINE"] 
[2026-10-05 23:59:49]	[CDH] FLIP T0 district 24,50 9->8 dist=DISTRICT_RURAL cons=["IMPROVEMENT_FARM"] 
[2026-10-05 23:59:49]	[CDH] FLIP T0 district 80,50 4->2 dist=DISTRICT_RURAL cons=["IMPROVEMENT_MINE_RESOURCE"] 
[2026-10-05 23:59:49]	[CDH] FLIP T0 district 22,51 8->9 dist=DISTRICT_RURAL cons=["IMPROVEMENT_WOODCUTTER"] 
[2026-10-05 23:59:49]	[CDH] FLIP T0 district 79,51 2->4 dist=DISTRICT_RURAL cons=["IMPROVEMENT_MINE"] 
[2026-10-05 23:59:49]	[CDH] FLIP T0 district 80,51 4->2 dist=DISTRICT_WONDER cons=["WONDER_TERRACOTTA_ARMY(W)"] 
[2026-10-05 23:59:49]	[CDH] FLIP T0 district 80,53 2->4 dist=DISTRICT_RURAL cons=["IMPROVEMENT_FARM"] 
[2026-10-05 23:59:49]	[CDH] FLIP T0 district 80,54 2->4 dist=DISTRICT_RURAL cons=["IMPROVEMENT_MINE_RESOURCE"] 
[2026-10-05 23:59:55]	[CDH] LANDED T0: 12/12 mode=district 
[2026-10-06 00:00:03]	[CDH] TURN k=1 turn=137 
[2026-10-06 00:00:03]	[CDH] AGE T1 AGE_ANTIQUITY 
[2026-10-06 00:00:14]	[CDH] TURN k=2 turn=138 
[2026-10-06 00:00:14]	[CDH] AGE T2 AGE_ANTIQUITY 
[2026-10-06 00:00:27]	[CDH] TURN k=3 turn=139 
[2026-10-06 00:00:27]	[CDH] AGE T3 AGE_ANTIQUITY 
[2026-10-06 00:00:39]	[CDH] TURN k=4 turn=140 
[2026-10-06 00:00:39]	[CDH] AGE T4 AGE_ANTIQUITY 
[2026-10-06 00:00:50]	[CDH] TURN k=5 turn=141 
[2026-10-06 00:00:50]	[CDH] AGE T5 AGE_ANTIQUITY 
[2026-10-06 00:01:00]	[CDH] TURN k=6 turn=142 
[2026-10-06 00:01:00]	[CDH] AGE T6 AGE_ANTIQUITY 
[2026-10-06 00:01:10]	[CDH] TURN k=7 turn=143 
[2026-10-06 00:01:10]	[CDH] AGE T7 AGE_ANTIQUITY 
[2026-10-06 00:01:19]	[CDH] TURN k=8 turn=144 
[2026-10-06 00:01:19]	[CDH] AGE T8 AGE_ANTIQUITY 
[2026-10-06 00:01:35]	[CDH] TURN k=9 turn=145 
[2026-10-06 00:01:35]	[CDH] AGE T9 AGE_ANTIQUITY 
[2026-10-06 00:01:45]	[CDH] TURN k=10 turn=146 
[2026-10-06 00:01:45]	[CDH] AGE T10 AGE_ANTIQUITY 
[2026-10-06 00:01:55]	[CDH] TURN k=11 turn=147 
[2026-10-06 00:01:55]	[CDH] AGE T11 AGE_ANTIQUITY 
[2026-10-06 00:02:55]	[CDH] ENDTURN stuck on turn 147 blocker=NEW_POPULATION: one Autoplay turn 
[2026-10-06 00:03:07]	[CDH] TURN k=12 turn=148 
[2026-10-06 00:03:07]	[CDH] AGE T12 AGE_ANTIQUITY 
[2026-10-06 00:03:28]	[CDH] TURN k=13 turn=149 
[2026-10-06 00:03:28]	[CDH] AGE T13 AGE_ANTIQUITY 
[2026-10-06 00:03:40]	[CDH] TURN k=14 turn=150 
[2026-10-06 00:03:40]	[CDH] AGE T14 AGE_ANTIQUITY 
[2026-10-06 00:03:55]	[CDH] TURN k=15 turn=151 
[2026-10-06 00:03:55]	[CDH] AGE T15 AGE_ANTIQUITY 
[2026-10-06 00:04:09]	[CDH] TURN k=16 turn=152 
[2026-10-06 00:04:09]	[CDH] AGE T16 AGE_ANTIQUITY 
[2026-10-06 00:04:24]	[CDH] TURN k=17 turn=153 
[2026-10-06 00:04:24]	[CDH] AGE T17 AGE_ANTIQUITY 
[2026-10-06 00:04:39]	[CDH] TURN k=18 turn=154 
[2026-10-06 00:04:39]	[CDH] AGE T18 AGE_ANTIQUITY 
[2026-10-06 00:05:00]	[CDH] TURN k=19 turn=156 
[2026-10-06 00:05:00]	[CDH] AGE T19 AGE_ANTIQUITY 
[2026-10-06 00:05:11]	[CDH] TURN k=20 turn=157 
[2026-10-06 00:05:11]	[CDH] AGE T20 AGE_ANTIQUITY 
[2026-10-06 00:05:25]	[CDH] TURN k=21 turn=158 
[2026-10-06 00:05:25]	[CDH] AGE T21 AGE_ANTIQUITY 
[2026-10-06 00:05:35]	[CDH] TURN k=22 turn=159 
[2026-10-06 00:05:35]	[CDH] AGE T22 AGE_ANTIQUITY 
[2026-10-06 00:05:45]	[CDH] TURN k=23 turn=160 
[2026-10-06 00:05:45]	[CDH] AGE T23 AGE_ANTIQUITY 
[2026-10-06 00:06:12]	[CDH] attached transition-district 
[2026-10-06 00:06:17]	[CDH] LOAD GameStarted 
[2026-10-06 00:06:27]	[CDH] VALUABLE start turn=1 age=AGE_EXPLORATION majors=[0,1,2,3,4,5,6,7,8,9] 
[2026-10-06 00:06:27]	[CDH] DISTRICT READ check: 92,32 probe=DISTRICT_CITY_CENTER mod=null(getDistrictType undefined) | 64,14 probe=DISTRICT_CITY_CENTER mod=null(getDistrictType undefined) | 70,54 probe=DISTRICT_CITY_CENTER mod=null(getDistrictType undefined) 
[2026-10-06 00:06:27]	[CDH] FLIP T0 district 81,16 3->1 dist=DISTRICT_RURAL cons=["IMPROVEMENT_FARM"] 
[2026-10-06 00:06:27]	[CDH] FLIP T0 district 83,20 3->0 dist=DISTRICT_RURAL cons=["IMPROVEMENT_WOODCUTTER"] 
[2026-10-06 00:06:27]	[CDH] FLIP T0 district 82,21 3->0 dist=DISTRICT_RURAL cons=["IMPROVEMENT_MINE_RESOURCE"] 
[2026-10-06 00:06:27]	[CDH] FLIP T0 district 83,21 0->3 dist=DISTRICT_RURAL cons=["IMPROVEMENT_WOODCUTTER","BUILDING_MARKET"] 
[2026-10-06 00:06:27]	[CDH] FLIP T0 district 15,25 7->8 dist=DISTRICT_RURAL cons=["IMPROVEMENT_WOODCUTTER"] 
[2026-10-06 00:06:27]	[CDH] FLIP T0 district 85,30 0->3 dist=DISTRICT_RURAL cons=["IMPROVEMENT_EXPEDITION_BASE"] 
[2026-10-06 00:06:27]	[CDH] FLIP T0 district 82,31 3->0 dist=DISTRICT_RURAL cons=["IMPROVEMENT_FARM"] 
[2026-10-06 00:06:27]	[CDH] FLIP T0 district 84,31 3->0 dist=DISTRICT_RURAL cons=["IMPROVEMENT_CAMP","IMPROVEMENT_FISHING_BOAT_RESOURCE"] 
[2026-10-06 00:06:27]	[CDH] FLIP T0 district 85,31 0->3 dist=DISTRICT_RURAL cons=["IMPROVEMENT_EXPEDITION_BASE"] 
[2026-10-06 00:06:27]	[CDH] FLIP T0 district 82,32 3->0 dist=DISTRICT_RURAL cons=["IMPROVEMENT_FARM"] 
[2026-10-06 00:06:27]	[CDH] FLIP T0 district 83,32 3->0 dist=DISTRICT_RURAL cons=["IMPROVEMENT_FARM"] 
[2026-10-06 00:06:27]	[CDH] FLIP T0 district 85,32 0->3 dist=DISTRICT_RURAL cons=["IMPROVEMENT_FARM"] 
[2026-10-06 00:06:33]	[CDH] LANDED T0: 12/12 mode=district 
