[23:05:22] autosaves backed up: 10
[23:05:22] registry before: 2289=0  (restoring Disabled=0 afterward)
[23:05:22] deployed mod: debug=1 affectsSaves0=1
[23:05:22] NO_MOD=1: Cultural Diffusion left DISABLED for this run (control)
[23:05:22] harness installed: cdh-game-valuable.js on AugustusAnt136.Civ7Save
[23:05:22] previous UI.log kept at /Users/USER/Library/Application Support/Civilization VII/cd-harness-backup/UI-before-valuable2-20261005-230522.log (3715 lines)
[23:05:24] game pid 89315
[23:07:44] result=done after 128s
[23:07:44] collected AI_Behavior_Tree_Events.csv (21 lines)
[23:07:44] collected AI_Behavior_Trees.csv (15522 lines)
[23:07:45] collected AI_CityStrategy.csv (29 lines)
[23:07:45] collected AI_CombatPlanning.csv (4063 lines)
[23:07:45] collected AI_Commander_Promotions.csv (27 lines)
[23:07:45] collected AI_DiplomaticActions.csv (800 lines)
[23:07:45] collected AI_Leader.csv (5 lines)
[23:07:45] collected AI_Market.csv (382 lines)
[23:07:45] collected AI_MayhemTracker.csv (391 lines)
[23:07:45] collected AI_MovementPlanning.csv (8381 lines)
[23:07:45] collected AI_Operation.csv (6867 lines)
[23:07:45] collected AI_Operation_Eval.csv (620 lines)
[23:07:45] collected AI_Recruiting.csv (29250 lines)
[23:07:45] collected AI_Tactical.csv (2180 lines)
[23:07:45] collected AI_Targets.csv (39404 lines)
[23:07:45] collected AI_UnitEfficiency.csv (115 lines)
[23:07:45] collected AI_Victories.csv (12 lines)
[23:07:54] restored: registry 2291=0  harness present: no debugPatched: 0
[23:07:54] autosaves changed during the run; putting the player's back
[23:07:54] FINISHED result=done  log: /Users/USER/Repos/civilization_mods/civilization_vii_mods/tower_mods/cultural_diffusion/devtools/harness/valuable2-UI.log
RUN_EXIT=0
