[2026-10-06 09:01:26]	[CDH] shell attached 
[2026-10-06 09:01:27]	[CDH] shell query complete 
[2026-10-06 09:01:27]	[CDH] shell found CDH-Ant159.Civ7Save turn 159 age AGE_ANTIQUITY missingMods=0 unowned=0 
[2026-10-06 09:01:27]	[CDH] shell handleLoadSave returned true 
[2026-10-06 09:01:45]	[CDH] attached transition-bare 
[2026-10-06 09:01:50]	[CDH] LOAD GameStarted 
[2026-10-06 09:02:00]	[CDH] VALUABLE start turn=159 age=AGE_ANTIQUITY majors=[0,1,2,3,4,5,6,7,8,9] 
[2026-10-06 09:02:00]	[CDH] DISTRICT READ check: 92,32 probe=DISTRICT_CITY_CENTER mod=null(getDistrictType undefined) | 64,14 probe=DISTRICT_CITY_CENTER mod=null(getDistrictType undefined) | 70,54 probe=DISTRICT_CITY_CENTER mod=null(getDistrictType undefined) 
[2026-10-06 09:02:00]	[CDH] WINDOW pre age=AGE_ANTIQUITY flipping=true 
[2026-10-06 09:02:00]	[CDH] FLIP T0 bare 80,14 1->3 dist=none cons=[] 
[2026-10-06 09:02:00]	[CDH] FLIP T0 bare 79,15 3->1 dist=none cons=[] 
[2026-10-06 09:02:00]	[CDH] FLIP T0 bare 84,18 0->3 dist=none cons=[] 
[2026-10-06 09:02:00]	[CDH] FLIP T0 bare 83,19 3->0 dist=none cons=[] 
[2026-10-06 09:02:00]	[CDH] FLIP T0 bare 84,20 0->3 dist=none cons=[] 
[2026-10-06 09:02:00]	[CDH] FLIP T0 bare 84,22 0->3 dist=none cons=[] 
[2026-10-06 09:02:00]	[CDH] FLIP T0 bare 84,23 0->3 dist=none cons=[] 
[2026-10-06 09:02:00]	[CDH] FLIP T0 bare 84,24 3->0 dist=none cons=[] 
[2026-10-06 09:02:00]	[CDH] FLIP T0 bare 15,26 7->8 dist=none cons=[] 
[2026-10-06 09:02:00]	[CDH] FLIP T0 bare 16,26 8->7 dist=none cons=[] 
[2026-10-06 09:02:00]	[CDH] FLIP T0 bare 14,27 7->8 dist=none cons=[] 
[2026-10-06 09:02:00]	[CDH] FLIP T0 bare 15,28 8->7 dist=none cons=[] 
[2026-10-06 09:02:06]	[CDH] LANDED T0: 12/12 mode=bare 
[2026-10-06 09:02:14]	[CDH] TURN k=1 turn=160 
[2026-10-06 09:02:14]	[CDH] AGE T1 AGE_ANTIQUITY 
[2026-10-06 09:02:41]	[CDH] attached transition-bare 
[2026-10-06 09:02:46]	[CDH] LOAD GameStarted 
[2026-10-06 09:02:56]	[CDH] VALUABLE start turn=1 age=AGE_EXPLORATION majors=[0,1,2,3,4,5,6,7,8,9] 
[2026-10-06 09:02:56]	[CDH] DISTRICT READ check: 92,32 probe=DISTRICT_CITY_CENTER mod=null(getDistrictType undefined) | 64,14 probe=DISTRICT_CITY_CENTER mod=null(getDistrictType undefined) | 70,54 probe=DISTRICT_CITY_CENTER mod=null(getDistrictType undefined) 
[2026-10-06 09:02:56]	[CDH] WINDOW pre age=AGE_EXPLORATION flipping=false 
[2026-10-06 09:03:04]	[CDH] TURN k=1 turn=2 
[2026-10-06 09:03:04]	[CDH] AGE T1 AGE_EXPLORATION 
[2026-10-06 09:03:13]	[CDH] TURN k=2 turn=3 
[2026-10-06 09:03:13]	[CDH] AGE T2 AGE_EXPLORATION 
[2026-10-06 09:03:23]	[CDH] TURN k=3 turn=4 
[2026-10-06 09:03:23]	[CDH] DONE harness window finished, survived 3 turns, 0 flips 
